Build APK and Create Release	Set up job	﻿2026-09-30T20:44:26.7887286Z Current runner version: '2.337.0'
Build APK and Create Release	Set up job	2026-09-30T20:44:26.7911480Z ##[group]Runner Image Provisioner
Build APK and Create Release	Set up job	2026-09-30T20:44:26.7912843Z Hosted Compute Agent
Build APK and Create Release	Set up job	2026-09-30T20:44:26.7913473Z Version: 20260901.588
Build APK and Create Release	Set up job	2026-09-30T20:44:26.7914250Z Commit: f88ec8081b781fac6c440065ac7ff9e710ce3d0b
Build APK and Create Release	Set up job	2026-09-30T20:44:26.7915008Z Build Date: 2026-09-01T19:56:44Z
Build APK and Create Release	Set up job	2026-09-30T20:44:26.7915688Z Worker ID: {ce259190-8d67-41b5-81a3-681fd7890999}
Build APK and Create Release	Set up job	2026-09-30T20:44:26.7916512Z Azure Region: westus
Build APK and Create Release	Set up job	2026-09-30T20:44:26.7917138Z ##[endgroup]
Build APK and Create Release	Set up job	2026-09-30T20:44:26.7918839Z ##[group]Operating System
Build APK and Create Release	Set up job	2026-09-30T20:44:26.7919515Z Ubuntu
Build APK and Create Release	Set up job	2026-09-30T20:44:26.7920078Z 24.04.5
Build APK and Create Release	Set up job	2026-09-30T20:44:26.7920711Z LTS
Build APK and Create Release	Set up job	2026-09-30T20:44:26.7921338Z ##[endgroup]
Build APK and Create Release	Set up job	2026-09-30T20:44:26.7921963Z ##[group]Runner Image
Build APK and Create Release	Set up job	2026-09-30T20:44:26.7922771Z Image: ubuntu-24.04
Build APK and Create Release	Set up job	2026-09-30T20:44:26.7923480Z Version: 20260927.320.1
Build APK and Create Release	Set up job	2026-09-30T20:44:26.7924601Z Included Software: https://github.com/actions/runner-images/blob/ubuntu24/20260927.320/images/ubuntu/Ubuntu2404-Readme.md
Build APK and Create Release	Set up job	2026-09-30T20:44:26.7926748Z Image Release: https://github.com/actions/runner-images/releases/tag/ubuntu24%2F20260927.320
Build APK and Create Release	Set up job	2026-09-30T20:44:26.7927793Z ##[endgroup]
Build APK and Create Release	Set up job	2026-09-30T20:44:26.7928976Z ##[group]GITHUB_TOKEN Permissions
Build APK and Create Release	Set up job	2026-09-30T20:44:26.7931025Z Contents: write
Build APK and Create Release	Set up job	2026-09-30T20:44:26.7931792Z Metadata: read
Build APK and Create Release	Set up job	2026-09-30T20:44:26.7932372Z ##[endgroup]
Build APK and Create Release	Set up job	2026-09-30T20:44:26.7934687Z Secret source: Actions
Build APK and Create Release	Set up job	2026-09-30T20:44:26.7935809Z Cache mode: write
Build APK and Create Release	Set up job	2026-09-30T20:44:26.7936548Z Prepare workflow directory
Build APK and Create Release	Set up job	2026-09-30T20:44:26.8263765Z Prepare all required actions
Build APK and Create Release	Set up job	2026-09-30T20:44:26.8315393Z Getting action download info
Build APK and Create Release	Set up job	2026-09-30T20:44:27.2410718Z Download action repository 'actions/checkout@v4' (SHA:11d5960a326750d5838078e36cf38b85af677262)
Build APK and Create Release	Set up job	2026-09-30T20:44:27.3557852Z Download action repository 'actions/setup-java@v3' (SHA:e9fbacdec3bb3b6036605a3e6f7995d66773a8c6)
Build APK and Create Release	Set up job	2026-09-30T20:44:27.8740660Z Download action repository 'actions/setup-node@v3' (SHA:3235b876344d2a9aa001b8d1453c930bba69e610)
Build APK and Create Release	Set up job	2026-09-30T20:44:28.1741577Z Download action repository 'softprops/action-gh-release@v2' (SHA:3bb12739c298aeb8a4eeaf626c5b8d85266b0e65)
Build APK and Create Release	Set up job	2026-09-30T20:44:28.6077214Z Complete job name: Build APK and Create Release
Build APK and Create Release	Checkout repository	﻿2026-09-30T20:44:28.6814343Z ##[group]Run actions/checkout@v4
Build APK and Create Release	Checkout repository	2026-09-30T20:44:28.6815023Z with:
Build APK and Create Release	Checkout repository	2026-09-30T20:44:28.6815341Z   repository: nitheeshdr/smart-parking-app
Build APK and Create Release	Checkout repository	2026-09-30T20:44:28.6818235Z   token: ***
Build APK and Create Release	Checkout repository	2026-09-30T20:44:28.6818506Z   ssh-strict: true
Build APK and Create Release	Checkout repository	2026-09-30T20:44:28.6818774Z   ssh-user: git
Build APK and Create Release	Checkout repository	2026-09-30T20:44:28.6819041Z   persist-credentials: true
Build APK and Create Release	Checkout repository	2026-09-30T20:44:28.6819337Z   clean: true
Build APK and Create Release	Checkout repository	2026-09-30T20:44:28.6819609Z   sparse-checkout-cone-mode: true
Build APK and Create Release	Checkout repository	2026-09-30T20:44:28.6819928Z   fetch-depth: 1
Build APK and Create Release	Checkout repository	2026-09-30T20:44:28.6820184Z   fetch-tags: false
Build APK and Create Release	Checkout repository	2026-09-30T20:44:28.6820446Z   show-progress: true
Build APK and Create Release	Checkout repository	2026-09-30T20:44:28.6820716Z   lfs: false
Build APK and Create Release	Checkout repository	2026-09-30T20:44:28.6820976Z   submodules: false
Build APK and Create Release	Checkout repository	2026-09-30T20:44:28.6821247Z   set-safe-directory: true
Build APK and Create Release	Checkout repository	2026-09-30T20:44:28.6821558Z   allow-unsafe-pr-checkout: false
Build APK and Create Release	Checkout repository	2026-09-30T20:44:28.6822086Z ##[endgroup]
Build APK and Create Release	Checkout repository	2026-09-30T20:44:28.7867270Z Syncing repository: nitheeshdr/smart-parking-app
Build APK and Create Release	Checkout repository	2026-09-30T20:44:28.7869359Z ##[group]Getting Git version info
Build APK and Create Release	Checkout repository	2026-09-30T20:44:28.7870236Z Working directory is '/home/runner/work/smart-parking-app/smart-parking-app'
Build APK and Create Release	Checkout repository	2026-09-30T20:44:28.7871520Z [command]/usr/bin/git version
Build APK and Create Release	Checkout repository	2026-09-30T20:44:28.7872046Z git version 2.55.0
Build APK and Create Release	Checkout repository	2026-09-30T20:44:28.7878092Z ##[endgroup]
Build APK and Create Release	Checkout repository	2026-09-30T20:44:28.7893287Z Temporarily overriding HOME='/home/runner/work/_temp/f5e598cc-d8b9-4170-b329-be8973c4cc5d' before making global git config changes
Build APK and Create Release	Checkout repository	2026-09-30T20:44:28.7894804Z Adding repository directory to the temporary git global config as a safe directory
Build APK and Create Release	Checkout repository	2026-09-30T20:44:28.7898370Z [command]/usr/bin/git config --global --add safe.directory /home/runner/work/smart-parking-app/smart-parking-app
Build APK and Create Release	Checkout repository	2026-09-30T20:44:28.7945729Z Deleting the contents of '/home/runner/work/smart-parking-app/smart-parking-app'
Build APK and Create Release	Checkout repository	2026-09-30T20:44:28.7950097Z ##[group]Initializing the repository
Build APK and Create Release	Checkout repository	2026-09-30T20:44:28.7954159Z [command]/usr/bin/git init /home/runner/work/smart-parking-app/smart-parking-app
Build APK and Create Release	Checkout repository	2026-09-30T20:44:28.8048899Z hint: Using 'master' as the name for the initial branch. This default branch name
Build APK and Create Release	Checkout repository	2026-09-30T20:44:28.8050333Z hint: will change to "main" in Git 3.0. To configure the initial branch name
Build APK and Create Release	Checkout repository	2026-09-30T20:44:28.8051584Z hint: to use in all of your new repositories, which will suppress this warning,
Build APK and Create Release	Checkout repository	2026-09-30T20:44:28.8052808Z hint: call:
Build APK and Create Release	Checkout repository	2026-09-30T20:44:28.8053665Z hint:
Build APK and Create Release	Checkout repository	2026-09-30T20:44:28.8054518Z hint: 	git config --global init.defaultBranch <name>
Build APK and Create Release	Checkout repository	2026-09-30T20:44:28.8055470Z hint:
Build APK and Create Release	Checkout repository	2026-09-30T20:44:28.8056334Z hint: Names commonly chosen instead of 'master' are 'main', 'trunk' and
Build APK and Create Release	Checkout repository	2026-09-30T20:44:28.8058860Z hint: 'development'. The just-created branch can be renamed via this command:
Build APK and Create Release	Checkout repository	2026-09-30T20:44:28.8059854Z hint:
Build APK and Create Release	Checkout repository	2026-09-30T20:44:28.8060486Z hint: 	git branch -m <name>
Build APK and Create Release	Checkout repository	2026-09-30T20:44:28.8062091Z hint:
Build APK and Create Release	Checkout repository	2026-09-30T20:44:28.8063278Z hint: Disable this message with "git config set advice.defaultBranchName false"
Build APK and Create Release	Checkout repository	2026-09-30T20:44:28.8064753Z Initialized empty Git repository in /home/runner/work/smart-parking-app/smart-parking-app/.git/
Build APK and Create Release	Checkout repository	2026-09-30T20:44:28.8067295Z [command]/usr/bin/git remote add origin https://github.com/nitheeshdr/smart-parking-app
Build APK and Create Release	Checkout repository	2026-09-30T20:44:28.8107546Z ##[endgroup]
Build APK and Create Release	Checkout repository	2026-09-30T20:44:28.8108433Z ##[group]Disabling automatic garbage collection
Build APK and Create Release	Checkout repository	2026-09-30T20:44:28.8113280Z [command]/usr/bin/git config --local gc.auto 0
Build APK and Create Release	Checkout repository	2026-09-30T20:44:28.8144914Z ##[endgroup]
Build APK and Create Release	Checkout repository	2026-09-30T20:44:28.8145818Z ##[group]Setting up auth
Build APK and Create Release	Checkout repository	2026-09-30T20:44:28.8152698Z [command]/usr/bin/git config --local --name-only --get-regexp core\.sshCommand
Build APK and Create Release	Checkout repository	2026-09-30T20:44:28.8183897Z [command]/usr/bin/git submodule foreach --recursive sh -c "git config --local --name-only --get-regexp 'core\.sshCommand' && git config --local --unset-all 'core.sshCommand' || :"
Build APK and Create Release	Checkout repository	2026-09-30T20:44:28.8565878Z [command]/usr/bin/git config --local --name-only --get-regexp http\.https\:\/\/github\.com\/\.extraheader
Build APK and Create Release	Checkout repository	2026-09-30T20:44:28.8625745Z [command]/usr/bin/git submodule foreach --recursive sh -c "git config --local --name-only --get-regexp 'http\.https\:\/\/github\.com\/\.extraheader' && git config --local --unset-all 'http.https://github.com/.extraheader' || :"
Build APK and Create Release	Checkout repository	2026-09-30T20:44:28.8974879Z [command]/usr/bin/git config --local --name-only --get-regexp ^includeIf\.gitdir:
Build APK and Create Release	Checkout repository	2026-09-30T20:44:28.9019935Z [command]/usr/bin/git submodule foreach --recursive git config --local --show-origin --name-only --get-regexp remote.origin.url
Build APK and Create Release	Checkout repository	2026-09-30T20:44:28.9282740Z [command]/usr/bin/git config --local http.https://github.com/.extraheader AUTHORIZATION: basic ***
Build APK and Create Release	Checkout repository	2026-09-30T20:44:28.9322854Z ##[endgroup]
Build APK and Create Release	Checkout repository	2026-09-30T20:44:28.9323742Z ##[group]Fetching the repository
Build APK and Create Release	Checkout repository	2026-09-30T20:44:28.9333106Z [command]/usr/bin/git -c protocol.version=2 fetch --no-tags --prune --no-recurse-submodules --depth=1 origin +d7557b81198c5e528f12ee5f2e3080facf8fdc40:refs/tags/v1.0.2
Build APK and Create Release	Checkout repository	2026-09-30T20:44:29.4082140Z From https://github.com/nitheeshdr/smart-parking-app
Build APK and Create Release	Checkout repository	2026-09-30T20:44:29.4083330Z  * [new ref]         d7557b81198c5e528f12ee5f2e3080facf8fdc40 -> v1.0.2
Build APK and Create Release	Checkout repository	2026-09-30T20:44:29.4087619Z ##[endgroup]
Build APK and Create Release	Checkout repository	2026-09-30T20:44:29.4088289Z ##[group]Determining the checkout info
Build APK and Create Release	Checkout repository	2026-09-30T20:44:29.4090361Z ##[endgroup]
Build APK and Create Release	Checkout repository	2026-09-30T20:44:29.4096319Z [command]/usr/bin/git sparse-checkout disable
Build APK and Create Release	Checkout repository	2026-09-30T20:44:29.4147835Z [command]/usr/bin/git config --local --unset-all extensions.worktreeConfig
Build APK and Create Release	Checkout repository	2026-09-30T20:44:29.4179300Z ##[group]Checking out the ref
Build APK and Create Release	Checkout repository	2026-09-30T20:44:29.4183553Z [command]/usr/bin/git checkout --progress --force refs/tags/v1.0.2
Build APK and Create Release	Checkout repository	2026-09-30T20:44:29.4340275Z Note: switching to 'refs/tags/v1.0.2'.
Build APK and Create Release	Checkout repository	2026-09-30T20:44:29.4340788Z 
Build APK and Create Release	Checkout repository	2026-09-30T20:44:29.4341241Z You are in 'detached HEAD' state. You can look around, make experimental
Build APK and Create Release	Checkout repository	2026-09-30T20:44:29.4341910Z changes and commit them, and you can discard any commits you make in this
Build APK and Create Release	Checkout repository	2026-09-30T20:44:29.4342779Z state without impacting any branches by switching back to a branch.
Build APK and Create Release	Checkout repository	2026-09-30T20:44:29.4343377Z 
Build APK and Create Release	Checkout repository	2026-09-30T20:44:29.4343620Z If you want to create a new branch to retain commits you create, you may
Build APK and Create Release	Checkout repository	2026-09-30T20:44:29.4344143Z do so (now or later) by using -c with the switch command. Example:
Build APK and Create Release	Checkout repository	2026-09-30T20:44:29.4344439Z 
Build APK and Create Release	Checkout repository	2026-09-30T20:44:29.4344578Z   git switch -c <new-branch-name>
Build APK and Create Release	Checkout repository	2026-09-30T20:44:29.4344786Z 
Build APK and Create Release	Checkout repository	2026-09-30T20:44:29.4344912Z Or undo this operation with:
Build APK and Create Release	Checkout repository	2026-09-30T20:44:29.4345123Z 
Build APK and Create Release	Checkout repository	2026-09-30T20:44:29.4345239Z   git switch -
Build APK and Create Release	Checkout repository	2026-09-30T20:44:29.4345401Z 
Build APK and Create Release	Checkout repository	2026-09-30T20:44:29.4345647Z Turn off this advice by setting config variable advice.detachedHead to false
Build APK and Create Release	Checkout repository	2026-09-30T20:44:29.4346006Z 
Build APK and Create Release	Checkout repository	2026-09-30T20:44:29.4346203Z HEAD is now at d7557b8 Fix GitHub release 403 permission error
Build APK and Create Release	Checkout repository	2026-09-30T20:44:29.4351224Z ##[endgroup]
Build APK and Create Release	Checkout repository	2026-09-30T20:44:29.4394504Z [command]/usr/bin/git log -1 --format=%H
Build APK and Create Release	Checkout repository	2026-09-30T20:44:29.4420744Z d7557b81198c5e528f12ee5f2e3080facf8fdc40
Build APK and Create Release	Setup Java	﻿2026-09-30T20:44:29.4710080Z ##[group]Run actions/setup-java@v3
Build APK and Create Release	Setup Java	2026-09-30T20:44:29.4710453Z with:
Build APK and Create Release	Setup Java	2026-09-30T20:44:29.4710713Z   distribution: zulu
Build APK and Create Release	Setup Java	2026-09-30T20:44:29.4710984Z   java-version: 17
Build APK and Create Release	Setup Java	2026-09-30T20:44:29.4711242Z   java-package: jdk
Build APK and Create Release	Setup Java	2026-09-30T20:44:29.4711497Z   check-latest: false
Build APK and Create Release	Setup Java	2026-09-30T20:44:29.4711758Z   server-id: github
Build APK and Create Release	Setup Java	2026-09-30T20:44:29.4712022Z   server-username: GITHUB_ACTOR
Build APK and Create Release	Setup Java	2026-09-30T20:44:29.4712329Z   server-password: GITHUB_TOKEN
Build APK and Create Release	Setup Java	2026-09-30T20:44:29.4713033Z   overwrite-settings: true
Build APK and Create Release	Setup Java	2026-09-30T20:44:29.4713326Z   job-status: success
Build APK and Create Release	Setup Java	2026-09-30T20:44:29.4716078Z   token: ***
Build APK and Create Release	Setup Java	2026-09-30T20:44:29.4716329Z ##[endgroup]
Build APK and Create Release	Setup Java	2026-09-30T20:44:29.6316108Z ##[warning]setup-java v3 is deprecated and will no longer receive updates. Please migrate to actions/setup-java@v5.
Build APK and Create Release	Setup Java	2026-09-30T20:44:29.6324376Z ##[group]Installed distributions
Build APK and Create Release	Setup Java	2026-09-30T20:44:29.6327643Z Trying to resolve the latest version from remote
Build APK and Create Release	Setup Java	2026-09-30T20:44:29.6434062Z (node:2317) [DEP0040] DeprecationWarning: The `punycode` module is deprecated. Please use a userland alternative instead.
Build APK and Create Release	Setup Java	2026-09-30T20:44:29.6973755Z (Use `node --trace-deprecation ...` to show where the warning was created)
Build APK and Create Release	Setup Java	2026-09-30T20:44:29.6974661Z Resolved latest version as 17.0.20+8
Build APK and Create Release	Setup Java	2026-09-30T20:44:29.6975783Z Trying to download...
Build APK and Create Release	Setup Java	2026-09-30T20:44:29.6977263Z Downloading Java 17.0.20+8 (Zulu) from https://cdn.azul.com/zulu/bin/zulu17.68.19-ca-crac-jdk17.0.20-linux_x64.tar.gz ...
Build APK and Create Release	Setup Java	2026-09-30T20:44:34.3356414Z Extracting Java archive...
Build APK and Create Release	Setup Java	2026-09-30T20:44:34.3496875Z [command]/usr/bin/tar xz --warning=no-unknown-keyword -C /home/runner/work/_temp/61be8297-eac9-4e63-9095-c7543cce7704 -f /home/runner/work/_temp/a28275a3-0816-4495-a31f-02c053095fed
Build APK and Create Release	Setup Java	2026-09-30T20:44:37.0818638Z Java 17.0.20+8 was downloaded
Build APK and Create Release	Setup Java	2026-09-30T20:44:37.0819076Z Setting Java 17.0.20+8 as the default
Build APK and Create Release	Setup Java	2026-09-30T20:44:37.0832238Z Creating toolchains.xml for JDK version 17 from zulu
Build APK and Create Release	Setup Java	2026-09-30T20:44:37.0920978Z Writing to /home/runner/.m2/toolchains.xml
Build APK and Create Release	Setup Java	2026-09-30T20:44:37.0921491Z 
Build APK and Create Release	Setup Java	2026-09-30T20:44:37.0921679Z Java configuration:
Build APK and Create Release	Setup Java	2026-09-30T20:44:37.0922184Z   Distribution: zulu
Build APK and Create Release	Setup Java	2026-09-30T20:44:37.0922926Z   Version: 17.0.20+8
Build APK and Create Release	Setup Java	2026-09-30T20:44:37.0923547Z   Path: /opt/hostedtoolcache/Java_Zulu_jdk/17.0.20-8/x64
Build APK and Create Release	Setup Java	2026-09-30T20:44:37.0924038Z 
Build APK and Create Release	Setup Java	2026-09-30T20:44:37.0924805Z ##[endgroup]
Build APK and Create Release	Setup Java	2026-09-30T20:44:37.0947832Z Creating settings.xml with server-id: github
Build APK and Create Release	Setup Java	2026-09-30T20:44:37.0948398Z Writing to /home/runner/.m2/settings.xml
Build APK and Create Release	Setup Node.js	﻿2026-09-30T20:44:37.2504885Z ##[group]Run actions/setup-node@v3
Build APK and Create Release	Setup Node.js	2026-09-30T20:44:37.2505190Z with:
Build APK and Create Release	Setup Node.js	2026-09-30T20:44:37.2505387Z   node-version: 20
Build APK and Create Release	Setup Node.js	2026-09-30T20:44:37.2505602Z   cache: npm
Build APK and Create Release	Setup Node.js	2026-09-30T20:44:37.2505806Z   always-auth: false
Build APK and Create Release	Setup Node.js	2026-09-30T20:44:37.2506031Z   check-latest: false
Build APK and Create Release	Setup Node.js	2026-09-30T20:44:37.2508766Z   token: ***
Build APK and Create Release	Setup Node.js	2026-09-30T20:44:37.2508974Z env:
Build APK and Create Release	Setup Node.js	2026-09-30T20:44:37.2509244Z   JAVA_HOME: /opt/hostedtoolcache/Java_Zulu_jdk/17.0.20-8/x64
Build APK and Create Release	Setup Node.js	2026-09-30T20:44:37.2509673Z   JAVA_HOME_17_X64: /opt/hostedtoolcache/Java_Zulu_jdk/17.0.20-8/x64
Build APK and Create Release	Setup Node.js	2026-09-30T20:44:37.2510017Z ##[endgroup]
Build APK and Create Release	Setup Node.js	2026-09-30T20:44:37.4064925Z Attempting to download 20...
Build APK and Create Release	Setup Node.js	2026-09-30T20:44:37.4171800Z (node:2334) [DEP0040] DeprecationWarning: The `punycode` module is deprecated. Please use a userland alternative instead.
Build APK and Create Release	Setup Node.js	2026-09-30T20:44:37.4173371Z (Use `node --trace-deprecation ...` to show where the warning was created)
Build APK and Create Release	Setup Node.js	2026-09-30T20:44:38.6771354Z Acquiring 20.20.2 - x64 from https://github.com/actions/node-versions/releases/download/20.20.2-23521894959/node-20.20.2-linux-x64.tar.gz
Build APK and Create Release	Setup Node.js	2026-09-30T20:44:39.1423629Z Extracting ...
Build APK and Create Release	Setup Node.js	2026-09-30T20:44:39.1554228Z [command]/usr/bin/tar xz --strip 1 --warning=no-unknown-keyword -C /home/runner/work/_temp/a8bc47b6-523a-4755-ac7a-7273c63f70be -f /home/runner/work/_temp/c7259d2e-7892-4873-ba56-3cc12feb3388
Build APK and Create Release	Setup Node.js	2026-09-30T20:44:40.1392008Z Adding to the cache ...
Build APK and Create Release	Setup Node.js	2026-09-30T20:44:41.9143563Z ##[group]Environment details
Build APK and Create Release	Setup Node.js	2026-09-30T20:44:42.1341898Z node: v20.20.2
Build APK and Create Release	Setup Node.js	2026-09-30T20:44:42.1342613Z npm: 10.8.2
Build APK and Create Release	Setup Node.js	2026-09-30T20:44:42.1342947Z yarn: 1.22.22
Build APK and Create Release	Setup Node.js	2026-09-30T20:44:42.1343533Z ##[endgroup]
Build APK and Create Release	Setup Node.js	2026-09-30T20:44:42.1354399Z [command]/opt/hostedtoolcache/node/20.20.2/x64/bin/npm config get cache
Build APK and Create Release	Setup Node.js	2026-09-30T20:44:42.2349115Z /home/runner/.npm
Build APK and Create Release	Setup Node.js	2026-09-30T20:44:42.4906230Z npm cache is not found
Build APK and Create Release	Install dependencies	﻿2026-09-30T20:44:42.5074243Z ##[group]Run npm ci
Build APK and Create Release	Install dependencies	2026-09-30T20:44:42.5074576Z ^[[36;1mnpm ci^[[0m
Build APK and Create Release	Install dependencies	2026-09-30T20:44:42.5306925Z shell: /usr/bin/bash -e {0}
Build APK and Create Release	Install dependencies	2026-09-30T20:44:42.5307246Z env:
Build APK and Create Release	Install dependencies	2026-09-30T20:44:42.5307567Z   JAVA_HOME: /opt/hostedtoolcache/Java_Zulu_jdk/17.0.20-8/x64
Build APK and Create Release	Install dependencies	2026-09-30T20:44:42.5308091Z   JAVA_HOME_17_X64: /opt/hostedtoolcache/Java_Zulu_jdk/17.0.20-8/x64
Build APK and Create Release	Install dependencies	2026-09-30T20:44:42.5308509Z ##[endgroup]
Build APK and Create Release	Install dependencies	2026-09-30T20:44:43.2655676Z npm warn EBADENGINE Unsupported engine {
Build APK and Create Release	Install dependencies	2026-09-30T20:44:43.2656458Z npm warn EBADENGINE   package: '@supabase/auth-js@2.117.2',
Build APK and Create Release	Install dependencies	2026-09-30T20:44:43.2657145Z npm warn EBADENGINE   required: { node: '>=22.0.0' },
Build APK and Create Release	Install dependencies	2026-09-30T20:44:43.2657829Z npm warn EBADENGINE   current: { node: 'v20.20.2', npm: '10.8.2' }
Build APK and Create Release	Install dependencies	2026-09-30T20:44:43.2658577Z npm warn EBADENGINE }
Build APK and Create Release	Install dependencies	2026-09-30T20:44:43.2659112Z npm warn EBADENGINE Unsupported engine {
Build APK and Create Release	Install dependencies	2026-09-30T20:44:43.2659638Z npm warn EBADENGINE   package: '@supabase/functions-js@2.117.2',
Build APK and Create Release	Install dependencies	2026-09-30T20:44:43.2660195Z npm warn EBADENGINE   required: { node: '>=22.0.0' },
Build APK and Create Release	Install dependencies	2026-09-30T20:44:43.2660784Z npm warn EBADENGINE   current: { node: 'v20.20.2', npm: '10.8.2' }
Build APK and Create Release	Install dependencies	2026-09-30T20:44:43.2661333Z npm warn EBADENGINE }
Build APK and Create Release	Install dependencies	2026-09-30T20:44:43.2661901Z npm warn EBADENGINE Unsupported engine {
Build APK and Create Release	Install dependencies	2026-09-30T20:44:43.2662887Z npm warn EBADENGINE   package: '@supabase/postgrest-js@2.117.2',
Build APK and Create Release	Install dependencies	2026-09-30T20:44:43.2663722Z npm warn EBADENGINE   required: { node: '>=22.0.0' },
Build APK and Create Release	Install dependencies	2026-09-30T20:44:43.2664559Z npm warn EBADENGINE   current: { node: 'v20.20.2', npm: '10.8.2' }
Build APK and Create Release	Install dependencies	2026-09-30T20:44:43.2665200Z npm warn EBADENGINE }
Build APK and Create Release	Install dependencies	2026-09-30T20:44:43.2665711Z npm warn EBADENGINE Unsupported engine {
Build APK and Create Release	Install dependencies	2026-09-30T20:44:43.2666482Z npm warn EBADENGINE   package: '@supabase/realtime-js@2.117.2',
Build APK and Create Release	Install dependencies	2026-09-30T20:44:43.2667271Z npm warn EBADENGINE   required: { node: '>=22.0.0' },
Build APK and Create Release	Install dependencies	2026-09-30T20:44:43.2668091Z npm warn EBADENGINE   current: { node: 'v20.20.2', npm: '10.8.2' }
Build APK and Create Release	Install dependencies	2026-09-30T20:44:43.2668748Z npm warn EBADENGINE }
Build APK and Create Release	Install dependencies	2026-09-30T20:44:43.2669285Z npm warn EBADENGINE Unsupported engine {
Build APK and Create Release	Install dependencies	2026-09-30T20:44:43.2670036Z npm warn EBADENGINE   package: '@supabase/storage-js@2.117.2',
Build APK and Create Release	Install dependencies	2026-09-30T20:44:43.2670809Z npm warn EBADENGINE   required: { node: '>=22.0.0' },
Build APK and Create Release	Install dependencies	2026-09-30T20:44:43.2671487Z npm warn EBADENGINE   current: { node: 'v20.20.2', npm: '10.8.2' }
Build APK and Create Release	Install dependencies	2026-09-30T20:44:43.2671848Z npm warn EBADENGINE }
Build APK and Create Release	Install dependencies	2026-09-30T20:44:43.2672141Z npm warn EBADENGINE Unsupported engine {
Build APK and Create Release	Install dependencies	2026-09-30T20:44:43.2673121Z npm warn EBADENGINE   package: '@supabase/supabase-js@2.117.2',
Build APK and Create Release	Install dependencies	2026-09-30T20:44:43.2673641Z npm warn EBADENGINE   required: { node: '>=22.0.0' },
Build APK and Create Release	Install dependencies	2026-09-30T20:44:43.2674112Z npm warn EBADENGINE   current: { node: 'v20.20.2', npm: '10.8.2' }
Build APK and Create Release	Install dependencies	2026-09-30T20:44:43.2674492Z npm warn EBADENGINE }
Build APK and Create Release	Install dependencies	2026-09-30T20:44:43.2723747Z npm warn EBADENGINE Unsupported engine {
Build APK and Create Release	Install dependencies	2026-09-30T20:44:43.2724747Z npm warn EBADENGINE   package: 'metro@0.87.1',
Build APK and Create Release	Install dependencies	2026-09-30T20:44:43.2725894Z npm warn EBADENGINE   required: { node: '^22.13.0 || ^24.3.0 || >= 26.0.0' },
Build APK and Create Release	Install dependencies	2026-09-30T20:44:43.2727409Z npm warn EBADENGINE   current: { node: 'v20.20.2', npm: '10.8.2' }
Build APK and Create Release	Install dependencies	2026-09-30T20:44:43.2728366Z npm warn EBADENGINE }
Build APK and Create Release	Install dependencies	2026-09-30T20:44:43.2729184Z npm warn EBADENGINE Unsupported engine {
Build APK and Create Release	Install dependencies	2026-09-30T20:44:43.2730120Z npm warn EBADENGINE   package: 'metro-cache@0.87.1',
Build APK and Create Release	Install dependencies	2026-09-30T20:44:43.2731270Z npm warn EBADENGINE   required: { node: '^22.13.0 || ^24.3.0 || >= 26.0.0' },
Build APK and Create Release	Install dependencies	2026-09-30T20:44:43.2732735Z npm warn EBADENGINE   current: { node: 'v20.20.2', npm: '10.8.2' }
Build APK and Create Release	Install dependencies	2026-09-30T20:44:43.2733633Z npm warn EBADENGINE }
Build APK and Create Release	Install dependencies	2026-09-30T20:44:43.2734387Z npm warn EBADENGINE Unsupported engine {
Build APK and Create Release	Install dependencies	2026-09-30T20:44:43.2735287Z npm warn EBADENGINE   package: 'metro-core@0.87.1',
Build APK and Create Release	Install dependencies	2026-09-30T20:44:43.2736428Z npm warn EBADENGINE   required: { node: '^22.13.0 || ^24.3.0 || >= 26.0.0' },
Build APK and Create Release	Install dependencies	2026-09-30T20:44:43.2737626Z npm warn EBADENGINE   current: { node: 'v20.20.2', npm: '10.8.2' }
Build APK and Create Release	Install dependencies	2026-09-30T20:44:43.2738511Z npm warn EBADENGINE }
Build APK and Create Release	Install dependencies	2026-09-30T20:44:43.2739267Z npm warn EBADENGINE Unsupported engine {
Build APK and Create Release	Install dependencies	2026-09-30T20:44:43.2740218Z npm warn EBADENGINE   package: 'metro-resolver@0.87.1',
Build APK and Create Release	Install dependencies	2026-09-30T20:44:43.2741727Z npm warn EBADENGINE   required: { node: '^22.13.0 || ^24.3.0 || >= 26.0.0' },
Build APK and Create Release	Install dependencies	2026-09-30T20:44:43.2743174Z npm warn EBADENGINE   current: { node: 'v20.20.2', npm: '10.8.2' }
Build APK and Create Release	Install dependencies	2026-09-30T20:44:43.2744128Z npm warn EBADENGINE }
Build APK and Create Release	Install dependencies	2026-09-30T20:44:43.2744935Z npm warn EBADENGINE Unsupported engine {
Build APK and Create Release	Install dependencies	2026-09-30T20:44:43.2745934Z npm warn EBADENGINE   package: 'metro-config@0.87.1',
Build APK and Create Release	Install dependencies	2026-09-30T20:44:43.2747104Z npm warn EBADENGINE   required: { node: '^22.13.0 || ^24.3.0 || >= 26.0.0' },
Build APK and Create Release	Install dependencies	2026-09-30T20:44:43.2748317Z npm warn EBADENGINE   current: { node: 'v20.20.2', npm: '10.8.2' }
Build APK and Create Release	Install dependencies	2026-09-30T20:44:43.2749205Z npm warn EBADENGINE }
Build APK and Create Release	Install dependencies	2026-09-30T20:44:43.2749946Z npm warn EBADENGINE Unsupported engine {
Build APK and Create Release	Install dependencies	2026-09-30T20:44:43.2750859Z npm warn EBADENGINE   package: 'metro-core@0.87.1',
Build APK and Create Release	Install dependencies	2026-09-30T20:44:43.2751990Z npm warn EBADENGINE   required: { node: '^22.13.0 || ^24.3.0 || >= 26.0.0' },
Build APK and Create Release	Install dependencies	2026-09-30T20:44:43.2753473Z npm warn EBADENGINE   current: { node: 'v20.20.2', npm: '10.8.2' }
Build APK and Create Release	Install dependencies	2026-09-30T20:44:43.2754365Z npm warn EBADENGINE }
Build APK and Create Release	Install dependencies	2026-09-30T20:44:43.2755107Z npm warn EBADENGINE Unsupported engine {
Build APK and Create Release	Install dependencies	2026-09-30T20:44:43.2756046Z npm warn EBADENGINE   package: 'metro-resolver@0.87.1',
Build APK and Create Release	Install dependencies	2026-09-30T20:44:43.2757206Z npm warn EBADENGINE   required: { node: '^22.13.0 || ^24.3.0 || >= 26.0.0' },
Build APK and Create Release	Install dependencies	2026-09-30T20:44:43.2758403Z npm warn EBADENGINE   current: { node: 'v20.20.2', npm: '10.8.2' }
Build APK and Create Release	Install dependencies	2026-09-30T20:44:43.2759273Z npm warn EBADENGINE }
Build APK and Create Release	Install dependencies	2026-09-30T20:44:43.2760123Z npm warn EBADENGINE Unsupported engine {
Build APK and Create Release	Install dependencies	2026-09-30T20:44:43.2761088Z npm warn EBADENGINE   package: 'metro-runtime@0.87.1',
Build APK and Create Release	Install dependencies	2026-09-30T20:44:43.2762216Z npm warn EBADENGINE   required: { node: '^22.13.0 || ^24.3.0 || >= 26.0.0' },
Build APK and Create Release	Install dependencies	2026-09-30T20:44:43.2763616Z npm warn EBADENGINE   current: { node: 'v20.20.2', npm: '10.8.2' }
Build APK and Create Release	Install dependencies	2026-09-30T20:44:43.2764531Z npm warn EBADENGINE }
Build APK and Create Release	Install dependencies	2026-09-30T20:44:43.2765320Z npm warn EBADENGINE Unsupported engine {
Build APK and Create Release	Install dependencies	2026-09-30T20:44:43.2766374Z npm warn EBADENGINE   package: 'metro-babel-transformer@0.87.1',
Build APK and Create Release	Install dependencies	2026-09-30T20:44:43.2767328Z npm warn EBADENGINE   required: { node: '^22.13.0 || ^24.3.0 || >= 26.0.0' },
Build APK and Create Release	Install dependencies	2026-09-30T20:44:43.2768080Z npm warn EBADENGINE   current: { node: 'v20.20.2', npm: '10.8.2' }
Build APK and Create Release	Install dependencies	2026-09-30T20:44:43.2768619Z npm warn EBADENGINE }
Build APK and Create Release	Install dependencies	2026-09-30T20:44:43.2769413Z npm warn EBADENGINE Unsupported engine {
Build APK and Create Release	Install dependencies	2026-09-30T20:44:43.2770243Z npm warn EBADENGINE   package: 'metro-cache-key@0.87.1',
Build APK and Create Release	Install dependencies	2026-09-30T20:44:43.2770930Z npm warn EBADENGINE   required: { node: '^22.13.0 || ^24.3.0 || >= 26.0.0' },
Build APK and Create Release	Install dependencies	2026-09-30T20:44:43.2771659Z npm warn EBADENGINE   current: { node: 'v20.20.2', npm: '10.8.2' }
Build APK and Create Release	Install dependencies	2026-09-30T20:44:43.2826940Z npm warn EBADENGINE }
Build APK and Create Release	Install dependencies	2026-09-30T20:44:43.2827628Z npm warn EBADENGINE Unsupported engine {
Build APK and Create Release	Install dependencies	2026-09-30T20:44:43.2828289Z npm warn EBADENGINE   package: 'metro-core@0.87.1',
Build APK and Create Release	Install dependencies	2026-09-30T20:44:43.2829096Z npm warn EBADENGINE   required: { node: '^22.13.0 || ^24.3.0 || >= 26.0.0' },
Build APK and Create Release	Install dependencies	2026-09-30T20:44:43.2830255Z npm warn EBADENGINE   current: { node: 'v20.20.2', npm: '10.8.2' }
Build APK and Create Release	Install dependencies	2026-09-30T20:44:43.2830910Z npm warn EBADENGINE }
Build APK and Create Release	Install dependencies	2026-09-30T20:44:43.2831427Z npm warn EBADENGINE Unsupported engine {
Build APK and Create Release	Install dependencies	2026-09-30T20:44:43.2832090Z npm warn EBADENGINE   package: 'metro-file-map@0.87.1',
Build APK and Create Release	Install dependencies	2026-09-30T20:44:43.2833226Z npm warn EBADENGINE   required: { node: '^22.13.0 || ^24.3.0 || >= 26.0.0' },
Build APK and Create Release	Install dependencies	2026-09-30T20:44:43.2834175Z npm warn EBADENGINE   current: { node: 'v20.20.2', npm: '10.8.2' }
Build APK and Create Release	Install dependencies	2026-09-30T20:44:43.2834854Z npm warn EBADENGINE }
Build APK and Create Release	Install dependencies	2026-09-30T20:44:43.2835373Z npm warn EBADENGINE Unsupported engine {
Build APK and Create Release	Install dependencies	2026-09-30T20:44:43.2836112Z npm warn EBADENGINE   package: 'metro-minify-terser@0.87.1',
Build APK and Create Release	Install dependencies	2026-09-30T20:44:43.2837041Z npm warn EBADENGINE   required: { node: '^22.13.0 || ^24.3.0 || >= 26.0.0' },
Build APK and Create Release	Install dependencies	2026-09-30T20:44:43.2837989Z npm warn EBADENGINE   current: { node: 'v20.20.2', npm: '10.8.2' }
Build APK and Create Release	Install dependencies	2026-09-30T20:44:43.2838399Z npm warn EBADENGINE }
Build APK and Create Release	Install dependencies	2026-09-30T20:44:43.2838720Z npm warn EBADENGINE Unsupported engine {
Build APK and Create Release	Install dependencies	2026-09-30T20:44:43.2839124Z npm warn EBADENGINE   package: 'metro-resolver@0.87.1',
Build APK and Create Release	Install dependencies	2026-09-30T20:44:43.2839865Z npm warn EBADENGINE   required: { node: '^22.13.0 || ^24.3.0 || >= 26.0.0' },
Build APK and Create Release	Install dependencies	2026-09-30T20:44:43.2840399Z npm warn EBADENGINE   current: { node: 'v20.20.2', npm: '10.8.2' }
Build APK and Create Release	Install dependencies	2026-09-30T20:44:43.2840777Z npm warn EBADENGINE }
Build APK and Create Release	Install dependencies	2026-09-30T20:44:43.2841082Z npm warn EBADENGINE Unsupported engine {
Build APK and Create Release	Install dependencies	2026-09-30T20:44:43.2841501Z npm warn EBADENGINE   package: 'metro-source-map@0.87.1',
Build APK and Create Release	Install dependencies	2026-09-30T20:44:43.2842050Z npm warn EBADENGINE   required: { node: '^22.13.0 || ^24.3.0 || >= 26.0.0' },
Build APK and Create Release	Install dependencies	2026-09-30T20:44:43.2842982Z npm warn EBADENGINE   current: { node: 'v20.20.2', npm: '10.8.2' }
Build APK and Create Release	Install dependencies	2026-09-30T20:44:43.2843603Z npm warn EBADENGINE }
Build APK and Create Release	Install dependencies	2026-09-30T20:44:43.2844123Z npm warn EBADENGINE Unsupported engine {
Build APK and Create Release	Install dependencies	2026-09-30T20:44:43.2844859Z npm warn EBADENGINE   package: 'metro-symbolicate@0.87.1',
Build APK and Create Release	Install dependencies	2026-09-30T20:44:43.2845818Z npm warn EBADENGINE   required: { node: '^22.13.0 || ^24.3.0 || >= 26.0.0' },
Build APK and Create Release	Install dependencies	2026-09-30T20:44:43.2846813Z npm warn EBADENGINE   current: { node: 'v20.20.2', npm: '10.8.2' }
Build APK and Create Release	Install dependencies	2026-09-30T20:44:43.2847500Z npm warn EBADENGINE }
Build APK and Create Release	Install dependencies	2026-09-30T20:44:43.2848061Z npm warn EBADENGINE Unsupported engine {
Build APK and Create Release	Install dependencies	2026-09-30T20:44:43.2848897Z npm warn EBADENGINE   package: 'metro-transform-plugins@0.87.1',
Build APK and Create Release	Install dependencies	2026-09-30T20:44:43.2849909Z npm warn EBADENGINE   required: { node: '^22.13.0 || ^24.3.0 || >= 26.0.0' },
Build APK and Create Release	Install dependencies	2026-09-30T20:44:43.2850877Z npm warn EBADENGINE   current: { node: 'v20.20.2', npm: '10.8.2' }
Build APK and Create Release	Install dependencies	2026-09-30T20:44:43.2851551Z npm warn EBADENGINE }
Build APK and Create Release	Install dependencies	2026-09-30T20:44:43.2852081Z npm warn EBADENGINE Unsupported engine {
Build APK and Create Release	Install dependencies	2026-09-30T20:44:43.2853168Z npm warn EBADENGINE   package: 'metro-transform-worker@0.87.1',
Build APK and Create Release	Install dependencies	2026-09-30T20:44:43.2854189Z npm warn EBADENGINE   required: { node: '^22.13.0 || ^24.3.0 || >= 26.0.0' },
Build APK and Create Release	Install dependencies	2026-09-30T20:44:43.2855173Z npm warn EBADENGINE   current: { node: 'v20.20.2', npm: '10.8.2' }
Build APK and Create Release	Install dependencies	2026-09-30T20:44:43.2855889Z npm warn EBADENGINE }
Build APK and Create Release	Install dependencies	2026-09-30T20:44:43.2856452Z npm warn EBADENGINE Unsupported engine {
Build APK and Create Release	Install dependencies	2026-09-30T20:44:43.2857148Z npm warn EBADENGINE   package: 'ob1@0.87.1',
Build APK and Create Release	Install dependencies	2026-09-30T20:44:43.2857951Z npm warn EBADENGINE   required: { node: '^22.13.0 || ^24.3.0 || >= 26.0.0' },
Build APK and Create Release	Install dependencies	2026-09-30T20:44:43.2858505Z npm warn EBADENGINE   current: { node: 'v20.20.2', npm: '10.8.2' }
Build APK and Create Release	Install dependencies	2026-09-30T20:44:43.2858881Z npm warn EBADENGINE }
Build APK and Create Release	Install dependencies	2026-09-30T20:44:47.1134381Z npm warn deprecated uuid@7.0.3: uuid@10 and below is no longer supported.  For ESM codebases, update to uuid@latest.  For CommonJS codebases, use uuid@11 (but be aware this version will likely be deprecated in 2028).
Build APK and Create Release	Install dependencies	2026-09-30T20:44:54.8428413Z npm warn deprecated eslint@9.39.5: This version is no longer supported. Please see https://eslint.org/version-support for other options.
Build APK and Create Release	Install dependencies	2026-09-30T20:45:01.5638621Z 
Build APK and Create Release	Install dependencies	2026-09-30T20:45:01.5640029Z added 951 packages, and audited 952 packages in 19s
Build APK and Create Release	Install dependencies	2026-09-30T20:45:01.5640439Z 
Build APK and Create Release	Install dependencies	2026-09-30T20:45:01.5640672Z 196 packages are looking for funding
Build APK and Create Release	Install dependencies	2026-09-30T20:45:01.5641410Z   run `npm fund` for details
Build APK and Create Release	Install dependencies	2026-09-30T20:45:01.6313369Z 
Build APK and Create Release	Install dependencies	2026-09-30T20:45:01.6314336Z 14 moderate severity vulnerabilities
Build APK and Create Release	Install dependencies	2026-09-30T20:45:01.6314830Z 
Build APK and Create Release	Install dependencies	2026-09-30T20:45:01.6315284Z To address issues that do not require attention, run:
Build APK and Create Release	Install dependencies	2026-09-30T20:45:01.6315925Z   npm audit fix
Build APK and Create Release	Install dependencies	2026-09-30T20:45:01.6316183Z 
Build APK and Create Release	Install dependencies	2026-09-30T20:45:01.6316633Z To address all issues (including breaking changes), run:
Build APK and Create Release	Install dependencies	2026-09-30T20:45:01.6317265Z   npm audit fix --force
Build APK and Create Release	Install dependencies	2026-09-30T20:45:01.6317453Z 
Build APK and Create Release	Install dependencies	2026-09-30T20:45:01.6317621Z Run `npm audit` for details.
Build APK and Create Release	Create .env file	﻿2026-09-30T20:45:01.6741612Z ##[group]Run echo "EXPO_PUBLIC_SUPABASE_URL=***" > .env
Build APK and Create Release	Create .env file	2026-09-30T20:45:01.6742252Z ^[[36;1mecho "EXPO_PUBLIC_SUPABASE_URL=***" > .env^[[0m
Build APK and Create Release	Create .env file	2026-09-30T20:45:01.6744236Z ^[[36;1mecho "EXPO_PUBLIC_SUPABASE_ANON_KEY=***" >> .env^[[0m
Build APK and Create Release	Create .env file	2026-09-30T20:45:01.6807679Z shell: /usr/bin/bash -e {0}
Build APK and Create Release	Create .env file	2026-09-30T20:45:01.6807949Z env:
Build APK and Create Release	Create .env file	2026-09-30T20:45:01.6808230Z   JAVA_HOME: /opt/hostedtoolcache/Java_Zulu_jdk/17.0.20-8/x64
Build APK and Create Release	Create .env file	2026-09-30T20:45:01.6808697Z   JAVA_HOME_17_X64: /opt/hostedtoolcache/Java_Zulu_jdk/17.0.20-8/x64
Build APK and Create Release	Create .env file	2026-09-30T20:45:01.6809051Z ##[endgroup]
Build APK and Create Release	Build Android Release APK	﻿2026-09-30T20:45:01.6920338Z ##[group]Run ./gradlew assembleRelease
Build APK and Create Release	Build Android Release APK	2026-09-30T20:45:01.6920673Z ^[[36;1m./gradlew assembleRelease^[[0m
Build APK and Create Release	Build Android Release APK	2026-09-30T20:45:01.6979384Z shell: /usr/bin/bash -e {0}
Build APK and Create Release	Build Android Release APK	2026-09-30T20:45:01.6979646Z env:
Build APK and Create Release	Build Android Release APK	2026-09-30T20:45:01.6979915Z   JAVA_HOME: /opt/hostedtoolcache/Java_Zulu_jdk/17.0.20-8/x64
Build APK and Create Release	Build Android Release APK	2026-09-30T20:45:01.6980348Z   JAVA_HOME_17_X64: /opt/hostedtoolcache/Java_Zulu_jdk/17.0.20-8/x64
Build APK and Create Release	Build Android Release APK	2026-09-30T20:45:01.6980705Z ##[endgroup]
Build APK and Create Release	Build Android Release APK	2026-09-30T20:45:01.7885671Z Downloading https://services.gradle.org/distributions/gradle-9.3.1-bin.zip
Build APK and Create Release	Build Android Release APK	2026-09-30T20:45:03.4572232Z .............10%.............20%.............30%.............40%.............50%.............60%.............70%.............80%.............90%.............100%
Build APK and Create Release	Build Android Release APK	2026-09-30T20:45:04.7056324Z 
Build APK and Create Release	Build Android Release APK	2026-09-30T20:45:04.7083360Z Welcome to Gradle 9.3.1!
Build APK and Create Release	Build Android Release APK	2026-09-30T20:45:04.7083729Z 
Build APK and Create Release	Build Android Release APK	2026-09-30T20:45:04.7084311Z Here are the highlights of this release:
Build APK and Create Release	Build Android Release APK	2026-09-30T20:45:04.7084943Z  - Test reporting improvements
Build APK and Create Release	Build Android Release APK	2026-09-30T20:45:04.7085540Z  - Error and warning improvements
Build APK and Create Release	Build Android Release APK	2026-09-30T20:45:04.7086133Z  - Build authoring improvements
Build APK and Create Release	Build Android Release APK	2026-09-30T20:45:04.7086484Z 
Build APK and Create Release	Build Android Release APK	2026-09-30T20:45:04.7089716Z For more details see https://docs.gradle.org/9.3.1/release-notes.html
Build APK and Create Release	Build Android Release APK	2026-09-30T20:45:04.7090397Z 
Build APK and Create Release	Build Android Release APK	2026-09-30T20:45:04.8048933Z Starting a Gradle Daemon (subsequent builds will be faster)
Build APK and Create Release	Build Android Release APK	2026-09-30T20:45:57.4083729Z > Task :gradle-plugin:shared:checkKotlinGradlePluginConfigurationErrors SKIPPED
Build APK and Create Release	Build Android Release APK	2026-09-30T20:45:57.4103957Z > Task :gradle-plugin:settings-plugin:checkKotlinGradlePluginConfigurationErrors SKIPPED
Build APK and Create Release	Build Android Release APK	2026-09-30T20:45:57.4117993Z > Task :expo-gradle-plugin:expo-autolinking-settings-plugin:checkKotlinGradlePluginConfigurationErrors SKIPPED
Build APK and Create Release	Build Android Release APK	2026-09-30T20:45:57.4132381Z > Task :expo-gradle-plugin:expo-autolinking-plugin-shared:checkKotlinGradlePluginConfigurationErrors SKIPPED
Build APK and Create Release	Build Android Release APK	2026-09-30T20:45:57.5103814Z > Task :gradle-plugin:settings-plugin:pluginDescriptors
Build APK and Create Release	Build Android Release APK	2026-09-30T20:45:57.5133491Z > Task :expo-gradle-plugin:expo-autolinking-settings-plugin:pluginDescriptors
Build APK and Create Release	Build Android Release APK	2026-09-30T20:45:57.5134827Z > Task :expo-gradle-plugin:expo-autolinking-settings-plugin:processResources
Build APK and Create Release	Build Android Release APK	2026-09-30T20:45:57.5163336Z > Task :gradle-plugin:settings-plugin:processResources
Build APK and Create Release	Build Android Release APK	2026-09-30T20:46:03.1063729Z > Task :gradle-plugin:shared:processResources NO-SOURCE
Build APK and Create Release	Build Android Release APK	2026-09-30T20:46:03.1093609Z > Task :expo-gradle-plugin:expo-autolinking-plugin-shared:processResources NO-SOURCE
Build APK and Create Release	Build Android Release APK	2026-09-30T20:46:10.2083805Z > Task :gradle-plugin:shared:compileKotlin
Build APK and Create Release	Build Android Release APK	2026-09-30T20:46:10.2087207Z > Task :gradle-plugin:shared:compileJava NO-SOURCE
Build APK and Create Release	Build Android Release APK	2026-09-30T20:46:10.2153312Z > Task :gradle-plugin:shared:classes UP-TO-DATE
Build APK and Create Release	Build Android Release APK	2026-09-30T20:46:10.2193146Z > Task :gradle-plugin:shared:jar
Build APK and Create Release	Build Android Release APK	2026-09-30T20:46:10.5094061Z > Task :expo-gradle-plugin:expo-autolinking-plugin-shared:compileKotlin
Build APK and Create Release	Build Android Release APK	2026-09-30T20:46:10.5097622Z > Task :expo-gradle-plugin:expo-autolinking-plugin-shared:compileJava NO-SOURCE
Build APK and Create Release	Build Android Release APK	2026-09-30T20:46:10.5132824Z > Task :expo-gradle-plugin:expo-autolinking-plugin-shared:classes UP-TO-DATE
Build APK and Create Release	Build Android Release APK	2026-09-30T20:46:10.5173305Z > Task :expo-gradle-plugin:expo-autolinking-plugin-shared:jar
Build APK and Create Release	Build Android Release APK	2026-09-30T20:46:21.2049576Z > Task :gradle-plugin:settings-plugin:compileKotlin
Build APK and Create Release	Build Android Release APK	2026-09-30T20:46:21.2053402Z > Task :gradle-plugin:settings-plugin:compileJava NO-SOURCE
Build APK and Create Release	Build Android Release APK	2026-09-30T20:46:21.2063710Z > Task :gradle-plugin:settings-plugin:classes
Build APK and Create Release	Build Android Release APK	2026-09-30T20:46:21.2103294Z > Task :gradle-plugin:settings-plugin:jar
Build APK and Create Release	Build Android Release APK	2026-09-30T20:46:22.8064047Z > Task :expo-gradle-plugin:expo-autolinking-settings-plugin:compileKotlin
Build APK and Create Release	Build Android Release APK	2026-09-30T20:46:22.8073467Z > Task :expo-gradle-plugin:expo-autolinking-settings-plugin:compileJava NO-SOURCE
Build APK and Create Release	Build Android Release APK	2026-09-30T20:46:22.8093709Z > Task :expo-gradle-plugin:expo-autolinking-settings-plugin:classes
Build APK and Create Release	Build Android Release APK	2026-09-30T20:46:22.8128308Z > Task :expo-gradle-plugin:expo-autolinking-settings-plugin:jar
Build APK and Create Release	Build Android Release APK	2026-09-30T20:46:42.0054577Z > Task :gradle-plugin:react-native-gradle-plugin:checkKotlinGradlePluginConfigurationErrors SKIPPED
Build APK and Create Release	Build Android Release APK	2026-09-30T20:46:42.0073506Z > Task :expo-module-gradle-plugin:checkKotlinGradlePluginConfigurationErrors SKIPPED
Build APK and Create Release	Build Android Release APK	2026-09-30T20:46:42.0075716Z > Task :expo-gradle-plugin:expo-autolinking-plugin:checkKotlinGradlePluginConfigurationErrors SKIPPED
Build APK and Create Release	Build Android Release APK	2026-09-30T20:46:42.0108117Z > Task :expo-gradle-plugin:expo-max-sdk-override-plugin:checkKotlinGradlePluginConfigurationErrors SKIPPED
Build APK and Create Release	Build Android Release APK	2026-09-30T20:46:42.0109465Z > Task :expo-module-gradle-plugin:pluginDescriptors
Build APK and Create Release	Build Android Release APK	2026-09-30T20:46:42.0142916Z > Task :expo-module-gradle-plugin:processResources
Build APK and Create Release	Build Android Release APK	2026-09-30T20:46:42.1047204Z > Task :expo-gradle-plugin:expo-autolinking-plugin:pluginDescriptors
Build APK and Create Release	Build Android Release APK	2026-09-30T20:46:42.1049230Z > Task :expo-gradle-plugin:expo-autolinking-plugin:processResources
Build APK and Create Release	Build Android Release APK	2026-09-30T20:46:42.1050283Z > Task :expo-gradle-plugin:expo-max-sdk-override-plugin:pluginDescriptors
Build APK and Create Release	Build Android Release APK	2026-09-30T20:46:42.1051090Z > Task :expo-gradle-plugin:expo-max-sdk-override-plugin:processResources
Build APK and Create Release	Build Android Release APK	2026-09-30T20:46:46.5054393Z > Task :expo-gradle-plugin:expo-autolinking-plugin:compileKotlin
Build APK and Create Release	Build Android Release APK	2026-09-30T20:46:46.5103742Z > Task :expo-gradle-plugin:expo-autolinking-plugin:compileJava NO-SOURCE
Build APK and Create Release	Build Android Release APK	2026-09-30T20:46:46.5133443Z > Task :expo-gradle-plugin:expo-autolinking-plugin:classes
Build APK and Create Release	Build Android Release APK	2026-09-30T20:46:46.5163298Z > Task :expo-gradle-plugin:expo-autolinking-plugin:jar
Build APK and Create Release	Build Android Release APK	2026-09-30T20:46:46.6063884Z > Task :expo-gradle-plugin:expo-max-sdk-override-plugin:compileKotlin
Build APK and Create Release	Build Android Release APK	2026-09-30T20:46:46.6093384Z > Task :expo-gradle-plugin:expo-max-sdk-override-plugin:compileJava NO-SOURCE
Build APK and Create Release	Build Android Release APK	2026-09-30T20:46:46.6094795Z > Task :expo-gradle-plugin:expo-max-sdk-override-plugin:classes
Build APK and Create Release	Build Android Release APK	2026-09-30T20:46:46.7050992Z > Task :expo-gradle-plugin:expo-max-sdk-override-plugin:jar
Build APK and Create Release	Build Android Release APK	2026-09-30T20:46:47.1054043Z > Task :gradle-plugin:react-native-gradle-plugin:pluginDescriptors
Build APK and Create Release	Build Android Release APK	2026-09-30T20:46:47.1093450Z > Task :gradle-plugin:react-native-gradle-plugin:processResources
Build APK and Create Release	Build Android Release APK	2026-09-30T20:46:51.7047605Z > Task :gradle-plugin:react-native-gradle-plugin:compileKotlin
Build APK and Create Release	Build Android Release APK	2026-09-30T20:46:51.7048770Z > Task :gradle-plugin:react-native-gradle-plugin:compileJava NO-SOURCE
Build APK and Create Release	Build Android Release APK	2026-09-30T20:46:51.7049708Z > Task :gradle-plugin:react-native-gradle-plugin:classes
Build APK and Create Release	Build Android Release APK	2026-09-30T20:46:51.8055808Z > Task :gradle-plugin:react-native-gradle-plugin:jar
Build APK and Create Release	Build Android Release APK	2026-09-30T20:46:53.3051031Z 
Build APK and Create Release	Build Android Release APK	2026-09-30T20:46:53.3052093Z > Task :expo-module-gradle-plugin:compileKotlin
Build APK and Create Release	Build Android Release APK	2026-09-30T20:46:53.3064932Z w: file:///home/runner/work/smart-parking-app/smart-parking-app/node_modules/expo-modules-core/expo-module-gradle-plugin/src/main/kotlin/expo/modules/plugin/android/AndroidLibraryExtension.kt:9:24 'var targetSdk: Int?' is deprecated. Will be removed from library DSL in v9.0. Use testOptions.targetSdk or/and lint.targetSdk instead.
Build APK and Create Release	Build Android Release APK	2026-09-30T20:46:53.4047392Z 
Build APK and Create Release	Build Android Release APK	2026-09-30T20:46:53.4048507Z > Task :expo-module-gradle-plugin:compileJava NO-SOURCE
Build APK and Create Release	Build Android Release APK	2026-09-30T20:46:53.4053224Z > Task :expo-module-gradle-plugin:classes
Build APK and Create Release	Build Android Release APK	2026-09-30T20:46:53.4054227Z > Task :expo-module-gradle-plugin:jar
Build APK and Create Release	Build Android Release APK	2026-09-30T20:47:03.5046966Z 
Build APK and Create Release	Build Android Release APK	2026-09-30T20:47:03.5073670Z > Configure project :
Build APK and Create Release	Build Android Release APK	2026-09-30T20:47:03.5084500Z ^[[32m[ExpoRootProject]^[[0m Using the following versions:
Build APK and Create Release	Build Android Release APK	2026-09-30T20:47:03.5085531Z   - buildTools:  ^[[32m36.0.0^[[0m
Build APK and Create Release	Build Android Release APK	2026-09-30T20:47:03.5086457Z   - minSdk:      ^[[32m24^[[0m
Build APK and Create Release	Build Android Release APK	2026-09-30T20:47:03.5087183Z   - compileSdk:  ^[[32m36^[[0m
Build APK and Create Release	Build Android Release APK	2026-09-30T20:47:03.5087934Z   - targetSdk:   ^[[32m36^[[0m
Build APK and Create Release	Build Android Release APK	2026-09-30T20:47:03.5088701Z   - ndk:         ^[[32m27.1.12297006^[[0m
Build APK and Create Release	Build Android Release APK	2026-09-30T20:47:03.5089504Z   - kotlin:      ^[[32m2.1.20^[[0m
Build APK and Create Release	Build Android Release APK	2026-09-30T20:47:03.5090303Z   - ksp:         ^[[32m2.1.20-2.0.1^[[0m
Build APK and Create Release	Build Android Release APK	2026-09-30T20:47:23.4047415Z 
Build APK and Create Release	Build Android Release APK	2026-09-30T20:47:23.4048378Z > Configure project :app
Build APK and Create Release	Build Android Release APK	2026-09-30T20:47:23.4068344Z  ℹ️  ^[[33mApplying gradle plugin^[[0m '^[[32mexpo-max-sdk-override-plugin^[[0m'
Build APK and Create Release	Build Android Release APK	2026-09-30T20:47:23.4071812Z   [expo-max-sdk-override-plugin] This plugin will find all permissions declared with `android:maxSdkVersion`. If there exists a declaration with the `android:maxSdkVersion` annotation and another one without, the plugin will remove the annotation from the final merged manifest. In order to see a log with the changes run a clean build of the app.
Build APK and Create Release	Build Android Release APK	2026-09-30T20:47:23.4075465Z Checking the license for package NDK (Side by side) 27.1.12297006 in /usr/local/lib/android/sdk/licenses
Build APK and Create Release	Build Android Release APK	2026-09-30T20:47:23.4077356Z License for package NDK (Side by side) 27.1.12297006 accepted.
Build APK and Create Release	Build Android Release APK	2026-09-30T20:47:23.4078553Z Preparing "Install NDK (Side by side) 27.1.12297006 v.27.1.12297006".
Build APK and Create Release	Build Android Release APK	2026-09-30T20:47:23.4079686Z "Install NDK (Side by side) 27.1.12297006 v.27.1.12297006" ready.
Build APK and Create Release	Build Android Release APK	2026-09-30T20:47:23.4080984Z Installing NDK (Side by side) 27.1.12297006 in /usr/local/lib/android/sdk/ndk/27.1.12297006
Build APK and Create Release	Build Android Release APK	2026-09-30T20:47:23.4082279Z "Install NDK (Side by side) 27.1.12297006 v.27.1.12297006" complete.
Build APK and Create Release	Build Android Release APK	2026-09-30T20:47:23.4083619Z "Install NDK (Side by side) 27.1.12297006 v.27.1.12297006" finished.
Build APK and Create Release	Build Android Release APK	2026-09-30T20:47:25.4048411Z 
Build APK and Create Release	Build Android Release APK	2026-09-30T20:47:25.4083718Z > Configure project :expo
Build APK and Create Release	Build Android Release APK	2026-09-30T20:47:25.4084418Z 
Build APK and Create Release	Build Android Release APK	2026-09-30T20:47:25.4084971Z Using expo modules
Build APK and Create Release	Build Android Release APK	2026-09-30T20:47:25.4086013Z   - ^[[32mexpo-log-box^[[0m (57.0.4)
Build APK and Create Release	Build Android Release APK	2026-09-30T20:47:25.4089728Z   - ^[[32mexpo-constants^[[0m (57.0.20)
Build APK and Create Release	Build Android Release APK	2026-09-30T20:47:35.6083078Z 
Build APK and Create Release	Build Android Release APK	2026-09-30T20:47:35.6113621Z > Configure project :expo-modules-core
Build APK and Create Release	Build Android Release APK	2026-09-30T20:47:35.6137978Z Linking react-native-worklets native libs into expo-modules-core build tasks
Build APK and Create Release	Build Android Release APK	2026-09-30T20:47:35.6163415Z task ':react-native-worklets:mergeDebugNativeLibs'
Build APK and Create Release	Build Android Release APK	2026-09-30T20:47:35.6193307Z task ':react-native-worklets:mergeReleaseNativeLibs'
Build APK and Create Release	Build Android Release APK	2026-09-30T20:47:35.6222989Z 
Build APK and Create Release	Build Android Release APK	2026-09-30T20:47:35.6253108Z > Configure project :expo
Build APK and Create Release	Build Android Release APK	2026-09-30T20:47:35.6283558Z   - ^[[32mexpo-modules-core^[[0m (57.0.20)
Build APK and Create Release	Build Android Release APK	2026-09-30T20:47:35.6353799Z   - ^[[33m[📦]^[[0m ^[[32mexpo-dom-webview^[[0m (57.0.1)
Build APK and Create Release	Build Android Release APK	2026-09-30T20:47:35.6413536Z   - ^[[33m[📦]^[[0m ^[[32mexpo-ui^[[0m (57.0.21)
Build APK and Create Release	Build Android Release APK	2026-09-30T20:47:35.6523662Z   - ^[[33m[📦]^[[0m ^[[32mexpo-asset^[[0m (57.0.18)
Build APK and Create Release	Build Android Release APK	2026-09-30T20:47:35.6533120Z   - ^[[33m[📦]^[[0m ^[[32mexpo-file-system^[[0m (57.0.7)
Build APK and Create Release	Build Android Release APK	2026-09-30T20:47:35.6583168Z   - ^[[33m[📦]^[[0m ^[[32mexpo-font^[[0m (57.0.4)
Build APK and Create Release	Build Android Release APK	2026-09-30T20:47:35.6639442Z   - ^[[33m[📦]^[[0m ^[[32mexpo-keep-awake^[[0m (57.0.2)
Build APK and Create Release	Build Android Release APK	2026-09-30T20:47:35.6654278Z   - ^[[33m[📦]^[[0m ^[[32mexpo-linking^[[0m (57.0.11)
Build APK and Create Release	Build Android Release APK	2026-09-30T20:47:35.6655029Z   - ^[[33m[📦]^[[0m ^[[32mexpo-location^[[0m (57.0.20)
Build APK and Create Release	Build Android Release APK	2026-09-30T20:47:35.6655682Z   - ^[[33m[📦]^[[0m ^[[32mexpo-router^[[0m (57.0.24)
Build APK and Create Release	Build Android Release APK	2026-09-30T20:47:35.6656354Z   - ^[[33m[📦]^[[0m ^[[32mexpo-splash-screen^[[0m (57.0.9)
Build APK and Create Release	Build Android Release APK	2026-09-30T20:47:35.6657059Z   - ^[[33m[📦]^[[0m ^[[32mexpo-status-bar^[[0m (57.0.1)
Build APK and Create Release	Build Android Release APK	2026-09-30T20:47:35.6657420Z 
Build APK and Create Release	Build Android Release APK	2026-09-30T20:49:55.5067781Z 
Build APK and Create Release	Build Android Release APK	2026-09-30T20:49:55.5109872Z > Task :expo-log-box:preBuild UP-TO-DATE
Build APK and Create Release	Build Android Release APK	2026-09-30T20:49:55.5204320Z > Task :expo-modules-core:preBuild UP-TO-DATE
Build APK and Create Release	Build Android Release APK	2026-09-30T20:49:55.5213422Z > Task :expo:generatePackagesList
Build APK and Create Release	Build Android Release APK	2026-09-30T20:49:55.5214115Z > Task :expo:preBuild
Build APK and Create Release	Build Android Release APK	2026-09-30T20:49:55.5214776Z > Task :app:generateAutolinkingNewArchitectureFiles
Build APK and Create Release	Build Android Release APK	2026-09-30T20:49:55.5215580Z > Task :app:generateAutolinkingPackageList
Build APK and Create Release	Build Android Release APK	2026-09-30T20:49:55.5216413Z > Task :app:generateCodegenSchemaFromJavaScript SKIPPED
Build APK and Create Release	Build Android Release APK	2026-09-30T20:49:55.5217778Z > Task :app:generateCodegenArtifactsFromSchema SKIPPED
Build APK and Create Release	Build Android Release APK	2026-09-30T20:49:55.5218554Z > Task :app:generateReactNativeEntryPoint
Build APK and Create Release	Build Android Release APK	2026-09-30T20:49:55.8048974Z > Task :react-native-async-storage_async-storage:generateCodegenSchemaFromJavaScript
Build APK and Create Release	Build Android Release APK	2026-09-30T20:49:55.8064041Z > Task :mappls-map-react-native:generateCodegenSchemaFromJavaScript
Build APK and Create Release	Build Android Release APK	2026-09-30T20:49:55.8093719Z > Task :react-native-gesture-handler:generateCodegenSchemaFromJavaScript
Build APK and Create Release	Build Android Release APK	2026-09-30T20:49:55.9047444Z 
Build APK and Create Release	Build Android Release APK	2026-09-30T20:49:55.9084571Z The NODE_ENV environment variable is required but was not specified. Ensure the project is bundled with Expo CLI or NODE_ENV is set. Using only .env.local and .env
Build APK and Create Release	Build Android Release APK	2026-09-30T20:49:55.9086013Z > Task :expo-constants:createExpoConfig
Build APK and Create Release	Build Android Release APK	2026-09-30T20:49:55.9086853Z env: load .env
Build APK and Create Release	Build Android Release APK	2026-09-30T20:49:55.9113558Z env: export EXPO_PUBLIC_SUPABASE_ANON_KEY EXPO_PUBLIC_SUPABASE_URL
Build APK and Create Release	Build Android Release APK	2026-09-30T20:49:55.9142883Z 
Build APK and Create Release	Build Android Release APK	2026-09-30T20:49:55.9156496Z > Task :expo-constants:preBuild
Build APK and Create Release	Build Android Release APK	2026-09-30T20:49:55.9173396Z > Task :react-native-masked-view_masked-view:preBuild UP-TO-DATE
Build APK and Create Release	Build Android Release APK	2026-09-30T20:49:56.1075458Z > Task :react-native-async-storage_async-storage:generateCodegenArtifactsFromSchema
Build APK and Create Release	Build Android Release APK	2026-09-30T20:49:56.1086750Z > Task :react-native-async-storage_async-storage:preBuild
Build APK and Create Release	Build Android Release APK	2026-09-30T20:49:56.1102904Z > Task :mappls-map-react-native:generateCodegenArtifactsFromSchema
Build APK and Create Release	Build Android Release APK	2026-09-30T20:49:56.1133335Z > Task :mappls-map-react-native:preBuild
Build APK and Create Release	Build Android Release APK	2026-09-30T20:49:56.1164410Z > Task :react-native-reanimated:assertMinimalReactNativeVersionTask
Build APK and Create Release	Build Android Release APK	2026-09-30T20:49:56.2102011Z No modules to process in combine-js-to-schema-cli. If this is unexpected, please check if you set up your NativeComponent correctly. See combine-js-to-schema.js for how codegen finds modules.
Build APK and Create Release	Build Android Release APK	2026-09-30T20:49:56.2104449Z > Task :react-native-gesture-handler:generateCodegenArtifactsFromSchema
Build APK and Create Release	Build Android Release APK	2026-09-30T20:49:56.2143459Z > Task :react-native-gesture-handler:preBuild
Build APK and Create Release	Build Android Release APK	2026-09-30T20:49:56.2152993Z 
Build APK and Create Release	Build Android Release APK	2026-09-30T20:49:56.2183610Z > Task :react-native-ola-maps:generateCodegenSchemaFromJavaScript
Build APK and Create Release	Build Android Release APK	2026-09-30T20:49:56.2202998Z 
Build APK and Create Release	Build Android Release APK	2026-09-30T20:49:56.2213582Z > Task :react-native-reanimated:assertWorkletsVersionTask
Build APK and Create Release	Build Android Release APK	2026-09-30T20:49:56.4090383Z > Task :react-native-safe-area-context:generateCodegenSchemaFromJavaScript
Build APK and Create Release	Build Android Release APK	2026-09-30T20:49:56.5048602Z > Task :react-native-ola-maps:generateCodegenArtifactsFromSchema
Build APK and Create Release	Build Android Release APK	2026-09-30T20:49:56.5133418Z > Task :react-native-ola-maps:preBuild
Build APK and Create Release	Build Android Release APK	2026-09-30T20:49:56.5193352Z > Task :react-native-reanimated:generateCodegenSchemaFromJavaScript
Build APK and Create Release	Build Android Release APK	2026-09-30T20:49:56.5222067Z > Task :react-native-screens:generateCodegenSchemaFromJavaScript
Build APK and Create Release	Build Android Release APK	2026-09-30T20:49:56.7047885Z > Task :react-native-safe-area-context:generateCodegenArtifactsFromSchema
Build APK and Create Release	Build Android Release APK	2026-09-30T20:49:56.7083465Z > Task :react-native-safe-area-context:preBuild
Build APK and Create Release	Build Android Release APK	2026-09-30T20:49:56.8047824Z > Task :react-native-reanimated:generateCodegenArtifactsFromSchema
Build APK and Create Release	Build Android Release APK	2026-09-30T20:49:56.9047781Z > Task :react-native-svg:generateCodegenSchemaFromJavaScript
Build APK and Create Release	Build Android Release APK	2026-09-30T20:49:56.9051427Z > Task :react-native-screens:generateCodegenArtifactsFromSchema
Build APK and Create Release	Build Android Release APK	2026-09-30T20:49:56.9052969Z > Task :react-native-screens:preBuild
Build APK and Create Release	Build Android Release APK	2026-09-30T20:49:56.9054111Z > Task :react-native-reanimated:prepareReanimatedHeadersForPrefabs
Build APK and Create Release	Build Android Release APK	2026-09-30T20:49:56.9055269Z > Task :react-native-reanimated:preBuild
Build APK and Create Release	Build Android Release APK	2026-09-30T20:49:56.9056199Z > Task :react-native-reanimated:preReleaseBuild
Build APK and Create Release	Build Android Release APK	2026-09-30T20:49:56.9058713Z > Task :expo:preReleaseBuild
Build APK and Create Release	Build Android Release APK	2026-09-30T20:49:57.0074033Z > Task :react-native-worklets:assertMinimalReactNativeVersionTask
Build APK and Create Release	Build Android Release APK	2026-09-30T20:49:57.0134873Z > Task :expo:mergeReleaseJniLibFolders
Build APK and Create Release	Build Android Release APK	2026-09-30T20:49:57.0136113Z > Task :expo:mergeReleaseNativeLibs NO-SOURCE
Build APK and Create Release	Build Android Release APK	2026-09-30T20:49:57.0173585Z > Task :react-native-webview:generateCodegenSchemaFromJavaScript
Build APK and Create Release	Build Android Release APK	2026-09-30T20:49:57.0203370Z > Task :expo:copyReleaseJniLibsProjectOnly
Build APK and Create Release	Build Android Release APK	2026-09-30T20:49:57.0229229Z > Task :expo-constants:preReleaseBuild
Build APK and Create Release	Build Android Release APK	2026-09-30T20:49:57.0267519Z > Task :expo-constants:mergeReleaseJniLibFolders
Build APK and Create Release	Build Android Release APK	2026-09-30T20:49:57.0293290Z > Task :expo-constants:mergeReleaseNativeLibs NO-SOURCE
Build APK and Create Release	Build Android Release APK	2026-09-30T20:49:57.0294862Z > Task :expo-constants:copyReleaseJniLibsProjectOnly
Build APK and Create Release	Build Android Release APK	2026-09-30T20:49:57.0323358Z > Task :expo-log-box:preReleaseBuild UP-TO-DATE
Build APK and Create Release	Build Android Release APK	2026-09-30T20:49:57.0353349Z > Task :expo-log-box:mergeReleaseJniLibFolders
Build APK and Create Release	Build Android Release APK	2026-09-30T20:49:57.0383478Z > Task :expo-log-box:mergeReleaseNativeLibs NO-SOURCE
Build APK and Create Release	Build Android Release APK	2026-09-30T20:49:57.0384840Z > Task :expo-log-box:copyReleaseJniLibsProjectOnly
Build APK and Create Release	Build Android Release APK	2026-09-30T20:49:57.0433576Z > Task :expo-modules-core:preReleaseBuild UP-TO-DATE
Build APK and Create Release	Build Android Release APK	2026-09-30T20:49:57.0434703Z > Task :expo-modules-core:mergeReleaseJniLibFolders
Build APK and Create Release	Build Android Release APK	2026-09-30T20:49:57.0435774Z > Task :mappls-map-react-native:preReleaseBuild
Build APK and Create Release	Build Android Release APK	2026-09-30T20:49:57.1070476Z > Task :mappls-map-react-native:mergeReleaseJniLibFolders
Build APK and Create Release	Build Android Release APK	2026-09-30T20:49:57.1093594Z > Task :mappls-map-react-native:mergeReleaseNativeLibs NO-SOURCE
Build APK and Create Release	Build Android Release APK	2026-09-30T20:49:57.1123464Z > Task :mappls-map-react-native:copyReleaseJniLibsProjectOnly
Build APK and Create Release	Build Android Release APK	2026-09-30T20:49:57.1124494Z > Task :react-native-async-storage_async-storage:preReleaseBuild
Build APK and Create Release	Build Android Release APK	2026-09-30T20:49:57.1125597Z > Task :react-native-async-storage_async-storage:mergeReleaseJniLibFolders
Build APK and Create Release	Build Android Release APK	2026-09-30T20:49:57.1126855Z > Task :react-native-async-storage_async-storage:mergeReleaseNativeLibs NO-SOURCE
Build APK and Create Release	Build Android Release APK	2026-09-30T20:49:57.1153495Z > Task :react-native-async-storage_async-storage:copyReleaseJniLibsProjectOnly
Build APK and Create Release	Build Android Release APK	2026-09-30T20:49:57.1183259Z > Task :react-native-gesture-handler:preReleaseBuild
Build APK and Create Release	Build Android Release APK	2026-09-30T20:49:57.1203500Z > Task :react-native-gesture-handler:mergeReleaseJniLibFolders
Build APK and Create Release	Build Android Release APK	2026-09-30T20:49:57.1243744Z > Task :react-native-masked-view_masked-view:preReleaseBuild UP-TO-DATE
Build APK and Create Release	Build Android Release APK	2026-09-30T20:49:57.1267244Z > Task :react-native-masked-view_masked-view:mergeReleaseJniLibFolders
Build APK and Create Release	Build Android Release APK	2026-09-30T20:49:57.1268512Z > Task :react-native-masked-view_masked-view:mergeReleaseNativeLibs NO-SOURCE
Build APK and Create Release	Build Android Release APK	2026-09-30T20:49:57.1271941Z > Task :react-native-masked-view_masked-view:copyReleaseJniLibsProjectOnly
Build APK and Create Release	Build Android Release APK	2026-09-30T20:49:57.1273152Z > Task :react-native-ola-maps:preReleaseBuild
Build APK and Create Release	Build Android Release APK	2026-09-30T20:49:57.1273948Z > Task :react-native-ola-maps:mergeReleaseJniLibFolders
Build APK and Create Release	Build Android Release APK	2026-09-30T20:49:57.1274878Z > Task :react-native-ola-maps:mergeReleaseNativeLibs NO-SOURCE
Build APK and Create Release	Build Android Release APK	2026-09-30T20:49:57.1275735Z > Task :react-native-ola-maps:copyReleaseJniLibsProjectOnly
Build APK and Create Release	Build Android Release APK	2026-09-30T20:49:57.1276736Z > Task :react-native-reanimated:mergeReleaseJniLibFolders
Build APK and Create Release	Build Android Release APK	2026-09-30T20:49:57.1278022Z > Task :react-native-safe-area-context:preReleaseBuild
Build APK and Create Release	Build Android Release APK	2026-09-30T20:49:57.1278920Z > Task :react-native-safe-area-context:mergeReleaseJniLibFolders
Build APK and Create Release	Build Android Release APK	2026-09-30T20:49:57.1279956Z > Task :react-native-safe-area-context:mergeReleaseNativeLibs NO-SOURCE
Build APK and Create Release	Build Android Release APK	2026-09-30T20:49:57.1281031Z > Task :react-native-safe-area-context:copyReleaseJniLibsProjectOnly
Build APK and Create Release	Build Android Release APK	2026-09-30T20:49:57.1323557Z > Task :react-native-screens:preReleaseBuild
Build APK and Create Release	Build Android Release APK	2026-09-30T20:49:57.2065060Z > Task :react-native-svg:generateCodegenArtifactsFromSchema
Build APK and Create Release	Build Android Release APK	2026-09-30T20:49:57.2123424Z > Task :react-native-svg:preBuild
Build APK and Create Release	Build Android Release APK	2026-09-30T20:49:57.2183436Z > Task :react-native-svg:preReleaseBuild
Build APK and Create Release	Build Android Release APK	2026-09-30T20:49:57.2213537Z > Task :react-native-svg:mergeReleaseJniLibFolders
Build APK and Create Release	Build Android Release APK	2026-09-30T20:49:57.2243396Z > Task :react-native-svg:mergeReleaseNativeLibs NO-SOURCE
Build APK and Create Release	Build Android Release APK	2026-09-30T20:49:57.2293529Z > Task :react-native-worklets:generateCodegenSchemaFromJavaScript
Build APK and Create Release	Build Android Release APK	2026-09-30T20:49:57.2323307Z > Task :react-native-svg:copyReleaseJniLibsProjectOnly
Build APK and Create Release	Build Android Release APK	2026-09-30T20:49:57.2383603Z > Task :react-native-gesture-handler:checkKotlinGradlePluginConfigurationErrors SKIPPED
Build APK and Create Release	Build Android Release APK	2026-09-30T20:49:57.2413355Z > Task :react-native-gesture-handler:generateReleaseBuildConfig
Build APK and Create Release	Build Android Release APK	2026-09-30T20:49:57.2467471Z > Task :react-native-gesture-handler:generateReleaseResValues
Build APK and Create Release	Build Android Release APK	2026-09-30T20:49:57.3064944Z > Task :react-native-gesture-handler:generateReleaseResources
Build APK and Create Release	Build Android Release APK	2026-09-30T20:49:57.3099769Z > Task :react-native-gesture-handler:packageReleaseResources
Build APK and Create Release	Build Android Release APK	2026-09-30T20:49:57.4047726Z > Task :react-native-webview:generateCodegenArtifactsFromSchema
Build APK and Create Release	Build Android Release APK	2026-09-30T20:49:57.4048541Z > Task :react-native-webview:preBuild
Build APK and Create Release	Build Android Release APK	2026-09-30T20:49:57.4049015Z > Task :react-native-webview:preReleaseBuild
Build APK and Create Release	Build Android Release APK	2026-09-30T20:49:57.5047069Z > Task :react-native-worklets:generateCodegenArtifactsFromSchema
Build APK and Create Release	Build Android Release APK	2026-09-30T20:49:57.5048642Z > Task :react-native-worklets:prepareWorkletsHeadersForPrefabs
Build APK and Create Release	Build Android Release APK	2026-09-30T20:49:57.5049323Z > Task :react-native-worklets:preBuild
Build APK and Create Release	Build Android Release APK	2026-09-30T20:49:57.5049750Z > Task :app:preBuild
Build APK and Create Release	Build Android Release APK	2026-09-30T20:49:57.5050089Z > Task :app:preReleaseBuild
Build APK and Create Release	Build Android Release APK	2026-09-30T20:49:57.5050549Z > Task :react-native-worklets:preReleaseBuild
Build APK and Create Release	Build Android Release APK	2026-09-30T20:49:58.0047667Z > Task :react-native-webview:mergeReleaseJniLibFolders
Build APK and Create Release	Build Android Release APK	2026-09-30T20:49:58.5050383Z > Task :app:mergeReleaseJniLibFolders
Build APK and Create Release	Build Android Release APK	2026-09-30T20:49:58.5051690Z > Task :react-native-webview:mergeReleaseNativeLibs NO-SOURCE
Build APK and Create Release	Build Android Release APK	2026-09-30T20:49:58.5053007Z > Task :react-native-webview:copyReleaseJniLibsProjectOnly
Build APK and Create Release	Build Android Release APK	2026-09-30T20:49:58.5054327Z > Task :react-native-reanimated:checkKotlinGradlePluginConfigurationErrors SKIPPED
Build APK and Create Release	Build Android Release APK	2026-09-30T20:49:58.5055626Z > Task :react-native-reanimated:generateReleaseBuildConfig
Build APK and Create Release	Build Android Release APK	2026-09-30T20:49:58.5056557Z > Task :react-native-reanimated:generateReleaseResValues
Build APK and Create Release	Build Android Release APK	2026-09-30T20:49:58.5057592Z > Task :react-native-reanimated:generateReleaseResources
Build APK and Create Release	Build Android Release APK	2026-09-30T20:49:58.5058656Z > Task :react-native-reanimated:packageReleaseResources
Build APK and Create Release	Build Android Release APK	2026-09-30T20:49:58.6077204Z > Task :react-native-reanimated:parseReleaseLocalResources
Build APK and Create Release	Build Android Release APK	2026-09-30T20:49:58.6079069Z > Task :react-native-gesture-handler:parseReleaseLocalResources
Build APK and Create Release	Build Android Release APK	2026-09-30T20:49:58.6103606Z > Task :react-native-reanimated:generateReleaseRFile
Build APK and Create Release	Build Android Release APK	2026-09-30T20:49:58.6133399Z > Task :react-native-gesture-handler:generateReleaseRFile
Build APK and Create Release	Build Android Release APK	2026-09-30T20:49:58.6153571Z > Task :react-native-svg:generateReleaseBuildConfig
Build APK and Create Release	Build Android Release APK	2026-09-30T20:49:58.6157334Z > Task :react-native-reanimated:javaPreCompileRelease
Build APK and Create Release	Build Android Release APK	2026-09-30T20:49:58.6165926Z > Task :react-native-svg:generateReleaseResValues
Build APK and Create Release	Build Android Release APK	2026-09-30T20:49:58.6166906Z > Task :react-native-gesture-handler:javaPreCompileRelease
Build APK and Create Release	Build Android Release APK	2026-09-30T20:49:58.6168105Z > Task :react-native-ola-maps:checkKotlinGradlePluginConfigurationErrors SKIPPED
Build APK and Create Release	Build Android Release APK	2026-09-30T20:49:58.6183436Z > Task :react-native-svg:generateReleaseResources
Build APK and Create Release	Build Android Release APK	2026-09-30T20:49:58.6184586Z > Task :react-native-ola-maps:generateReleaseBuildConfig
Build APK and Create Release	Build Android Release APK	2026-09-30T20:49:58.6185575Z > Task :react-native-ola-maps:generateReleaseResValues
Build APK and Create Release	Build Android Release APK	2026-09-30T20:49:58.6186524Z > Task :react-native-ola-maps:generateReleaseResources
Build APK and Create Release	Build Android Release APK	2026-09-30T20:49:58.6187388Z > Task :react-native-svg:packageReleaseResources
Build APK and Create Release	Build Android Release APK	2026-09-30T20:49:58.7080764Z > Task :react-native-ola-maps:packageReleaseResources
Build APK and Create Release	Build Android Release APK	2026-09-30T20:49:58.7123553Z > Task :react-native-svg:javaPreCompileRelease
Build APK and Create Release	Build Android Release APK	2026-09-30T20:49:58.7153305Z > Task :react-native-svg:parseReleaseLocalResources
Build APK and Create Release	Build Android Release APK	2026-09-30T20:49:58.7183558Z > Task :react-native-ola-maps:parseReleaseLocalResources
Build APK and Create Release	Build Android Release APK	2026-09-30T20:49:58.7203404Z > Task :react-native-ola-maps:generateReleaseRFile
Build APK and Create Release	Build Android Release APK	2026-09-30T20:49:58.7203993Z > Task :react-native-svg:generateReleaseRFile
Build APK and Create Release	Build Android Release APK	2026-09-30T20:49:59.1054629Z 
Build APK and Create Release	Build Android Release APK	2026-09-30T20:49:59.1055697Z > Task :react-native-screens:configureCMakeRelWithDebInfo[arm64-v8a]
Build APK and Create Release	Build Android Release APK	2026-09-30T20:49:59.1057439Z Checking the license for package CMake 3.22.1 in /usr/local/lib/android/sdk/licenses
Build APK and Create Release	Build Android Release APK	2026-09-30T20:49:59.1058769Z License for package CMake 3.22.1 accepted.
Build APK and Create Release	Build Android Release APK	2026-09-30T20:49:59.1059448Z Preparing "Install CMake 3.22.1 v.3.22.1".
Build APK and Create Release	Build Android Release APK	2026-09-30T20:49:59.1060252Z "Install CMake 3.22.1 v.3.22.1" ready.
Build APK and Create Release	Build Android Release APK	2026-09-30T20:49:59.1061189Z Installing CMake 3.22.1 in /usr/local/lib/android/sdk/cmake/3.22.1
Build APK and Create Release	Build Android Release APK	2026-09-30T20:49:59.1062120Z "Install CMake 3.22.1 v.3.22.1" complete.
Build APK and Create Release	Build Android Release APK	2026-09-30T20:49:59.1063182Z "Install CMake 3.22.1 v.3.22.1" finished.
Build APK and Create Release	Build Android Release APK	2026-09-30T20:50:12.1093695Z 
Build APK and Create Release	Build Android Release APK	2026-09-30T20:50:12.1133485Z > Task :react-native-worklets:configureCMakeRelWithDebInfo[arm64-v8a]
Build APK and Create Release	Build Android Release APK	2026-09-30T20:50:17.1057276Z 
Build APK and Create Release	Build Android Release APK	2026-09-30T20:50:17.1143761Z > Task :react-native-ola-maps:compileReleaseKotlin
Build APK and Create Release	Build Android Release APK	2026-09-30T20:50:17.1259373Z w: file:///home/runner/work/smart-parking-app/smart-parking-app/node_modules/react-native-ola-maps/android/src/main/java/com/olamaps/MapView.kt:53:9 Condition is always 'false'.
Build APK and Create Release	Build Android Release APK	2026-09-30T20:50:17.1605598Z w: file:///home/runner/work/smart-parking-app/smart-parking-app/node_modules/react-native-ola-maps/android/src/main/java/com/olamaps/OlaMapManager.kt:12:8 'interface RCTEventEmitter : JavaScriptModule' is deprecated. Use [RCTModernEventEmitter] instead.
Build APK and Create Release	Build Android Release APK	2026-09-30T20:50:17.1698389Z w: file:///home/runner/work/smart-parking-app/smart-parking-app/node_modules/react-native-ola-maps/android/src/main/java/com/olamaps/OlaMapManager.kt:50:25 'interface RCTEventEmitter : JavaScriptModule' is deprecated. Use [RCTModernEventEmitter] instead.
Build APK and Create Release	Build Android Release APK	2026-09-30T20:50:17.1753182Z w: file:///home/runner/work/smart-parking-app/smart-parking-app/node_modules/react-native-ola-maps/android/src/main/java/com/olamaps/OlaMapManager.kt:50:54 'fun receiveEvent(targetTag: Int, eventName: String, params: WritableMap?): Unit' is deprecated. Use [RCTModernEventEmitter.receiveEvent] instead.
Build APK and Create Release	Build Android Release APK	2026-09-30T20:50:17.1815340Z w: file:///home/runner/work/smart-parking-app/smart-parking-app/node_modules/react-native-ola-maps/android/src/main/java/com/olamaps/OlaMapsPackage.kt:11:16 This declaration overrides a deprecated member but is not marked as deprecated itself. Add the '@Deprecated' annotation or suppress the diagnostic.
Build APK and Create Release	Build Android Release APK	2026-09-30T20:50:18.6052967Z 
Build APK and Create Release	Build Android Release APK	2026-09-30T20:50:18.6103803Z > Task :react-native-ola-maps:javaPreCompileRelease
Build APK and Create Release	Build Android Release APK	2026-09-30T20:50:20.6062974Z 
Build APK and Create Release	Build Android Release APK	2026-09-30T20:50:20.6120780Z > Task :react-native-ola-maps:compileReleaseJavaWithJavac
Build APK and Create Release	Build Android Release APK	2026-09-30T20:50:20.6184238Z The following annotation processors are not incremental: lifecycle-compiler-2.0.0.jar (androidx.lifecycle:lifecycle-compiler:2.0.0).
Build APK and Create Release	Build Android Release APK	2026-09-30T20:50:20.6322923Z Make sure all annotation processors are incremental to improve your build speed.
Build APK and Create Release	Build Android Release APK	2026-09-30T20:50:28.7073165Z 
Build APK and Create Release	Build Android Release APK	2026-09-30T20:50:28.7118092Z > Task :react-native-svg:compileReleaseJavaWithJavac
Build APK and Create Release	Build Android Release APK	2026-09-30T20:50:30.0083756Z Note: Some input files use or override a deprecated API.
Build APK and Create Release	Build Android Release APK	2026-09-30T20:50:30.0103656Z Note: Recompile with -Xlint:deprecation for details.
Build APK and Create Release	Build Android Release APK	2026-09-30T20:50:30.0143438Z Note: Some input files use unchecked or unsafe operations.
Build APK and Create Release	Build Android Release APK	2026-09-30T20:50:30.0203305Z Note: Recompile with -Xlint:unchecked for details.
Build APK and Create Release	Build Android Release APK	2026-09-30T20:50:35.2063024Z 
Build APK and Create Release	Build Android Release APK	2026-09-30T20:50:35.2145122Z > Task :react-native-screens:buildCMakeRelWithDebInfo[arm64-v8a]
Build APK and Create Release	Build Android Release APK	2026-09-30T20:50:36.1103852Z > Task :react-native-ola-maps:bundleLibRuntimeToDirRelease
Build APK and Create Release	Build Android Release APK	2026-09-30T20:50:36.2053840Z > Task :react-native-svg:bundleLibCompileToJarRelease
Build APK and Create Release	Build Android Release APK	2026-09-30T20:50:36.2075971Z > Task :react-native-safe-area-context:checkKotlinGradlePluginConfigurationErrors SKIPPED
Build APK and Create Release	Build Android Release APK	2026-09-30T20:50:36.3063932Z > Task :react-native-safe-area-context:generateReleaseBuildConfig
Build APK and Create Release	Build Android Release APK	2026-09-30T20:50:36.3083597Z > Task :react-native-safe-area-context:generateReleaseResValues
Build APK and Create Release	Build Android Release APK	2026-09-30T20:50:36.3174513Z > Task :react-native-safe-area-context:generateReleaseResources
Build APK and Create Release	Build Android Release APK	2026-09-30T20:50:36.3256729Z > Task :react-native-safe-area-context:packageReleaseResources
Build APK and Create Release	Build Android Release APK	2026-09-30T20:50:36.4050829Z > Task :react-native-safe-area-context:parseReleaseLocalResources
Build APK and Create Release	Build Android Release APK	2026-09-30T20:50:36.5083780Z > Task :react-native-safe-area-context:generateReleaseRFile
Build APK and Create Release	Build Android Release APK	2026-09-30T20:50:37.0083954Z > Task :react-native-screens:configureCMakeRelWithDebInfo[armeabi-v7a]
Build APK and Create Release	Build Android Release APK	2026-09-30T20:50:42.1083970Z > Task :react-native-worklets:buildCMakeRelWithDebInfo[arm64-v8a][worklets]
Build APK and Create Release	Build Android Release APK	2026-09-30T20:50:42.8053992Z > Task :react-native-safe-area-context:javaPreCompileRelease
Build APK and Create Release	Build Android Release APK	2026-09-30T20:50:42.8083800Z > Task :react-native-webview:checkKotlinGradlePluginConfigurationErrors SKIPPED
Build APK and Create Release	Build Android Release APK	2026-09-30T20:50:42.8223570Z > Task :react-native-webview:generateReleaseBuildConfig
Build APK and Create Release	Build Android Release APK	2026-09-30T20:50:42.8393633Z > Task :react-native-webview:generateReleaseResValues
Build APK and Create Release	Build Android Release APK	2026-09-30T20:50:42.8553547Z > Task :react-native-webview:generateReleaseResources
Build APK and Create Release	Build Android Release APK	2026-09-30T20:50:43.0083656Z > Task :react-native-webview:packageReleaseResources
Build APK and Create Release	Build Android Release APK	2026-09-30T20:50:43.1063891Z > Task :react-native-webview:parseReleaseLocalResources
Build APK and Create Release	Build Android Release APK	2026-09-30T20:50:43.1097311Z > Task :react-native-webview:generateReleaseRFile
Build APK and Create Release	Build Android Release APK	2026-09-30T20:50:48.1062983Z 
Build APK and Create Release	Build Android Release APK	2026-09-30T20:50:48.1143634Z > Task :react-native-safe-area-context:compileReleaseKotlin
Build APK and Create Release	Build Android Release APK	2026-09-30T20:50:48.1226037Z w: file:///home/runner/work/smart-parking-app/smart-parking-app/node_modules/react-native-safe-area-context/android/src/main/java/com/th3rdwave/safeareacontext/SafeAreaProviderManager.kt:39:19 'fun getEventDispatcherForReactTag(context: ReactContext, reactTag: Int): EventDispatcher?' is deprecated. reactTag is no longer needed.
Build APK and Create Release	Build Android Release APK	2026-09-30T20:50:48.1315414Z w: file:///home/runner/work/smart-parking-app/smart-parking-app/node_modules/react-native-safe-area-context/android/src/main/java/com/th3rdwave/safeareacontext/SafeAreaView.kt:9:8 'class UIManagerModule : ReactContextBaseJavaModule, LifecycleEventListener, UIManager' is deprecated. Deprecated in Java.
Build APK and Create Release	Build Android Release APK	2026-09-30T20:50:48.1392787Z w: file:///home/runner/work/smart-parking-app/smart-parking-app/node_modules/react-native-safe-area-context/android/src/main/java/com/th3rdwave/safeareacontext/SafeAreaView.kt:50:54 'class UIManagerModule : ReactContextBaseJavaModule, LifecycleEventListener, UIManager' is deprecated. Deprecated in Java.
Build APK and Create Release	Build Android Release APK	2026-09-30T20:50:48.1415389Z w: file:///home/runner/work/smart-parking-app/smart-parking-app/node_modules/react-native-safe-area-context/android/src/main/java/com/th3rdwave/safeareacontext/SafeAreaView.kt:59:23 'val uiImplementation: UIImplementation!' is deprecated. Deprecated in Java.
Build APK and Create Release	Build Android Release APK	2026-09-30T20:50:48.1465834Z w: file:///home/runner/work/smart-parking-app/smart-parking-app/node_modules/react-native-safe-area-context/android/src/main/java/com/th3rdwave/safeareacontext/SafeAreaViewShadowNode.kt:9:32 'class LayoutShadowNode : ReactShadowNodeImpl' is deprecated. This class is part of Legacy Architecture and will be removed in a future release.
Build APK and Create Release	Build Android Release APK	2026-09-30T20:50:48.1525694Z w: file:///home/runner/work/smart-parking-app/smart-parking-app/node_modules/react-native-safe-area-context/android/src/main/java/com/th3rdwave/safeareacontext/SafeAreaViewShadowNode.kt:110:61 'class NativeViewHierarchyOptimizer : Any' is deprecated. This class is part of Legacy Architecture and will be removed in a future release.
Build APK and Create Release	Build Android Release APK	2026-09-30T20:50:49.1059656Z 
Build APK and Create Release	Build Android Release APK	2026-09-30T20:50:49.1085566Z > Task :react-native-safe-area-context:compileReleaseJavaWithJavac
Build APK and Create Release	Build Android Release APK	2026-09-30T20:50:49.2074219Z > Task :react-native-safe-area-context:bundleLibRuntimeToDirRelease
Build APK and Create Release	Build Android Release APK	2026-09-30T20:50:50.7084022Z 
Build APK and Create Release	Build Android Release APK	2026-09-30T20:50:50.7113697Z > Task :react-native-webview:compileReleaseKotlin
Build APK and Create Release	Build Android Release APK	2026-09-30T20:50:50.7129322Z w: file:///home/runner/work/smart-parking-app/smart-parking-app/node_modules/react-native-webview/android/src/main/java/com/reactnativecommunity/webview/RNCWebViewManagerImpl.kt:22:8 'object MapBuilder : Any' is deprecated. Use Kotlin's built-in collections extensions.
Build APK and Create Release	Build Android Release APK	2026-09-30T20:50:50.7185074Z w: file:///home/runner/work/smart-parking-app/smart-parking-app/node_modules/react-native-webview/android/src/main/java/com/reactnativecommunity/webview/RNCWebViewManagerImpl.kt:82:18 'var allowFileAccessFromFileURLs: Boolean' is deprecated. Deprecated in Java.
Build APK and Create Release	Build Android Release APK	2026-09-30T20:50:50.7214138Z w: file:///home/runner/work/smart-parking-app/smart-parking-app/node_modules/react-native-webview/android/src/main/java/com/reactnativecommunity/webview/RNCWebViewManagerImpl.kt:83:18 'var allowUniversalAccessFromFileURLs: Boolean' is deprecated. Deprecated in Java.
Build APK and Create Release	Build Android Release APK	2026-09-30T20:50:50.7265346Z w: file:///home/runner/work/smart-parking-app/smart-parking-app/node_modules/react-native-webview/android/src/main/java/com/reactnativecommunity/webview/RNCWebViewManagerImpl.kt:124:21 'fun allowScanningByMediaScanner(): Unit' is deprecated. Deprecated in Java.
Build APK and Create Release	Build Android Release APK	2026-09-30T20:50:50.7300514Z w: file:///home/runner/work/smart-parking-app/smart-parking-app/node_modules/react-native-webview/android/src/main/java/com/reactnativecommunity/webview/RNCWebViewManagerImpl.kt:161:36 'var systemUiVisibility: Int' is deprecated. Deprecated in Java.
Build APK and Create Release	Build Android Release APK	2026-09-30T20:50:50.7354932Z w: file:///home/runner/work/smart-parking-app/smart-parking-app/node_modules/react-native-webview/android/src/main/java/com/reactnativecommunity/webview/RNCWebViewManagerImpl.kt:300:14 'object MapBuilder : Any' is deprecated. Use Kotlin's built-in collections extensions.
Build APK and Create Release	Build Android Release APK	2026-09-30T20:50:50.7358628Z w: file:///home/runner/work/smart-parking-app/smart-parking-app/node_modules/react-native-webview/android/src/main/java/com/reactnativecommunity/webview/RNCWebViewManagerImpl.kt:350:34 Condition is always 'true'.
Build APK and Create Release	Build Android Release APK	2026-09-30T20:50:50.7365393Z w: file:///home/runner/work/smart-parking-app/smart-parking-app/node_modules/react-native-webview/android/src/main/java/com/reactnativecommunity/webview/RNCWebViewManagerImpl.kt:369:38 'var allowUniversalAccessFromFileURLs: Boolean' is deprecated. Deprecated in Java.
Build APK and Create Release	Build Android Release APK	2026-09-30T20:50:50.7369174Z w: file:///home/runner/work/smart-parking-app/smart-parking-app/node_modules/react-native-webview/android/src/main/java/com/reactnativecommunity/webview/RNCWebViewManagerImpl.kt:430:51 Unchecked cast of 'Any?' to 'HashMap<String, String>'.
Build APK and Create Release	Build Android Release APK	2026-09-30T20:50:50.7372927Z w: file:///home/runner/work/smart-parking-app/smart-parking-app/node_modules/react-native-webview/android/src/main/java/com/reactnativecommunity/webview/RNCWebViewManagerImpl.kt:486:23 'var savePassword: Boolean' is deprecated. Deprecated in Java.
Build APK and Create Release	Build Android Release APK	2026-09-30T20:50:50.7394903Z w: file:///home/runner/work/smart-parking-app/smart-parking-app/node_modules/react-native-webview/android/src/main/java/com/reactnativecommunity/webview/RNCWebViewManagerImpl.kt:487:23 'var saveFormData: Boolean' is deprecated. Deprecated in Java.
Build APK and Create Release	Build Android Release APK	2026-09-30T20:50:50.7445091Z w: file:///home/runner/work/smart-parking-app/smart-parking-app/node_modules/react-native-webview/android/src/main/java/com/reactnativecommunity/webview/RNCWebViewManagerImpl.kt:557:23 'var allowFileAccessFromFileURLs: Boolean' is deprecated. Deprecated in Java.
Build APK and Create Release	Build Android Release APK	2026-09-30T20:50:50.7475142Z w: file:///home/runner/work/smart-parking-app/smart-parking-app/node_modules/react-native-webview/android/src/main/java/com/reactnativecommunity/webview/RNCWebViewManagerImpl.kt:602:52 'static field FORCE_DARK_ON: Int' is deprecated. Deprecated in Java.
Build APK and Create Release	Build Android Release APK	2026-09-30T20:50:50.7535071Z w: file:///home/runner/work/smart-parking-app/smart-parking-app/node_modules/react-native-webview/android/src/main/java/com/reactnativecommunity/webview/RNCWebViewManagerImpl.kt:602:89 'static field FORCE_DARK_OFF: Int' is deprecated. Deprecated in Java.
Build APK and Create Release	Build Android Release APK	2026-09-30T20:50:50.7585256Z w: file:///home/runner/work/smart-parking-app/smart-parking-app/node_modules/react-native-webview/android/src/main/java/com/reactnativecommunity/webview/RNCWebViewManagerImpl.kt:603:35 'static fun setForceDark(p0: @NonNull() WebSettings, p1: Int): Unit' is deprecated. Deprecated in Java.
Build APK and Create Release	Build Android Release APK	2026-09-30T20:50:50.7625156Z w: file:///home/runner/work/smart-parking-app/smart-parking-app/node_modules/react-native-webview/android/src/main/java/com/reactnativecommunity/webview/RNCWebViewManagerImpl.kt:612:35 'static fun setForceDarkStrategy(p0: @NonNull() WebSettings, p1: Int): Unit' is deprecated. Deprecated in Java.
Build APK and Create Release	Build Android Release APK	2026-09-30T20:50:50.7665406Z w: file:///home/runner/work/smart-parking-app/smart-parking-app/node_modules/react-native-webview/android/src/main/java/com/reactnativecommunity/webview/RNCWebViewManagerImpl.kt:614:39 'static field DARK_STRATEGY_PREFER_WEB_THEME_OVER_USER_AGENT_DARKENING: Int' is deprecated. Deprecated in Java.
Build APK and Create Release	Build Android Release APK	2026-09-30T20:50:50.7715064Z w: file:///home/runner/work/smart-parking-app/smart-parking-app/node_modules/react-native-webview/android/src/main/java/com/reactnativecommunity/webview/RNCWebViewManagerImpl.kt:658:65 Unchecked cast of 'ArrayList<Any?>' to 'List<Map<String, String>>'.
Build APK and Create Release	Build Android Release APK	2026-09-30T20:50:50.7754831Z w: file:///home/runner/work/smart-parking-app/smart-parking-app/node_modules/react-native-webview/android/src/main/java/com/reactnativecommunity/webview/RNCWebViewManagerImpl.kt:679:23 'var saveFormData: Boolean' is deprecated. Deprecated in Java.
Build APK and Create Release	Build Android Release APK	2026-09-30T20:50:50.7805248Z w: file:///home/runner/work/smart-parking-app/smart-parking-app/node_modules/react-native-webview/android/src/main/java/com/reactnativecommunity/webview/events/SubResourceErrorEvent.kt:5:8 'interface RCTEventEmitter : JavaScriptModule' is deprecated. Use [RCTModernEventEmitter] instead.
Build APK and Create Release	Build Android Release APK	2026-09-30T20:50:50.7865270Z w: file:///home/runner/work/smart-parking-app/smart-parking-app/node_modules/react-native-webview/android/src/main/java/com/reactnativecommunity/webview/events/SubResourceErrorEvent.kt:11:3 'constructor<T : Event<T>>(viewTag: Int): Event<T>' is deprecated. Use constructor with explicit surfaceId instead.
Build APK and Create Release	Build Android Release APK	2026-09-30T20:50:50.7895725Z w: file:///home/runner/work/smart-parking-app/smart-parking-app/node_modules/react-native-webview/android/src/main/java/com/reactnativecommunity/webview/events/SubResourceErrorEvent.kt:22:16 This declaration overrides a deprecated member but is not marked as deprecated itself. Add the '@Deprecated' annotation or suppress the diagnostic.
Build APK and Create Release	Build Android Release APK	2026-09-30T20:50:50.7945298Z w: file:///home/runner/work/smart-parking-app/smart-parking-app/node_modules/react-native-webview/android/src/main/java/com/reactnativecommunity/webview/events/SubResourceErrorEvent.kt:22:42 'interface RCTEventEmitter : JavaScriptModule' is deprecated. Use [RCTModernEventEmitter] instead.
Build APK and Create Release	Build Android Release APK	2026-09-30T20:50:50.7985649Z w: file:///home/runner/work/smart-parking-app/smart-parking-app/node_modules/react-native-webview/android/src/main/java/com/reactnativecommunity/webview/events/SubResourceErrorEvent.kt:23:21 'fun receiveEvent(targetTag: Int, eventName: String, params: WritableMap?): Unit' is deprecated. Use [RCTModernEventEmitter.receiveEvent] instead.
Build APK and Create Release	Build Android Release APK	2026-09-30T20:50:50.8016636Z w: file:///home/runner/work/smart-parking-app/smart-parking-app/node_modules/react-native-webview/android/src/main/java/com/reactnativecommunity/webview/events/TopCustomMenuSelectionEvent.kt:5:8 'interface RCTEventEmitter : JavaScriptModule' is deprecated. Use [RCTModernEventEmitter] instead.
Build APK and Create Release	Build Android Release APK	2026-09-30T20:50:50.8076138Z w: file:///home/runner/work/smart-parking-app/smart-parking-app/node_modules/react-native-webview/android/src/main/java/com/reactnativecommunity/webview/events/TopCustomMenuSelectionEvent.kt:11:3 'constructor<T : Event<T>>(viewTag: Int): Event<T>' is deprecated. Use constructor with explicit surfaceId instead.
Build APK and Create Release	Build Android Release APK	2026-09-30T20:50:50.8105826Z w: file:///home/runner/work/smart-parking-app/smart-parking-app/node_modules/react-native-webview/android/src/main/java/com/reactnativecommunity/webview/events/TopCustomMenuSelectionEvent.kt:22:16 This declaration overrides a deprecated member but is not marked as deprecated itself. Add the '@Deprecated' annotation or suppress the diagnostic.
Build APK and Create Release	Build Android Release APK	2026-09-30T20:50:50.8156575Z w: file:///home/runner/work/smart-parking-app/smart-parking-app/node_modules/react-native-webview/android/src/main/java/com/reactnativecommunity/webview/events/TopCustomMenuSelectionEvent.kt:22:42 'interface RCTEventEmitter : JavaScriptModule' is deprecated. Use [RCTModernEventEmitter] instead.
Build APK and Create Release	Build Android Release APK	2026-09-30T20:50:50.8205714Z w: file:///home/runner/work/smart-parking-app/smart-parking-app/node_modules/react-native-webview/android/src/main/java/com/reactnativecommunity/webview/events/TopCustomMenuSelectionEvent.kt:23:21 'fun receiveEvent(targetTag: Int, eventName: String, params: WritableMap?): Unit' is deprecated. Use [RCTModernEventEmitter.receiveEvent] instead.
Build APK and Create Release	Build Android Release APK	2026-09-30T20:50:50.8255461Z w: file:///home/runner/work/smart-parking-app/smart-parking-app/node_modules/react-native-webview/android/src/main/java/com/reactnativecommunity/webview/events/TopHttpErrorEvent.kt:5:8 'interface RCTEventEmitter : JavaScriptModule' is deprecated. Use [RCTModernEventEmitter] instead.
Build APK and Create Release	Build Android Release APK	2026-09-30T20:50:50.8285211Z w: file:///home/runner/work/smart-parking-app/smart-parking-app/node_modules/react-native-webview/android/src/main/java/com/reactnativecommunity/webview/events/TopHttpErrorEvent.kt:11:3 'constructor<T : Event<T>>(viewTag: Int): Event<T>' is deprecated. Use constructor with explicit surfaceId instead.
Build APK and Create Release	Build Android Release APK	2026-09-30T20:50:50.8315604Z w: file:///home/runner/work/smart-parking-app/smart-parking-app/node_modules/react-native-webview/android/src/main/java/com/reactnativecommunity/webview/events/TopHttpErrorEvent.kt:22:16 This declaration overrides a deprecated member but is not marked as deprecated itself. Add the '@Deprecated' annotation or suppress the diagnostic.
Build APK and Create Release	Build Android Release APK	2026-09-30T20:50:50.8345300Z w: file:///home/runner/work/smart-parking-app/smart-parking-app/node_modules/react-native-webview/android/src/main/java/com/reactnativecommunity/webview/events/TopHttpErrorEvent.kt:22:42 'interface RCTEventEmitter : JavaScriptModule' is deprecated. Use [RCTModernEventEmitter] instead.
Build APK and Create Release	Build Android Release APK	2026-09-30T20:50:50.8375320Z w: file:///home/runner/work/smart-parking-app/smart-parking-app/node_modules/react-native-webview/android/src/main/java/com/reactnativecommunity/webview/events/TopHttpErrorEvent.kt:23:21 'fun receiveEvent(targetTag: Int, eventName: String, params: WritableMap?): Unit' is deprecated. Use [RCTModernEventEmitter.receiveEvent] instead.
Build APK and Create Release	Build Android Release APK	2026-09-30T20:50:50.8405413Z w: file:///home/runner/work/smart-parking-app/smart-parking-app/node_modules/react-native-webview/android/src/main/java/com/reactnativecommunity/webview/events/TopLoadingErrorEvent.kt:5:8 'interface RCTEventEmitter : JavaScriptModule' is deprecated. Use [RCTModernEventEmitter] instead.
Build APK and Create Release	Build Android Release APK	2026-09-30T20:50:50.8415304Z w: file:///home/runner/work/smart-parking-app/smart-parking-app/node_modules/react-native-webview/android/src/main/java/com/reactnativecommunity/webview/events/TopLoadingErrorEvent.kt:11:3 'constructor<T : Event<T>>(viewTag: Int): Event<T>' is deprecated. Use constructor with explicit surfaceId instead.
Build APK and Create Release	Build Android Release APK	2026-09-30T20:50:50.8435637Z w: file:///home/runner/work/smart-parking-app/smart-parking-app/node_modules/react-native-webview/android/src/main/java/com/reactnativecommunity/webview/events/TopLoadingErrorEvent.kt:22:16 This declaration overrides a deprecated member but is not marked as deprecated itself. Add the '@Deprecated' annotation or suppress the diagnostic.
Build APK and Create Release	Build Android Release APK	2026-09-30T20:50:50.8465318Z w: file:///home/runner/work/smart-parking-app/smart-parking-app/node_modules/react-native-webview/android/src/main/java/com/reactnativecommunity/webview/events/TopLoadingErrorEvent.kt:22:42 'interface RCTEventEmitter : JavaScriptModule' is deprecated. Use [RCTModernEventEmitter] instead.
Build APK and Create Release	Build Android Release APK	2026-09-30T20:50:50.8495721Z w: file:///home/runner/work/smart-parking-app/smart-parking-app/node_modules/react-native-webview/android/src/main/java/com/reactnativecommunity/webview/events/TopLoadingErrorEvent.kt:23:21 'fun receiveEvent(targetTag: Int, eventName: String, params: WritableMap?): Unit' is deprecated. Use [RCTModernEventEmitter.receiveEvent] instead.
Build APK and Create Release	Build Android Release APK	2026-09-30T20:50:50.8525300Z w: file:///home/runner/work/smart-parking-app/smart-parking-app/node_modules/react-native-webview/android/src/main/java/com/reactnativecommunity/webview/events/TopLoadingFinishEvent.kt:5:8 'interface RCTEventEmitter : JavaScriptModule' is deprecated. Use [RCTModernEventEmitter] instead.
Build APK and Create Release	Build Android Release APK	2026-09-30T20:50:50.8535202Z w: file:///home/runner/work/smart-parking-app/smart-parking-app/node_modules/react-native-webview/android/src/main/java/com/reactnativecommunity/webview/events/TopLoadingFinishEvent.kt:11:3 'constructor<T : Event<T>>(viewTag: Int): Event<T>' is deprecated. Use constructor with explicit surfaceId instead.
Build APK and Create Release	Build Android Release APK	2026-09-30T20:50:50.8555620Z w: file:///home/runner/work/smart-parking-app/smart-parking-app/node_modules/react-native-webview/android/src/main/java/com/reactnativecommunity/webview/events/TopLoadingFinishEvent.kt:22:16 This declaration overrides a deprecated member but is not marked as deprecated itself. Add the '@Deprecated' annotation or suppress the diagnostic.
Build APK and Create Release	Build Android Release APK	2026-09-30T20:50:50.8585568Z w: file:///home/runner/work/smart-parking-app/smart-parking-app/node_modules/react-native-webview/android/src/main/java/com/reactnativecommunity/webview/events/TopLoadingFinishEvent.kt:22:42 'interface RCTEventEmitter : JavaScriptModule' is deprecated. Use [RCTModernEventEmitter] instead.
Build APK and Create Release	Build Android Release APK	2026-09-30T20:50:50.8615444Z w: file:///home/runner/work/smart-parking-app/smart-parking-app/node_modules/react-native-webview/android/src/main/java/com/reactnativecommunity/webview/events/TopLoadingFinishEvent.kt:23:21 'fun receiveEvent(targetTag: Int, eventName: String, params: WritableMap?): Unit' is deprecated. Use [RCTModernEventEmitter.receiveEvent] instead.
Build APK and Create Release	Build Android Release APK	2026-09-30T20:50:50.8645233Z w: file:///home/runner/work/smart-parking-app/smart-parking-app/node_modules/react-native-webview/android/src/main/java/com/reactnativecommunity/webview/events/TopLoadingProgressEvent.kt:5:8 'interface RCTEventEmitter : JavaScriptModule' is deprecated. Use [RCTModernEventEmitter] instead.
Build APK and Create Release	Build Android Release APK	2026-09-30T20:50:50.8675317Z w: file:///home/runner/work/smart-parking-app/smart-parking-app/node_modules/react-native-webview/android/src/main/java/com/reactnativecommunity/webview/events/TopLoadingProgressEvent.kt:11:3 'constructor<T : Event<T>>(viewTag: Int): Event<T>' is deprecated. Use constructor with explicit surfaceId instead.
Build APK and Create Release	Build Android Release APK	2026-09-30T20:50:50.8685564Z w: file:///home/runner/work/smart-parking-app/smart-parking-app/node_modules/react-native-webview/android/src/main/java/com/reactnativecommunity/webview/events/TopLoadingProgressEvent.kt:22:16 This declaration overrides a deprecated member but is not marked as deprecated itself. Add the '@Deprecated' annotation or suppress the diagnostic.
Build APK and Create Release	Build Android Release APK	2026-09-30T20:50:50.8705602Z w: file:///home/runner/work/smart-parking-app/smart-parking-app/node_modules/react-native-webview/android/src/main/java/com/reactnativecommunity/webview/events/TopLoadingProgressEvent.kt:22:42 'interface RCTEventEmitter : JavaScriptModule' is deprecated. Use [RCTModernEventEmitter] instead.
Build APK and Create Release	Build Android Release APK	2026-09-30T20:50:50.8735624Z w: file:///home/runner/work/smart-parking-app/smart-parking-app/node_modules/react-native-webview/android/src/main/java/com/reactnativecommunity/webview/events/TopLoadingProgressEvent.kt:23:21 'fun receiveEvent(targetTag: Int, eventName: String, params: WritableMap?): Unit' is deprecated. Use [RCTModernEventEmitter.receiveEvent] instead.
Build APK and Create Release	Build Android Release APK	2026-09-30T20:50:50.8765300Z w: file:///home/runner/work/smart-parking-app/smart-parking-app/node_modules/react-native-webview/android/src/main/java/com/reactnativecommunity/webview/events/TopLoadingStartEvent.kt:5:8 'interface RCTEventEmitter : JavaScriptModule' is deprecated. Use [RCTModernEventEmitter] instead.
Build APK and Create Release	Build Android Release APK	2026-09-30T20:50:50.8795272Z w: file:///home/runner/work/smart-parking-app/smart-parking-app/node_modules/react-native-webview/android/src/main/java/com/reactnativecommunity/webview/events/TopLoadingStartEvent.kt:11:3 'constructor<T : Event<T>>(viewTag: Int): Event<T>' is deprecated. Use constructor with explicit surfaceId instead.
Build APK and Create Release	Build Android Release APK	2026-09-30T20:50:50.8805680Z w: file:///home/runner/work/smart-parking-app/smart-parking-app/node_modules/react-native-webview/android/src/main/java/com/reactnativecommunity/webview/events/TopLoadingStartEvent.kt:22:16 This declaration overrides a deprecated member but is not marked as deprecated itself. Add the '@Deprecated' annotation or suppress the diagnostic.
Build APK and Create Release	Build Android Release APK	2026-09-30T20:50:50.8855169Z w: file:///home/runner/work/smart-parking-app/smart-parking-app/node_modules/react-native-webview/android/src/main/java/com/reactnativecommunity/webview/events/TopLoadingStartEvent.kt:22:42 'interface RCTEventEmitter : JavaScriptModule' is deprecated. Use [RCTModernEventEmitter] instead.
Build APK and Create Release	Build Android Release APK	2026-09-30T20:50:50.8860183Z w: file:///home/runner/work/smart-parking-app/smart-parking-app/node_modules/react-native-webview/android/src/main/java/com/reactnativecommunity/webview/events/TopLoadingStartEvent.kt:23:21 'fun receiveEvent(targetTag: Int, eventName: String, params: WritableMap?): Unit' is deprecated. Use [RCTModernEventEmitter.receiveEvent] instead.
Build APK and Create Release	Build Android Release APK	2026-09-30T20:50:50.8895215Z w: file:///home/runner/work/smart-parking-app/smart-parking-app/node_modules/react-native-webview/android/src/main/java/com/reactnativecommunity/webview/events/TopMessageEvent.kt:5:8 'interface RCTEventEmitter : JavaScriptModule' is deprecated. Use [RCTModernEventEmitter] instead.
Build APK and Create Release	Build Android Release APK	2026-09-30T20:50:50.8905219Z w: file:///home/runner/work/smart-parking-app/smart-parking-app/node_modules/react-native-webview/android/src/main/java/com/reactnativecommunity/webview/events/TopMessageEvent.kt:10:75 'constructor<T : Event<T>>(viewTag: Int): Event<T>' is deprecated. Use constructor with explicit surfaceId instead.
Build APK and Create Release	Build Android Release APK	2026-09-30T20:50:50.8955392Z w: file:///home/runner/work/smart-parking-app/smart-parking-app/node_modules/react-native-webview/android/src/main/java/com/reactnativecommunity/webview/events/TopMessageEvent.kt:21:16 This declaration overrides a deprecated member but is not marked as deprecated itself. Add the '@Deprecated' annotation or suppress the diagnostic.
Build APK and Create Release	Build Android Release APK	2026-09-30T20:50:50.8960107Z w: file:///home/runner/work/smart-parking-app/smart-parking-app/node_modules/react-native-webview/android/src/main/java/com/reactnativecommunity/webview/events/TopMessageEvent.kt:21:42 'interface RCTEventEmitter : JavaScriptModule' is deprecated. Use [RCTModernEventEmitter] instead.
Build APK and Create Release	Build Android Release APK	2026-09-30T20:50:50.9002974Z w: file:///home/runner/work/smart-parking-app/smart-parking-app/node_modules/react-native-webview/android/src/main/java/com/reactnativecommunity/webview/events/TopMessageEvent.kt:22:21 'fun receiveEvent(targetTag: Int, eventName: String, params: WritableMap?): Unit' is deprecated. Use [RCTModernEventEmitter.receiveEvent] instead.
Build APK and Create Release	Build Android Release APK	2026-09-30T20:50:50.9015135Z w: file:///home/runner/work/smart-parking-app/smart-parking-app/node_modules/react-native-webview/android/src/main/java/com/reactnativecommunity/webview/events/TopNewWindowEvent.kt:5:8 'interface RCTEventEmitter : JavaScriptModule' is deprecated. Use [RCTModernEventEmitter] instead.
Build APK and Create Release	Build Android Release APK	2026-09-30T20:50:50.9035136Z w: file:///home/runner/work/smart-parking-app/smart-parking-app/node_modules/react-native-webview/android/src/main/java/com/reactnativecommunity/webview/events/TopNewWindowEvent.kt:11:3 'constructor<T : Event<T>>(viewTag: Int): Event<T>' is deprecated. Use constructor with explicit surfaceId instead.
Build APK and Create Release	Build Android Release APK	2026-09-30T20:50:50.9065701Z w: file:///home/runner/work/smart-parking-app/smart-parking-app/node_modules/react-native-webview/android/src/main/java/com/reactnativecommunity/webview/events/TopNewWindowEvent.kt:22:16 This declaration overrides a deprecated member but is not marked as deprecated itself. Add the '@Deprecated' annotation or suppress the diagnostic.
Build APK and Create Release	Build Android Release APK	2026-09-30T20:50:50.9095029Z w: file:///home/runner/work/smart-parking-app/smart-parking-app/node_modules/react-native-webview/android/src/main/java/com/reactnativecommunity/webview/events/TopNewWindowEvent.kt:22:42 'interface RCTEventEmitter : JavaScriptModule' is deprecated. Use [RCTModernEventEmitter] instead.
Build APK and Create Release	Build Android Release APK	2026-09-30T20:50:50.9125632Z w: file:///home/runner/work/smart-parking-app/smart-parking-app/node_modules/react-native-webview/android/src/main/java/com/reactnativecommunity/webview/events/TopNewWindowEvent.kt:23:21 'fun receiveEvent(targetTag: Int, eventName: String, params: WritableMap?): Unit' is deprecated. Use [RCTModernEventEmitter.receiveEvent] instead.
Build APK and Create Release	Build Android Release APK	2026-09-30T20:50:50.9155484Z w: file:///home/runner/work/smart-parking-app/smart-parking-app/node_modules/react-native-webview/android/src/main/java/com/reactnativecommunity/webview/events/TopRenderProcessGoneEvent.kt:5:8 'interface RCTEventEmitter : JavaScriptModule' is deprecated. Use [RCTModernEventEmitter] instead.
Build APK and Create Release	Build Android Release APK	2026-09-30T20:50:50.9165258Z w: file:///home/runner/work/smart-parking-app/smart-parking-app/node_modules/react-native-webview/android/src/main/java/com/reactnativecommunity/webview/events/TopRenderProcessGoneEvent.kt:12:3 'constructor<T : Event<T>>(viewTag: Int): Event<T>' is deprecated. Use constructor with explicit surfaceId instead.
Build APK and Create Release	Build Android Release APK	2026-09-30T20:50:50.9195756Z w: file:///home/runner/work/smart-parking-app/smart-parking-app/node_modules/react-native-webview/android/src/main/java/com/reactnativecommunity/webview/events/TopRenderProcessGoneEvent.kt:23:16 This declaration overrides a deprecated member but is not marked as deprecated itself. Add the '@Deprecated' annotation or suppress the diagnostic.
Build APK and Create Release	Build Android Release APK	2026-09-30T20:50:50.9215260Z w: file:///home/runner/work/smart-parking-app/smart-parking-app/node_modules/react-native-webview/android/src/main/java/com/reactnativecommunity/webview/events/TopRenderProcessGoneEvent.kt:23:42 'interface RCTEventEmitter : JavaScriptModule' is deprecated. Use [RCTModernEventEmitter] instead.
Build APK and Create Release	Build Android Release APK	2026-09-30T20:50:50.9245714Z w: file:///home/runner/work/smart-parking-app/smart-parking-app/node_modules/react-native-webview/android/src/main/java/com/reactnativecommunity/webview/events/TopRenderProcessGoneEvent.kt:24:21 'fun receiveEvent(targetTag: Int, eventName: String, params: WritableMap?): Unit' is deprecated. Use [RCTModernEventEmitter.receiveEvent] instead.
Build APK and Create Release	Build Android Release APK	2026-09-30T20:50:50.9275399Z w: file:///home/runner/work/smart-parking-app/smart-parking-app/node_modules/react-native-webview/android/src/main/java/com/reactnativecommunity/webview/events/TopShouldStartLoadWithRequestEvent.kt:5:8 'interface RCTEventEmitter : JavaScriptModule' is deprecated. Use [RCTModernEventEmitter] instead.
Build APK and Create Release	Build Android Release APK	2026-09-30T20:50:50.9285497Z w: file:///home/runner/work/smart-parking-app/smart-parking-app/node_modules/react-native-webview/android/src/main/java/com/reactnativecommunity/webview/events/TopShouldStartLoadWithRequestEvent.kt:10:89 'constructor<T : Event<T>>(viewTag: Int): Event<T>' is deprecated. Use constructor with explicit surfaceId instead.
Build APK and Create Release	Build Android Release APK	2026-09-30T20:50:50.9312115Z w: file:///home/runner/work/smart-parking-app/smart-parking-app/node_modules/react-native-webview/android/src/main/java/com/reactnativecommunity/webview/events/TopShouldStartLoadWithRequestEvent.kt:27:16 This declaration overrides a deprecated member but is not marked as deprecated itself. Add the '@Deprecated' annotation or suppress the diagnostic.
Build APK and Create Release	Build Android Release APK	2026-09-30T20:50:50.9335443Z w: file:///home/runner/work/smart-parking-app/smart-parking-app/node_modules/react-native-webview/android/src/main/java/com/reactnativecommunity/webview/events/TopShouldStartLoadWithRequestEvent.kt:27:42 'interface RCTEventEmitter : JavaScriptModule' is deprecated. Use [RCTModernEventEmitter] instead.
Build APK and Create Release	Build Android Release APK	2026-09-30T20:50:50.9365886Z w: file:///home/runner/work/smart-parking-app/smart-parking-app/node_modules/react-native-webview/android/src/main/java/com/reactnativecommunity/webview/events/TopShouldStartLoadWithRequestEvent.kt:28:21 'fun receiveEvent(targetTag: Int, eventName: String, params: WritableMap?): Unit' is deprecated. Use [RCTModernEventEmitter.receiveEvent] instead.
Build APK and Create Release	Build Android Release APK	2026-09-30T20:50:50.9392797Z 
Build APK and Create Release	Build Android Release APK	2026-09-30T20:50:50.9403238Z > Task :react-native-webview:javaPreCompileRelease
Build APK and Create Release	Build Android Release APK	2026-09-30T20:50:50.9423415Z > Task :expo:checkKotlinGradlePluginConfigurationErrors SKIPPED
Build APK and Create Release	Build Android Release APK	2026-09-30T20:50:50.9453098Z > Task :expo:generateReleaseBuildConfig
Build APK and Create Release	Build Android Release APK	2026-09-30T20:50:50.9483175Z > Task :expo:generateReleaseResValues
Build APK and Create Release	Build Android Release APK	2026-09-30T20:50:50.9503097Z > Task :expo:generateReleaseResources
Build APK and Create Release	Build Android Release APK	2026-09-30T20:50:50.9513236Z > Task :expo:packageReleaseResources
Build APK and Create Release	Build Android Release APK	2026-09-30T20:50:50.9543212Z > Task :expo:parseReleaseLocalResources
Build APK and Create Release	Build Android Release APK	2026-09-30T20:50:51.0063447Z > Task :expo:generateReleaseRFile
Build APK and Create Release	Build Android Release APK	2026-09-30T20:50:51.0073543Z > Task :expo-constants:checkKotlinGradlePluginConfigurationErrors SKIPPED
Build APK and Create Release	Build Android Release APK	2026-09-30T20:50:51.0103198Z > Task :expo-constants:generateReleaseBuildConfig
Build APK and Create Release	Build Android Release APK	2026-09-30T20:50:51.0133212Z > Task :expo-constants:generateReleaseResValues
Build APK and Create Release	Build Android Release APK	2026-09-30T20:50:51.0163113Z > Task :expo-constants:generateReleaseResources
Build APK and Create Release	Build Android Release APK	2026-09-30T20:50:51.2063767Z > Task :expo-constants:packageReleaseResources
Build APK and Create Release	Build Android Release APK	2026-09-30T20:50:51.2103236Z > Task :expo-constants:parseReleaseLocalResources
Build APK and Create Release	Build Android Release APK	2026-09-30T20:50:51.3083787Z > Task :expo-constants:generateReleaseRFile
Build APK and Create Release	Build Android Release APK	2026-09-30T20:50:51.3108490Z > Task :expo-modules-core:checkKotlinGradlePluginConfigurationErrors SKIPPED
Build APK and Create Release	Build Android Release APK	2026-09-30T20:50:51.4075120Z > Task :expo-modules-core:generateReleaseBuildConfig
Build APK and Create Release	Build Android Release APK	2026-09-30T20:50:51.4094390Z > Task :expo-modules-core:generateReleaseResValues
Build APK and Create Release	Build Android Release APK	2026-09-30T20:50:51.4115802Z > Task :expo-modules-core:generateReleaseResources
Build APK and Create Release	Build Android Release APK	2026-09-30T20:50:51.4161458Z > Task :expo-modules-core:packageReleaseResources
Build APK and Create Release	Build Android Release APK	2026-09-30T20:50:51.4184426Z > Task :expo-modules-core:parseReleaseLocalResources
Build APK and Create Release	Build Android Release APK	2026-09-30T20:50:51.5083715Z > Task :expo-modules-core:generateReleaseRFile
Build APK and Create Release	Build Android Release APK	2026-09-30T20:50:51.5089267Z > Task :expo-modules-core:javaPreCompileRelease
Build APK and Create Release	Build Android Release APK	2026-09-30T20:50:51.5123299Z > Task :expo-constants:javaPreCompileRelease
Build APK and Create Release	Build Android Release APK	2026-09-30T20:50:51.5153502Z > Task :expo-log-box:checkKotlinGradlePluginConfigurationErrors SKIPPED
Build APK and Create Release	Build Android Release APK	2026-09-30T20:50:51.5155223Z > Task :expo-log-box:generateReleaseBuildConfig
Build APK and Create Release	Build Android Release APK	2026-09-30T20:50:51.5253277Z > Task :expo-log-box:generateReleaseResValues
Build APK and Create Release	Build Android Release APK	2026-09-30T20:50:51.5323358Z > Task :expo-log-box:generateReleaseResources
Build APK and Create Release	Build Android Release APK	2026-09-30T20:50:51.5356101Z > Task :expo-log-box:packageReleaseResources
Build APK and Create Release	Build Android Release APK	2026-09-30T20:50:51.6096598Z > Task :expo-log-box:parseReleaseLocalResources
Build APK and Create Release	Build Android Release APK	2026-09-30T20:50:51.6123340Z > Task :expo-log-box:generateReleaseRFile
Build APK and Create Release	Build Android Release APK	2026-09-30T20:50:51.6179625Z > Task :expo-log-box:javaPreCompileRelease
Build APK and Create Release	Build Android Release APK	2026-09-30T20:50:51.6183292Z > Task :expo:javaPreCompileRelease
Build APK and Create Release	Build Android Release APK	2026-09-30T20:50:51.7093994Z > Task :react-native-async-storage_async-storage:generateReleaseBuildConfig
Build APK and Create Release	Build Android Release APK	2026-09-30T20:50:51.7143624Z > Task :react-native-async-storage_async-storage:generateReleaseResValues
Build APK and Create Release	Build Android Release APK	2026-09-30T20:50:51.7173630Z > Task :react-native-async-storage_async-storage:generateReleaseResources
Build APK and Create Release	Build Android Release APK	2026-09-30T20:50:51.7213511Z > Task :react-native-async-storage_async-storage:packageReleaseResources
Build APK and Create Release	Build Android Release APK	2026-09-30T20:50:51.7263427Z > Task :react-native-async-storage_async-storage:parseReleaseLocalResources
Build APK and Create Release	Build Android Release APK	2026-09-30T20:50:51.7264639Z > Task :react-native-async-storage_async-storage:generateReleaseRFile
Build APK and Create Release	Build Android Release APK	2026-09-30T20:50:51.8063937Z > Task :react-native-async-storage_async-storage:javaPreCompileRelease
Build APK and Create Release	Build Android Release APK	2026-09-30T20:50:52.7073681Z Note: Some input files use or override a deprecated API.
Build APK and Create Release	Build Android Release APK	2026-09-30T20:50:52.7074197Z 
Build APK and Create Release	Build Android Release APK	2026-09-30T20:50:52.7103266Z Note: Recompile with -Xlint:deprecation for details.
Build APK and Create Release	Build Android Release APK	2026-09-30T20:50:52.7104195Z > Task :react-native-webview:compileReleaseJavaWithJavac
Build APK and Create Release	Build Android Release APK	2026-09-30T20:50:52.7133196Z Note: Some input files use or override a deprecated API.
Build APK and Create Release	Build Android Release APK	2026-09-30T20:50:52.7133659Z 
Build APK and Create Release	Build Android Release APK	2026-09-30T20:50:52.7159859Z Note: Recompile with -Xlint:deprecation for details.
Build APK and Create Release	Build Android Release APK	2026-09-30T20:50:52.7160953Z > Task :react-native-async-storage_async-storage:compileReleaseJavaWithJavac
Build APK and Create Release	Build Android Release APK	2026-09-30T20:50:52.7194948Z Note: /home/runner/work/smart-parking-app/smart-parking-app/node_modules/@react-native-async-storage/async-storage/android/src/javaPackage/java/com/reactnativecommunity/asyncstorage/AsyncStoragePackage.java uses unchecked or unsafe operations.
Build APK and Create Release	Build Android Release APK	2026-09-30T20:50:52.7197000Z 
Build APK and Create Release	Build Android Release APK	2026-09-30T20:50:52.7223137Z Note: Recompile with -Xlint:unchecked for details.
Build APK and Create Release	Build Android Release APK	2026-09-30T20:50:52.7253365Z > Task :react-native-async-storage_async-storage:bundleLibRuntimeToDirRelease
Build APK and Create Release	Build Android Release APK	2026-09-30T20:50:52.7283188Z > Task :react-native-webview:bundleLibRuntimeToDirRelease
Build APK and Create Release	Build Android Release APK	2026-09-30T20:50:52.8064040Z > Task :react-native-worklets:configureCMakeRelWithDebInfo[armeabi-v7a]
Build APK and Create Release	Build Android Release APK	2026-09-30T20:50:53.8047797Z > Task :react-native-masked-view_masked-view:generateReleaseBuildConfig
Build APK and Create Release	Build Android Release APK	2026-09-30T20:50:53.8073479Z > Task :react-native-masked-view_masked-view:generateReleaseResValues
Build APK and Create Release	Build Android Release APK	2026-09-30T20:50:53.8103450Z > Task :react-native-masked-view_masked-view:generateReleaseResources
Build APK and Create Release	Build Android Release APK	2026-09-30T20:50:53.8104839Z > Task :react-native-masked-view_masked-view:packageReleaseResources
Build APK and Create Release	Build Android Release APK	2026-09-30T20:50:53.9074071Z > Task :react-native-masked-view_masked-view:parseReleaseLocalResources
Build APK and Create Release	Build Android Release APK	2026-09-30T20:50:53.9093748Z > Task :react-native-masked-view_masked-view:generateReleaseRFile
Build APK and Create Release	Build Android Release APK	2026-09-30T20:50:53.9103462Z > Task :react-native-masked-view_masked-view:javaPreCompileRelease
Build APK and Create Release	Build Android Release APK	2026-09-30T20:50:54.3049333Z Note: /home/runner/work/smart-parking-app/smart-parking-app/node_modules/@react-native-masked-view/masked-view/android/src/main/java/org/reactnative/maskedview/RNCMaskedViewPackage.java uses or overrides a deprecated API.
Build APK and Create Release	Build Android Release APK	2026-09-30T20:50:54.3051192Z 
Build APK and Create Release	Build Android Release APK	2026-09-30T20:50:54.3073593Z > Task :react-native-masked-view_masked-view:compileReleaseJavaWithJavac
Build APK and Create Release	Build Android Release APK	2026-09-30T20:50:54.3103433Z Note: Recompile with -Xlint:deprecation for details.
Build APK and Create Release	Build Android Release APK	2026-09-30T20:50:54.3103941Z 
Build APK and Create Release	Build Android Release APK	2026-09-30T20:50:54.3104715Z > Task :react-native-masked-view_masked-view:bundleLibRuntimeToDirRelease
Build APK and Create Release	Build Android Release APK	2026-09-30T20:50:54.4047396Z > Task :mappls-map-react-native:generateReleaseBuildConfig
Build APK and Create Release	Build Android Release APK	2026-09-30T20:50:54.4073428Z > Task :mappls-map-react-native:generateReleaseResValues
Build APK and Create Release	Build Android Release APK	2026-09-30T20:50:54.4095548Z > Task :mappls-map-react-native:generateReleaseResources
Build APK and Create Release	Build Android Release APK	2026-09-30T20:50:54.5054062Z > Task :mappls-map-react-native:packageReleaseResources
Build APK and Create Release	Build Android Release APK	2026-09-30T20:50:54.5073849Z > Task :mappls-map-react-native:parseReleaseLocalResources
Build APK and Create Release	Build Android Release APK	2026-09-30T20:50:54.5093437Z > Task :mappls-map-react-native:generateReleaseRFile
Build APK and Create Release	Build Android Release APK	2026-09-30T20:50:54.8046946Z > Task :react-native-screens:buildCMakeRelWithDebInfo[armeabi-v7a]
Build APK and Create Release	Build Android Release APK	2026-09-30T20:50:54.8083264Z > Task :mappls-map-react-native:javaPreCompileRelease
Build APK and Create Release	Build Android Release APK	2026-09-30T20:50:56.0087062Z > Task :react-native-screens:configureCMakeRelWithDebInfo[x86]
Build APK and Create Release	Build Android Release APK	2026-09-30T20:51:05.1083852Z > Task :react-native-svg:bundleLibRuntimeToDirRelease
Build APK and Create Release	Build Android Release APK	2026-09-30T20:51:14.0063714Z Note: Some input files use or override a deprecated API.
Build APK and Create Release	Build Android Release APK	2026-09-30T20:51:14.0064500Z Note: Recompile with -Xlint:deprecation for details.
Build APK and Create Release	Build Android Release APK	2026-09-30T20:51:14.0065261Z Note: Some input files use unchecked or unsafe operations.
Build APK and Create Release	Build Android Release APK	2026-09-30T20:51:14.0065674Z 
Build APK and Create Release	Build Android Release APK	2026-09-30T20:51:14.0153595Z > Task :mappls-map-react-native:compileReleaseJavaWithJavac
Build APK and Create Release	Build Android Release APK	2026-09-30T20:51:14.1063791Z Note: Recompile with -Xlint:unchecked for details.
Build APK and Create Release	Build Android Release APK	2026-09-30T20:51:15.4052970Z 
Build APK and Create Release	Build Android Release APK	2026-09-30T20:51:15.4113627Z > Task :react-native-screens:buildCMakeRelWithDebInfo[x86]
Build APK and Create Release	Build Android Release APK	2026-09-30T20:51:17.4124085Z > Task :react-native-screens:configureCMakeRelWithDebInfo[x86_64]
Build APK and Create Release	Build Android Release APK	2026-09-30T20:51:22.8050833Z > Task :react-native-worklets:buildCMakeRelWithDebInfo[armeabi-v7a][worklets]
Build APK and Create Release	Build Android Release APK	2026-09-30T20:51:25.8074042Z > Task :react-native-worklets:configureCMakeRelWithDebInfo[x86]
Build APK and Create Release	Build Android Release APK	2026-09-30T20:51:28.2094169Z > Task :react-native-screens:buildCMakeRelWithDebInfo[x86_64]
Build APK and Create Release	Build Android Release APK	2026-09-30T20:51:28.8073743Z > Task :react-native-screens:mergeReleaseJniLibFolders
Build APK and Create Release	Build Android Release APK	2026-09-30T20:51:28.9103717Z > Task :react-native-screens:mergeReleaseNativeLibs
Build APK and Create Release	Build Android Release APK	2026-09-30T20:51:28.9193893Z > Task :react-native-screens:checkKotlinGradlePluginConfigurationErrors SKIPPED
Build APK and Create Release	Build Android Release APK	2026-09-30T20:51:28.9223398Z > Task :react-native-screens:generateReleaseBuildConfig
Build APK and Create Release	Build Android Release APK	2026-09-30T20:51:28.9283318Z > Task :react-native-screens:generateReleaseResValues
Build APK and Create Release	Build Android Release APK	2026-09-30T20:51:28.9343208Z > Task :app:checkReleaseDuplicateClasses
Build APK and Create Release	Build Android Release APK	2026-09-30T20:51:29.0053854Z > Task :react-native-screens:copyReleaseJniLibsProjectOnly
Build APK and Create Release	Build Android Release APK	2026-09-30T20:51:29.0123869Z > Task :react-native-screens:generateReleaseResources
Build APK and Create Release	Build Android Release APK	2026-09-30T20:51:29.1106669Z > Task :react-native-screens:packageReleaseResources
Build APK and Create Release	Build Android Release APK	2026-09-30T20:51:29.1163267Z > Task :app:buildKotlinToolingMetadata
Build APK and Create Release	Build Android Release APK	2026-09-30T20:51:29.1224029Z > Task :react-native-screens:parseReleaseLocalResources
Build APK and Create Release	Build Android Release APK	2026-09-30T20:51:29.1283465Z > Task :app:checkKotlinGradlePluginConfigurationErrors SKIPPED
Build APK and Create Release	Build Android Release APK	2026-09-30T20:51:29.1340019Z > Task :react-native-screens:javaPreCompileRelease
Build APK and Create Release	Build Android Release APK	2026-09-30T20:51:29.1393220Z > Task :app:generateReleaseBuildConfig
Build APK and Create Release	Build Android Release APK	2026-09-30T20:51:29.2086225Z > Task :react-native-screens:generateReleaseRFile
Build APK and Create Release	Build Android Release APK	2026-09-30T20:51:29.2154955Z > Task :expo:writeReleaseAarMetadata
Build APK and Create Release	Build Android Release APK	2026-09-30T20:51:29.2213290Z > Task :expo-constants:writeReleaseAarMetadata
Build APK and Create Release	Build Android Release APK	2026-09-30T20:51:29.2243219Z > Task :expo-log-box:writeReleaseAarMetadata
Build APK and Create Release	Build Android Release APK	2026-09-30T20:51:29.2303192Z > Task :expo-modules-core:writeReleaseAarMetadata
Build APK and Create Release	Build Android Release APK	2026-09-30T20:51:29.2333292Z > Task :mappls-map-react-native:writeReleaseAarMetadata
Build APK and Create Release	Build Android Release APK	2026-09-30T20:51:29.2409864Z > Task :react-native-async-storage_async-storage:writeReleaseAarMetadata
Build APK and Create Release	Build Android Release APK	2026-09-30T20:51:29.2483384Z > Task :react-native-gesture-handler:writeReleaseAarMetadata
Build APK and Create Release	Build Android Release APK	2026-09-30T20:51:29.2484492Z > Task :react-native-masked-view_masked-view:writeReleaseAarMetadata
Build APK and Create Release	Build Android Release APK	2026-09-30T20:51:29.3093769Z > Task :react-native-ola-maps:writeReleaseAarMetadata
Build APK and Create Release	Build Android Release APK	2026-09-30T20:51:29.3123430Z > Task :mappls-map-react-native:bundleLibRuntimeToDirRelease
Build APK and Create Release	Build Android Release APK	2026-09-30T20:51:29.3153280Z > Task :react-native-reanimated:writeReleaseAarMetadata
Build APK and Create Release	Build Android Release APK	2026-09-30T20:51:29.3213101Z > Task :react-native-safe-area-context:writeReleaseAarMetadata
Build APK and Create Release	Build Android Release APK	2026-09-30T20:51:29.3243235Z > Task :react-native-svg:writeReleaseAarMetadata
Build APK and Create Release	Build Android Release APK	2026-09-30T20:51:29.3273279Z > Task :react-native-webview:writeReleaseAarMetadata
Build APK and Create Release	Build Android Release APK	2026-09-30T20:51:31.3122985Z 
Build APK and Create Release	Build Android Release APK	2026-09-30T20:51:31.3243619Z > Task :app:createBundleReleaseJsAndAssets
Build APK and Create Release	Build Android Release APK	2026-09-30T20:51:31.3303195Z env: load .env
Build APK and Create Release	Build Android Release APK	2026-09-30T20:51:31.3363519Z env: export EXPO_PUBLIC_SUPABASE_ANON_KEY EXPO_PUBLIC_SUPABASE_URL
Build APK and Create Release	Build Android Release APK	2026-09-30T20:51:31.3453367Z Using src/app as the root directory for Expo Router.
Build APK and Create Release	Build Android Release APK	2026-09-30T20:51:32.7066997Z React Compiler enabled
Build APK and Create Release	Build Android Release APK	2026-09-30T20:51:33.1103538Z Starting Metro Bundler
Build APK and Create Release	Build Android Release APK	2026-09-30T20:51:33.1212980Z 
Build APK and Create Release	Build Android Release APK	2026-09-30T20:51:36.4065957Z 
Build APK and Create Release	Build Android Release APK	2026-09-30T20:51:36.4077637Z > Task :react-native-screens:writeReleaseAarMetadata
Build APK and Create Release	Build Android Release APK	2026-09-30T20:51:36.6074886Z 
Build APK and Create Release	Build Android Release APK	2026-09-30T20:51:36.6075935Z > Task :mappls-map-react-native:generateReleaseMapplsRes
Build APK and Create Release	Build Android Release APK	2026-09-30T20:51:36.6134074Z Parsing Licensing file: /home/runner/work/smart-parking-app/smart-parking-app/android/app/app1790798382820i101405497.a.olf
Build APK and Create Release	Build Android Release APK	2026-09-30T20:51:36.6164152Z Parsing Config file: /home/runner/work/smart-parking-app/smart-parking-app/android/app/app1790798382820i101405497.a.conf
Build APK and Create Release	Build Android Release APK	2026-09-30T20:51:36.6222919Z 
Build APK and Create Release	Build Android Release APK	2026-09-30T20:51:36.6253592Z > Task :expo:extractDeepLinksRelease
Build APK and Create Release	Build Android Release APK	2026-09-30T20:51:37.0073910Z > Task :expo:processReleaseManifest
Build APK and Create Release	Build Android Release APK	2026-09-30T20:51:37.0149870Z > Task :expo-constants:extractDeepLinksRelease
Build APK and Create Release	Build Android Release APK	2026-09-30T20:51:37.0192874Z > Task :expo-constants:processReleaseManifest
Build APK and Create Release	Build Android Release APK	2026-09-30T20:51:37.0283353Z > Task :expo-log-box:extractDeepLinksRelease
Build APK and Create Release	Build Android Release APK	2026-09-30T20:51:37.1094166Z > Task :expo-log-box:processReleaseManifest
Build APK and Create Release	Build Android Release APK	2026-09-30T20:51:37.1153434Z > Task :expo-modules-core:extractDeepLinksRelease
Build APK and Create Release	Build Android Release APK	2026-09-30T20:51:37.2049512Z 
Build APK and Create Release	Build Android Release APK	2026-09-30T20:51:37.2153540Z > Task :expo-modules-core:processReleaseManifest
Build APK and Create Release	Build Android Release APK	2026-09-30T20:51:37.2220866Z /home/runner/work/smart-parking-app/smart-parking-app/node_modules/expo-modules-core/android/src/main/AndroidManifest.xml:8:9-11:45 Warning:
Build APK and Create Release	Build Android Release APK	2026-09-30T20:51:37.2314157Z 	meta-data#com.facebook.soloader.enabled@android:value was tagged at AndroidManifest.xml:8 to replace other declarations but no other declaration present
Build APK and Create Release	Build Android Release APK	2026-09-30T20:51:37.2372854Z 
Build APK and Create Release	Build Android Release APK	2026-09-30T20:51:37.2414696Z > Task :mappls-map-react-native:extractDeepLinksRelease
Build APK and Create Release	Build Android Release APK	2026-09-30T20:51:37.2493454Z > Task :mappls-map-react-native:processReleaseManifest
Build APK and Create Release	Build Android Release APK	2026-09-30T20:51:37.2564003Z > Task :react-native-async-storage_async-storage:extractDeepLinksRelease
Build APK and Create Release	Build Android Release APK	2026-09-30T20:51:37.3092941Z 
Build APK and Create Release	Build Android Release APK	2026-09-30T20:51:37.3156865Z > Task :react-native-async-storage_async-storage:processReleaseManifest
Build APK and Create Release	Build Android Release APK	2026-09-30T20:51:37.3224990Z package="com.reactnativecommunity.asyncstorage" found in source AndroidManifest.xml: /home/runner/work/smart-parking-app/smart-parking-app/node_modules/@react-native-async-storage/async-storage/android/src/main/AndroidManifest.xml.
Build APK and Create Release	Build Android Release APK	2026-09-30T20:51:37.3284306Z Setting the namespace via the package attribute in the source AndroidManifest.xml is no longer supported, and the value is ignored.
Build APK and Create Release	Build Android Release APK	2026-09-30T20:51:37.3346059Z Recommendation: remove package="com.reactnativecommunity.asyncstorage" from the source AndroidManifest.xml: /home/runner/work/smart-parking-app/smart-parking-app/node_modules/@react-native-async-storage/async-storage/android/src/main/AndroidManifest.xml.
Build APK and Create Release	Build Android Release APK	2026-09-30T20:51:37.3422875Z 
Build APK and Create Release	Build Android Release APK	2026-09-30T20:51:37.3533597Z > Task :react-native-gesture-handler:extractDeepLinksRelease
Build APK and Create Release	Build Android Release APK	2026-09-30T20:51:37.3563880Z > Task :react-native-gesture-handler:processReleaseManifest
Build APK and Create Release	Build Android Release APK	2026-09-30T20:51:37.3673572Z > Task :react-native-masked-view_masked-view:extractDeepLinksRelease
Build APK and Create Release	Build Android Release APK	2026-09-30T20:51:37.4103785Z > Task :react-native-masked-view_masked-view:processReleaseManifest
Build APK and Create Release	Build Android Release APK	2026-09-30T20:51:37.4113839Z > Task :react-native-ola-maps:extractDeepLinksRelease
Build APK and Create Release	Build Android Release APK	2026-09-30T20:51:37.5073718Z > Task :react-native-ola-maps:processReleaseManifest
Build APK and Create Release	Build Android Release APK	2026-09-30T20:51:37.5203638Z > Task :react-native-reanimated:extractDeepLinksRelease
Build APK and Create Release	Build Android Release APK	2026-09-30T20:51:37.5261167Z > Task :react-native-reanimated:processReleaseManifest
Build APK and Create Release	Build Android Release APK	2026-09-30T20:51:37.5396671Z > Task :react-native-safe-area-context:extractDeepLinksRelease
Build APK and Create Release	Build Android Release APK	2026-09-30T20:51:37.6113003Z 
Build APK and Create Release	Build Android Release APK	2026-09-30T20:51:37.6183742Z > Task :react-native-safe-area-context:processReleaseManifest
Build APK and Create Release	Build Android Release APK	2026-09-30T20:51:37.6244862Z package="com.th3rdwave.safeareacontext" found in source AndroidManifest.xml: /home/runner/work/smart-parking-app/smart-parking-app/node_modules/react-native-safe-area-context/android/src/main/AndroidManifest.xml.
Build APK and Create Release	Build Android Release APK	2026-09-30T20:51:37.6304650Z Setting the namespace via the package attribute in the source AndroidManifest.xml is no longer supported, and the value is ignored.
Build APK and Create Release	Build Android Release APK	2026-09-30T20:51:37.6433127Z Recommendation: remove package="com.th3rdwave.safeareacontext" from the source AndroidManifest.xml: /home/runner/work/smart-parking-app/smart-parking-app/node_modules/react-native-safe-area-context/android/src/main/AndroidManifest.xml.
Build APK and Create Release	Build Android Release APK	2026-09-30T20:51:37.6492873Z 
Build APK and Create Release	Build Android Release APK	2026-09-30T20:51:37.6554083Z > Task :react-native-screens:extractDeepLinksRelease
Build APK and Create Release	Build Android Release APK	2026-09-30T20:51:37.6624339Z > Task :react-native-screens:processReleaseManifest
Build APK and Create Release	Build Android Release APK	2026-09-30T20:51:37.6703340Z > Task :react-native-svg:extractDeepLinksRelease
Build APK and Create Release	Build Android Release APK	2026-09-30T20:51:37.7046712Z > Task :react-native-svg:processReleaseManifest
Build APK and Create Release	Build Android Release APK	2026-09-30T20:51:37.7125763Z > Task :react-native-webview:extractDeepLinksRelease
Build APK and Create Release	Build Android Release APK	2026-09-30T20:51:37.8053757Z > Task :react-native-webview:processReleaseManifest
Build APK and Create Release	Build Android Release APK	2026-09-30T20:51:39.0073678Z > Task :expo:compileReleaseLibraryResources
Build APK and Create Release	Build Android Release APK	2026-09-30T20:51:39.0103841Z > Task :expo-constants:compileReleaseLibraryResources
Build APK and Create Release	Build Android Release APK	2026-09-30T20:51:39.1073930Z > Task :expo-log-box:compileReleaseLibraryResources
Build APK and Create Release	Build Android Release APK	2026-09-30T20:51:39.1170810Z > Task :expo-modules-core:compileReleaseLibraryResources
Build APK and Create Release	Build Android Release APK	2026-09-30T20:51:39.6079242Z > Task :mappls-map-react-native:compileReleaseLibraryResources
Build APK and Create Release	Build Android Release APK	2026-09-30T20:51:39.6153771Z > Task :react-native-async-storage_async-storage:compileReleaseLibraryResources
Build APK and Create Release	Build Android Release APK	2026-09-30T20:51:39.6243548Z > Task :react-native-gesture-handler:compileReleaseLibraryResources
Build APK and Create Release	Build Android Release APK	2026-09-30T20:51:39.7084345Z > Task :react-native-masked-view_masked-view:compileReleaseLibraryResources
Build APK and Create Release	Build Android Release APK	2026-09-30T20:51:39.7155706Z > Task :react-native-ola-maps:compileReleaseLibraryResources
Build APK and Create Release	Build Android Release APK	2026-09-30T20:51:39.8090841Z > Task :react-native-reanimated:compileReleaseLibraryResources
Build APK and Create Release	Build Android Release APK	2026-09-30T20:51:39.8195159Z > Task :react-native-safe-area-context:compileReleaseLibraryResources
Build APK and Create Release	Build Android Release APK	2026-09-30T20:51:40.0053873Z > Task :react-native-screens:compileReleaseLibraryResources
Build APK and Create Release	Build Android Release APK	2026-09-30T20:51:40.0188684Z > Task :react-native-svg:compileReleaseLibraryResources
Build APK and Create Release	Build Android Release APK	2026-09-30T20:51:40.1093937Z > Task :react-native-webview:compileReleaseLibraryResources
Build APK and Create Release	Build Android Release APK	2026-09-30T20:51:40.2063833Z > Task :mappls-map-react-native:bundleLibCompileToJarRelease
Build APK and Create Release	Build Android Release APK	2026-09-30T20:51:40.2144231Z > Task :react-native-async-storage_async-storage:bundleLibCompileToJarRelease
Build APK and Create Release	Build Android Release APK	2026-09-30T20:51:40.2301743Z > Task :react-native-masked-view_masked-view:bundleLibCompileToJarRelease
Build APK and Create Release	Build Android Release APK	2026-09-30T20:51:40.2377428Z > Task :react-native-ola-maps:bundleLibCompileToJarRelease
Build APK and Create Release	Build Android Release APK	2026-09-30T20:51:40.3054077Z > Task :react-native-safe-area-context:bundleLibCompileToJarRelease
Build APK and Create Release	Build Android Release APK	2026-09-30T20:51:40.3083817Z > Task :react-native-webview:bundleLibCompileToJarRelease
Build APK and Create Release	Build Android Release APK	2026-09-30T20:51:40.3203425Z > Task :expo:prepareReleaseArtProfile
Build APK and Create Release	Build Android Release APK	2026-09-30T20:51:40.3303246Z > Task :expo-constants:prepareReleaseArtProfile
Build APK and Create Release	Build Android Release APK	2026-09-30T20:51:40.4065556Z > Task :expo-log-box:prepareReleaseArtProfile
Build APK and Create Release	Build Android Release APK	2026-09-30T20:51:40.4123448Z > Task :expo-modules-core:prepareReleaseArtProfile
Build APK and Create Release	Build Android Release APK	2026-09-30T20:51:40.4183402Z > Task :mappls-map-react-native:prepareReleaseArtProfile
Build APK and Create Release	Build Android Release APK	2026-09-30T20:51:40.4294126Z > Task :react-native-async-storage_async-storage:prepareReleaseArtProfile
Build APK and Create Release	Build Android Release APK	2026-09-30T20:51:40.4423667Z > Task :react-native-gesture-handler:prepareReleaseArtProfile
Build APK and Create Release	Build Android Release APK	2026-09-30T20:51:40.4515088Z > Task :react-native-masked-view_masked-view:prepareReleaseArtProfile
Build APK and Create Release	Build Android Release APK	2026-09-30T20:51:40.5066015Z > Task :react-native-ola-maps:prepareReleaseArtProfile
Build APK and Create Release	Build Android Release APK	2026-09-30T20:51:40.5213648Z > Task :react-native-reanimated:prepareReleaseArtProfile
Build APK and Create Release	Build Android Release APK	2026-09-30T20:51:40.5323133Z > Task :react-native-safe-area-context:prepareReleaseArtProfile
Build APK and Create Release	Build Android Release APK	2026-09-30T20:51:40.5413500Z > Task :react-native-screens:prepareReleaseArtProfile
Build APK and Create Release	Build Android Release APK	2026-09-30T20:51:40.5543767Z > Task :react-native-svg:prepareReleaseArtProfile
Build APK and Create Release	Build Android Release APK	2026-09-30T20:51:40.6075129Z > Task :react-native-webview:prepareReleaseArtProfile
Build APK and Create Release	Build Android Release APK	2026-09-30T20:51:40.6193650Z > Task :react-native-ola-maps:bundleLibRuntimeToJarRelease
Build APK and Create Release	Build Android Release APK	2026-09-30T20:51:40.8047379Z > Task :react-native-safe-area-context:bundleLibRuntimeToJarRelease
Build APK and Create Release	Build Android Release APK	2026-09-30T20:51:41.9083780Z > Task :react-native-webview:bundleLibRuntimeToJarRelease
Build APK and Create Release	Build Android Release APK	2026-09-30T20:51:44.4056549Z > Task :react-native-async-storage_async-storage:bundleLibRuntimeToJarRelease
Build APK and Create Release	Build Android Release APK	2026-09-30T20:51:45.2047098Z > Task :react-native-masked-view_masked-view:bundleLibRuntimeToJarRelease
Build APK and Create Release	Build Android Release APK	2026-09-30T20:51:45.3119157Z > Task :mappls-map-react-native:bundleLibRuntimeToJarRelease
Build APK and Create Release	Build Android Release APK	2026-09-30T20:51:50.6103643Z > Task :react-native-svg:bundleLibRuntimeToJarRelease
Build APK and Create Release	Build Android Release APK	2026-09-30T20:51:55.8073785Z > Task :react-native-worklets:buildCMakeRelWithDebInfo[x86][worklets]
Build APK and Create Release	Build Android Release APK	2026-09-30T20:51:59.2047142Z > Task :react-native-screens:compileReleaseKotlin
Build APK and Create Release	Build Android Release APK	2026-09-30T20:51:59.8075476Z > Task :expo:mergeReleaseShaders
Build APK and Create Release	Build Android Release APK	2026-09-30T20:51:59.8134747Z > Task :expo:compileReleaseShaders NO-SOURCE
Build APK and Create Release	Build Android Release APK	2026-09-30T20:51:59.8233480Z > Task :expo:generateReleaseAssets UP-TO-DATE
Build APK and Create Release	Build Android Release APK	2026-09-30T20:51:59.8277839Z > Task :expo:mergeReleaseAssets
Build APK and Create Release	Build Android Release APK	2026-09-30T20:51:59.8378600Z > Task :expo-constants:mergeReleaseShaders
Build APK and Create Release	Build Android Release APK	2026-09-30T20:51:59.8513512Z > Task :expo-constants:compileReleaseShaders NO-SOURCE
Build APK and Create Release	Build Android Release APK	2026-09-30T20:51:59.8574590Z > Task :expo-constants:generateReleaseAssets UP-TO-DATE
Build APK and Create Release	Build Android Release APK	2026-09-30T20:51:59.9054871Z > Task :expo-constants:mergeReleaseAssets
Build APK and Create Release	Build Android Release APK	2026-09-30T20:51:59.9143740Z > Task :expo-log-box:mergeReleaseShaders
Build APK and Create Release	Build Android Release APK	2026-09-30T20:51:59.9147319Z > Task :expo-log-box:compileReleaseShaders NO-SOURCE
Build APK and Create Release	Build Android Release APK	2026-09-30T20:51:59.9173813Z > Task :expo-log-box:generateReleaseAssets UP-TO-DATE
Build APK and Create Release	Build Android Release APK	2026-09-30T20:51:59.9255336Z > Task :expo-log-box:mergeReleaseAssets
Build APK and Create Release	Build Android Release APK	2026-09-30T20:51:59.9273666Z > Task :expo-modules-core:mergeReleaseShaders
Build APK and Create Release	Build Android Release APK	2026-09-30T20:51:59.9383653Z > Task :expo-modules-core:compileReleaseShaders NO-SOURCE
Build APK and Create Release	Build Android Release APK	2026-09-30T20:51:59.9413478Z > Task :expo-modules-core:generateReleaseAssets UP-TO-DATE
Build APK and Create Release	Build Android Release APK	2026-09-30T20:52:00.0068883Z > Task :expo-modules-core:mergeReleaseAssets
Build APK and Create Release	Build Android Release APK	2026-09-30T20:52:00.0143534Z > Task :mappls-map-react-native:mergeReleaseShaders
Build APK and Create Release	Build Android Release APK	2026-09-30T20:52:00.0187359Z > Task :mappls-map-react-native:compileReleaseShaders NO-SOURCE
Build APK and Create Release	Build Android Release APK	2026-09-30T20:52:00.0254053Z > Task :mappls-map-react-native:generateReleaseAssets UP-TO-DATE
Build APK and Create Release	Build Android Release APK	2026-09-30T20:52:00.0318737Z > Task :mappls-map-react-native:mergeReleaseAssets
Build APK and Create Release	Build Android Release APK	2026-09-30T20:52:00.0344203Z > Task :react-native-async-storage_async-storage:mergeReleaseShaders
Build APK and Create Release	Build Android Release APK	2026-09-30T20:52:00.0363775Z > Task :react-native-async-storage_async-storage:compileReleaseShaders NO-SOURCE
Build APK and Create Release	Build Android Release APK	2026-09-30T20:52:00.0443758Z > Task :react-native-async-storage_async-storage:generateReleaseAssets UP-TO-DATE
Build APK and Create Release	Build Android Release APK	2026-09-30T20:52:00.0482007Z > Task :react-native-async-storage_async-storage:mergeReleaseAssets
Build APK and Create Release	Build Android Release APK	2026-09-30T20:52:00.0534795Z > Task :react-native-gesture-handler:mergeReleaseShaders
Build APK and Create Release	Build Android Release APK	2026-09-30T20:52:00.0623518Z > Task :react-native-gesture-handler:compileReleaseShaders NO-SOURCE
Build APK and Create Release	Build Android Release APK	2026-09-30T20:52:00.0675053Z > Task :react-native-gesture-handler:generateReleaseAssets UP-TO-DATE
Build APK and Create Release	Build Android Release APK	2026-09-30T20:52:00.1063696Z > Task :react-native-gesture-handler:mergeReleaseAssets
Build APK and Create Release	Build Android Release APK	2026-09-30T20:52:00.1081290Z > Task :react-native-masked-view_masked-view:mergeReleaseShaders
Build APK and Create Release	Build Android Release APK	2026-09-30T20:52:00.1145273Z > Task :react-native-masked-view_masked-view:compileReleaseShaders NO-SOURCE
Build APK and Create Release	Build Android Release APK	2026-09-30T20:52:00.1189530Z > Task :react-native-masked-view_masked-view:generateReleaseAssets UP-TO-DATE
Build APK and Create Release	Build Android Release APK	2026-09-30T20:52:00.1237719Z > Task :react-native-masked-view_masked-view:mergeReleaseAssets
Build APK and Create Release	Build Android Release APK	2026-09-30T20:52:00.1313422Z > Task :react-native-ola-maps:mergeReleaseShaders
Build APK and Create Release	Build Android Release APK	2026-09-30T20:52:00.1365846Z > Task :react-native-ola-maps:compileReleaseShaders NO-SOURCE
Build APK and Create Release	Build Android Release APK	2026-09-30T20:52:00.1403475Z > Task :react-native-ola-maps:generateReleaseAssets UP-TO-DATE
Build APK and Create Release	Build Android Release APK	2026-09-30T20:52:00.1443308Z > Task :react-native-ola-maps:mergeReleaseAssets
Build APK and Create Release	Build Android Release APK	2026-09-30T20:52:00.1465442Z > Task :react-native-reanimated:mergeReleaseShaders
Build APK and Create Release	Build Android Release APK	2026-09-30T20:52:00.1539567Z > Task :react-native-reanimated:compileReleaseShaders NO-SOURCE
Build APK and Create Release	Build Android Release APK	2026-09-30T20:52:00.1564106Z > Task :react-native-reanimated:generateReleaseAssets UP-TO-DATE
Build APK and Create Release	Build Android Release APK	2026-09-30T20:52:00.1573293Z > Task :react-native-reanimated:mergeReleaseAssets
Build APK and Create Release	Build Android Release APK	2026-09-30T20:52:00.2054452Z > Task :react-native-safe-area-context:mergeReleaseShaders
Build APK and Create Release	Build Android Release APK	2026-09-30T20:52:00.2096656Z > Task :react-native-safe-area-context:compileReleaseShaders NO-SOURCE
Build APK and Create Release	Build Android Release APK	2026-09-30T20:52:00.2140289Z > Task :react-native-safe-area-context:generateReleaseAssets UP-TO-DATE
Build APK and Create Release	Build Android Release APK	2026-09-30T20:52:00.2203601Z > Task :react-native-safe-area-context:mergeReleaseAssets
Build APK and Create Release	Build Android Release APK	2026-09-30T20:52:00.2297286Z > Task :react-native-screens:mergeReleaseShaders
Build APK and Create Release	Build Android Release APK	2026-09-30T20:52:00.2443411Z > Task :react-native-screens:compileReleaseShaders NO-SOURCE
Build APK and Create Release	Build Android Release APK	2026-09-30T20:52:00.2604565Z > Task :react-native-screens:generateReleaseAssets UP-TO-DATE
Build APK and Create Release	Build Android Release APK	2026-09-30T20:52:00.2680841Z > Task :react-native-screens:mergeReleaseAssets
Build APK and Create Release	Build Android Release APK	2026-09-30T20:52:00.2773345Z > Task :react-native-svg:mergeReleaseShaders
Build APK and Create Release	Build Android Release APK	2026-09-30T20:52:00.2794720Z > Task :react-native-svg:compileReleaseShaders NO-SOURCE
Build APK and Create Release	Build Android Release APK	2026-09-30T20:52:00.2846430Z > Task :react-native-svg:generateReleaseAssets UP-TO-DATE
Build APK and Create Release	Build Android Release APK	2026-09-30T20:52:00.2885304Z > Task :react-native-svg:mergeReleaseAssets
Build APK and Create Release	Build Android Release APK	2026-09-30T20:52:00.3053468Z > Task :react-native-webview:mergeReleaseShaders
Build APK and Create Release	Build Android Release APK	2026-09-30T20:52:00.3113463Z > Task :react-native-webview:compileReleaseShaders NO-SOURCE
Build APK and Create Release	Build Android Release APK	2026-09-30T20:52:00.3123304Z > Task :react-native-webview:generateReleaseAssets UP-TO-DATE
Build APK and Create Release	Build Android Release APK	2026-09-30T20:52:00.3181765Z > Task :react-native-webview:mergeReleaseAssets
Build APK and Create Release	Build Android Release APK	2026-09-30T20:52:00.3233249Z > Task :expo:extractProguardFiles
Build APK and Create Release	Build Android Release APK	2026-09-30T20:52:00.3263249Z > Task :expo-constants:extractProguardFiles
Build APK and Create Release	Build Android Release APK	2026-09-30T20:52:00.3293425Z > Task :expo-modules-core:extractProguardFiles
Build APK and Create Release	Build Android Release APK	2026-09-30T20:52:00.3353442Z > Task :expo-modules-core:prepareLintJarForPublish
Build APK and Create Release	Build Android Release APK	2026-09-30T20:52:00.3413410Z > Task :expo-constants:prepareLintJarForPublish
Build APK and Create Release	Build Android Release APK	2026-09-30T20:52:00.3437905Z > Task :expo-log-box:extractProguardFiles
Build APK and Create Release	Build Android Release APK	2026-09-30T20:52:00.3523258Z > Task :expo-log-box:prepareLintJarForPublish
Build APK and Create Release	Build Android Release APK	2026-09-30T20:52:00.3573150Z > Task :expo:prepareLintJarForPublish
Build APK and Create Release	Build Android Release APK	2026-09-30T20:52:00.3663613Z > Task :mappls-map-react-native:processReleaseJavaRes NO-SOURCE
Build APK and Create Release	Build Android Release APK	2026-09-30T20:52:00.3723156Z > Task :mappls-map-react-native:createFullJarRelease
Build APK and Create Release	Build Android Release APK	2026-09-30T20:52:00.3783309Z > Task :mappls-map-react-native:extractProguardFiles
Build APK and Create Release	Build Android Release APK	2026-09-30T20:52:10.7064035Z > Task :react-native-worklets:configureCMakeRelWithDebInfo[x86_64]
Build APK and Create Release	Build Android Release APK	2026-09-30T20:52:20.9074014Z > Task :mappls-map-react-native:generateReleaseLintModel
Build APK and Create Release	Build Android Release APK	2026-09-30T20:52:20.9163693Z > Task :mappls-map-react-native:prepareLintJarForPublish
Build APK and Create Release	Build Android Release APK	2026-09-30T20:52:20.9213597Z > Task :react-native-async-storage_async-storage:processReleaseJavaRes NO-SOURCE
Build APK and Create Release	Build Android Release APK	2026-09-30T20:52:20.9313809Z > Task :react-native-async-storage_async-storage:createFullJarRelease
Build APK and Create Release	Build Android Release APK	2026-09-30T20:52:20.9403454Z > Task :react-native-async-storage_async-storage:extractProguardFiles
Build APK and Create Release	Build Android Release APK	2026-09-30T20:52:21.2095354Z > Task :react-native-async-storage_async-storage:generateReleaseLintModel
Build APK and Create Release	Build Android Release APK	2026-09-30T20:52:21.3063742Z > Task :react-native-async-storage_async-storage:prepareLintJarForPublish
Build APK and Create Release	Build Android Release APK	2026-09-30T20:52:21.3093698Z > Task :react-native-gesture-handler:extractProguardFiles
Build APK and Create Release	Build Android Release APK	2026-09-30T20:52:21.3193377Z > Task :react-native-reanimated:extractProguardFiles
Build APK and Create Release	Build Android Release APK	2026-09-30T20:52:21.3303436Z > Task :react-native-reanimated:prepareLintJarForPublish
Build APK and Create Release	Build Android Release APK	2026-09-30T20:52:21.3393402Z > Task :react-native-svg:processReleaseJavaRes NO-SOURCE
Build APK and Create Release	Build Android Release APK	2026-09-30T20:52:21.3563378Z > Task :react-native-svg:createFullJarRelease
Build APK and Create Release	Build Android Release APK	2026-09-30T20:52:21.4083932Z > Task :react-native-svg:extractProguardFiles
Build APK and Create Release	Build Android Release APK	2026-09-30T20:52:21.5093628Z > Task :react-native-svg:generateReleaseLintModel
Build APK and Create Release	Build Android Release APK	2026-09-30T20:52:21.5153490Z > Task :react-native-svg:prepareLintJarForPublish
Build APK and Create Release	Build Android Release APK	2026-09-30T20:52:21.5273796Z > Task :react-native-gesture-handler:prepareLintJarForPublish
Build APK and Create Release	Build Android Release APK	2026-09-30T20:52:21.5363603Z > Task :react-native-masked-view_masked-view:processReleaseJavaRes NO-SOURCE
Build APK and Create Release	Build Android Release APK	2026-09-30T20:52:21.6053800Z > Task :react-native-masked-view_masked-view:createFullJarRelease
Build APK and Create Release	Build Android Release APK	2026-09-30T20:52:21.6174040Z > Task :react-native-masked-view_masked-view:extractProguardFiles
Build APK and Create Release	Build Android Release APK	2026-09-30T20:52:21.7063742Z > Task :react-native-masked-view_masked-view:generateReleaseLintModel
Build APK and Create Release	Build Android Release APK	2026-09-30T20:52:21.7153537Z > Task :react-native-masked-view_masked-view:prepareLintJarForPublish
Build APK and Create Release	Build Android Release APK	2026-09-30T20:52:21.8083710Z > Task :react-native-ola-maps:processReleaseJavaRes
Build APK and Create Release	Build Android Release APK	2026-09-30T20:52:21.8173276Z > Task :react-native-ola-maps:createFullJarRelease
Build APK and Create Release	Build Android Release APK	2026-09-30T20:52:21.8303423Z > Task :react-native-ola-maps:extractProguardFiles
Build APK and Create Release	Build Android Release APK	2026-09-30T20:52:27.7104708Z > Task :react-native-ola-maps:generateReleaseLintModel
Build APK and Create Release	Build Android Release APK	2026-09-30T20:52:27.8103676Z > Task :react-native-ola-maps:prepareLintJarForPublish
Build APK and Create Release	Build Android Release APK	2026-09-30T20:52:27.8104674Z > Task :react-native-safe-area-context:processReleaseJavaRes
Build APK and Create Release	Build Android Release APK	2026-09-30T20:52:27.8105589Z > Task :react-native-safe-area-context:createFullJarRelease
Build APK and Create Release	Build Android Release APK	2026-09-30T20:52:27.8106430Z > Task :react-native-safe-area-context:extractProguardFiles
Build APK and Create Release	Build Android Release APK	2026-09-30T20:52:27.9095979Z > Task :react-native-safe-area-context:generateReleaseLintModel
Build APK and Create Release	Build Android Release APK	2026-09-30T20:52:27.9183860Z > Task :react-native-safe-area-context:prepareLintJarForPublish
Build APK and Create Release	Build Android Release APK	2026-09-30T20:52:27.9225129Z > Task :react-native-screens:extractProguardFiles
Build APK and Create Release	Build Android Release APK	2026-09-30T20:52:28.0055585Z > Task :react-native-screens:prepareLintJarForPublish
Build APK and Create Release	Build Android Release APK	2026-09-30T20:52:28.0143402Z > Task :react-native-webview:processReleaseJavaRes
Build APK and Create Release	Build Android Release APK	2026-09-30T20:52:28.0193618Z > Task :react-native-webview:createFullJarRelease
Build APK and Create Release	Build Android Release APK	2026-09-30T20:52:28.0253556Z > Task :react-native-webview:extractProguardFiles
Build APK and Create Release	Build Android Release APK	2026-09-30T20:52:28.3063784Z > Task :react-native-webview:generateReleaseLintModel
Build APK and Create Release	Build Android Release APK	2026-09-30T20:52:28.3136521Z > Task :react-native-webview:prepareLintJarForPublish
Build APK and Create Release	Build Android Release APK	2026-09-30T20:52:28.3213572Z > Task :react-native-gesture-handler:extractDeepLinksForAarRelease
Build APK and Create Release	Build Android Release APK	2026-09-30T20:52:28.3320208Z > Task :react-native-ola-maps:stripReleaseDebugSymbols NO-SOURCE
Build APK and Create Release	Build Android Release APK	2026-09-30T20:52:28.4093955Z > Task :react-native-ola-maps:copyReleaseJniLibsProjectAndLocalJars
Build APK and Create Release	Build Android Release APK	2026-09-30T20:52:28.4098900Z > Task :react-native-ola-maps:extractDeepLinksForAarRelease
Build APK and Create Release	Build Android Release APK	2026-09-30T20:52:40.7073949Z > Task :react-native-worklets:buildCMakeRelWithDebInfo[x86_64][worklets]
Build APK and Create Release	Build Android Release APK	2026-09-30T20:52:42.5136754Z 
Build APK and Create Release	Build Android Release APK	2026-09-30T20:52:42.5283600Z > Task :react-native-screens:compileReleaseKotlin
Build APK and Create Release	Build Android Release APK	2026-09-30T20:52:42.5365590Z w: file:///home/runner/work/smart-parking-app/smart-parking-app/node_modules/react-native-screens/android/src/main/java/com/swmansion/rnscreens/RNScreensPackage.kt:70:9 The corresponding parameter in the supertype 'BaseReactPackage' is named 'name'. This may cause problems when calling this function with named arguments.
Build APK and Create Release	Build Android Release APK	2026-09-30T20:52:42.5370318Z w: file:///home/runner/work/smart-parking-app/smart-parking-app/node_modules/react-native-screens/android/src/main/java/com/swmansion/rnscreens/RNScreensPackage.kt:71:9 The corresponding parameter in the supertype 'BaseReactPackage' is named 'reactContext'. This may cause problems when calling this function with named arguments.
Build APK and Create Release	Build Android Release APK	2026-09-30T20:52:42.5376722Z w: file:///home/runner/work/smart-parking-app/smart-parking-app/node_modules/react-native-screens/android/src/main/java/com/swmansion/rnscreens/RNScreensPackage.kt:83:17 'constructor(name: String, className: String, canOverrideExistingModule: Boolean, needsEagerInit: Boolean, hasConstants: Boolean, isCxxModule: Boolean, isTurboModule: Boolean): ReactModuleInfo' is deprecated. This constructor is deprecated and will be removed in the future. Use ReactModuleInfo(String, String, boolean, boolean, boolean, boolean)].
Build APK and Create Release	Build Android Release APK	2026-09-30T20:52:42.5382706Z w: file:///home/runner/work/smart-parking-app/smart-parking-app/node_modules/react-native-screens/android/src/main/java/com/swmansion/rnscreens/Screen.kt:54:77 Unchecked cast of '(CoordinatorLayout.Behavior<View!>?..CoordinatorLayout.Behavior<*>?)' to 'BottomSheetBehavior<Screen>'.
Build APK and Create Release	Build Android Release APK	2026-09-30T20:52:42.5387087Z w: file:///home/runner/work/smart-parking-app/smart-parking-app/node_modules/react-native-screens/android/src/main/java/com/swmansion/rnscreens/Screen.kt:59:33 'fun getEventDispatcherForReactTag(context: ReactContext, reactTag: Int): EventDispatcher?' is deprecated. reactTag is no longer needed.
Build APK and Create Release	Build Android Release APK	2026-09-30T20:52:42.5391820Z w: file:///home/runner/work/smart-parking-app/smart-parking-app/node_modules/react-native-screens/android/src/main/java/com/swmansion/rnscreens/Screen.kt:516:14 'fun getEventDispatcherForReactTag(context: ReactContext, reactTag: Int): EventDispatcher?' is deprecated. reactTag is no longer needed.
Build APK and Create Release	Build Android Release APK	2026-09-30T20:52:42.5521875Z w: file:///home/runner/work/smart-parking-app/smart-parking-app/node_modules/react-native-screens/android/src/main/java/com/swmansion/rnscreens/ScreenContainer.kt:250:18 'fun getEventDispatcherForReactTag(context: ReactContext, reactTag: Int): EventDispatcher?' is deprecated. reactTag is no longer needed.
Build APK and Create Release	Build Android Release APK	2026-09-30T20:52:42.5527049Z w: file:///home/runner/work/smart-parking-app/smart-parking-app/node_modules/react-native-screens/android/src/main/java/com/swmansion/rnscreens/ScreenContainer.kt:260:18 'fun getEventDispatcherForReactTag(context: ReactContext, reactTag: Int): EventDispatcher?' is deprecated. reactTag is no longer needed.
Build APK and Create Release	Build Android Release APK	2026-09-30T20:52:42.5561680Z w: file:///home/runner/work/smart-parking-app/smart-parking-app/node_modules/react-native-screens/android/src/main/java/com/swmansion/rnscreens/ScreenFragment.kt:225:37 'fun getEventDispatcherForReactTag(context: ReactContext, reactTag: Int): EventDispatcher?' is deprecated. reactTag is no longer needed.
Build APK and Create Release	Build Android Release APK	2026-09-30T20:52:42.5566832Z w: file:///home/runner/work/smart-parking-app/smart-parking-app/node_modules/react-native-screens/android/src/main/java/com/swmansion/rnscreens/ScreenFragment.kt:242:14 'fun getEventDispatcherForReactTag(context: ReactContext, reactTag: Int): EventDispatcher?' is deprecated. reactTag is no longer needed.
Build APK and Create Release	Build Android Release APK	2026-09-30T20:52:42.5571469Z w: file:///home/runner/work/smart-parking-app/smart-parking-app/node_modules/react-native-screens/android/src/main/java/com/swmansion/rnscreens/ScreenFragment.kt:258:22 'fun getEventDispatcherForReactTag(context: ReactContext, reactTag: Int): EventDispatcher?' is deprecated. reactTag is no longer needed.
Build APK and Create Release	Build Android Release APK	2026-09-30T20:52:42.5638309Z w: file:///home/runner/work/smart-parking-app/smart-parking-app/node_modules/react-native-screens/android/src/main/java/com/swmansion/rnscreens/ScreenFragment.kt:327:22 'fun getEventDispatcherForReactTag(context: ReactContext, reactTag: Int): EventDispatcher?' is deprecated. reactTag is no longer needed.
Build APK and Create Release	Build Android Release APK	2026-09-30T20:52:42.5645392Z w: file:///home/runner/work/smart-parking-app/smart-parking-app/node_modules/react-native-screens/android/src/main/java/com/swmansion/rnscreens/ScreenModalFragment.kt:180:22 'fun getEventDispatcherForReactTag(context: ReactContext, reactTag: Int): EventDispatcher?' is deprecated. reactTag is no longer needed.
Build APK and Create Release	Build Android Release APK	2026-09-30T20:52:42.5650278Z w: file:///home/runner/work/smart-parking-app/smart-parking-app/node_modules/react-native-screens/android/src/main/java/com/swmansion/rnscreens/ScreenStack.kt:120:14 'fun getEventDispatcherForReactTag(context: ReactContext, reactTag: Int): EventDispatcher?' is deprecated. reactTag is no longer needed.
Build APK and Create Release	Build Android Release APK	2026-09-30T20:52:42.5655158Z w: file:///home/runner/work/smart-parking-app/smart-parking-app/node_modules/react-native-screens/android/src/main/java/com/swmansion/rnscreens/ScreenStackFragment.kt:173:18 'fun getEventDispatcherForReactTag(context: ReactContext, reactTag: Int): EventDispatcher?' is deprecated. reactTag is no longer needed.
Build APK and Create Release	Build Android Release APK	2026-09-30T20:52:42.5659232Z w: file:///home/runner/work/smart-parking-app/smart-parking-app/node_modules/react-native-screens/android/src/main/java/com/swmansion/rnscreens/ScreenStackFragment.kt:230:31 'var targetElevation: Float' is deprecated. Deprecated in Java.
Build APK and Create Release	Build Android Release APK	2026-09-30T20:52:42.5742346Z w: file:///home/runner/work/smart-parking-app/smart-parking-app/node_modules/react-native-screens/android/src/main/java/com/swmansion/rnscreens/ScreenStackFragment.kt:233:13 'fun setHasOptionsMenu(p0: Boolean): Unit' is deprecated. Deprecated in Java.
Build APK and Create Release	Build Android Release APK	2026-09-30T20:52:42.5747848Z w: file:///home/runner/work/smart-parking-app/smart-parking-app/node_modules/react-native-screens/android/src/main/java/com/swmansion/rnscreens/ScreenStackFragment.kt:443:18 This declaration overrides a deprecated member but is not marked as deprecated itself. Add the '@Deprecated' annotation or suppress the diagnostic.
Build APK and Create Release	Build Android Release APK	2026-09-30T20:52:42.5803439Z w: file:///home/runner/work/smart-parking-app/smart-parking-app/node_modules/react-native-screens/android/src/main/java/com/swmansion/rnscreens/ScreenStackFragment.kt:450:22 'fun onPrepareOptionsMenu(p0: Menu): Unit' is deprecated. Deprecated in Java.
Build APK and Create Release	Build Android Release APK	2026-09-30T20:52:42.5807662Z w: file:///home/runner/work/smart-parking-app/smart-parking-app/node_modules/react-native-screens/android/src/main/java/com/swmansion/rnscreens/ScreenStackFragment.kt:453:18 This declaration overrides a deprecated member but is not marked as deprecated itself. Add the '@Deprecated' annotation or suppress the diagnostic.
Build APK and Create Release	Build Android Release APK	2026-09-30T20:52:42.5811464Z w: file:///home/runner/work/smart-parking-app/smart-parking-app/node_modules/react-native-screens/android/src/main/java/com/swmansion/rnscreens/ScreenStackFragment.kt:458:22 'fun onCreateOptionsMenu(p0: Menu, p1: MenuInflater): Unit' is deprecated. Deprecated in Java.
Build APK and Create Release	Build Android Release APK	2026-09-30T20:52:42.5816260Z w: file:///home/runner/work/smart-parking-app/smart-parking-app/node_modules/react-native-screens/android/src/main/java/com/swmansion/rnscreens/ScreenStackHeaderConfig.kt:199:14 'fun getEventDispatcherForReactTag(context: ReactContext, reactTag: Int): EventDispatcher?' is deprecated. reactTag is no longer needed.
Build APK and Create Release	Build Android Release APK	2026-09-30T20:52:42.5821085Z w: file:///home/runner/work/smart-parking-app/smart-parking-app/node_modules/react-native-screens/android/src/main/java/com/swmansion/rnscreens/ScreenStackHeaderConfig.kt:209:14 'fun getEventDispatcherForReactTag(context: ReactContext, reactTag: Int): EventDispatcher?' is deprecated. reactTag is no longer needed.
Build APK and Create Release	Build Android Release APK	2026-09-30T20:52:42.5906277Z w: file:///home/runner/work/smart-parking-app/smart-parking-app/node_modules/react-native-screens/android/src/main/java/com/swmansion/rnscreens/ScreenWindowTraits.kt:48:42 'fun replaceSystemWindowInsets(p0: Int, p1: Int, p2: Int, p3: Int): @NonNull() WindowInsetsCompat' is deprecated. Deprecated in Java.
Build APK and Create Release	Build Android Release APK	2026-09-30T20:52:42.5910499Z w: file:///home/runner/work/smart-parking-app/smart-parking-app/node_modules/react-native-screens/android/src/main/java/com/swmansion/rnscreens/ScreenWindowTraits.kt:49:39 'val systemWindowInsetLeft: Int' is deprecated. Deprecated in Java.
Build APK and Create Release	Build Android Release APK	2026-09-30T20:52:42.5914268Z w: file:///home/runner/work/smart-parking-app/smart-parking-app/node_modules/react-native-screens/android/src/main/java/com/swmansion/rnscreens/ScreenWindowTraits.kt:51:39 'val systemWindowInsetRight: Int' is deprecated. Deprecated in Java.
Build APK and Create Release	Build Android Release APK	2026-09-30T20:52:42.5917733Z w: file:///home/runner/work/smart-parking-app/smart-parking-app/node_modules/react-native-screens/android/src/main/java/com/swmansion/rnscreens/ScreenWindowTraits.kt:52:39 'val systemWindowInsetBottom: Int' is deprecated. Deprecated in Java.
Build APK and Create Release	Build Android Release APK	2026-09-30T20:52:42.5921739Z w: file:///home/runner/work/smart-parking-app/smart-parking-app/node_modules/react-native-screens/android/src/main/java/com/swmansion/rnscreens/ScreensModule.kt:100:14 'fun getEventDispatcherForReactTag(context: ReactContext, reactTag: Int): EventDispatcher?' is deprecated. reactTag is no longer needed.
Build APK and Create Release	Build Android Release APK	2026-09-30T20:52:42.6025245Z w: file:///home/runner/work/smart-parking-app/smart-parking-app/node_modules/react-native-screens/android/src/main/java/com/swmansion/rnscreens/SearchBarView.kt:137:29 'fun getEventDispatcherForReactTag(context: ReactContext, reactTag: Int): EventDispatcher?' is deprecated. reactTag is no longer needed.
Build APK and Create Release	Build Android Release APK	2026-09-30T20:52:42.6030612Z w: file:///home/runner/work/smart-parking-app/smart-parking-app/node_modules/react-native-screens/android/src/main/java/com/swmansion/rnscreens/bottomsheet/BottomSheetDialogRootView.kt:7:8 'object ReactFeatureFlags : Any' is deprecated. Use com.facebook.react.internal.featureflags.ReactNativeFeatureFlags instead.
Build APK and Create Release	Build Android Release APK	2026-09-30T20:52:42.6035759Z w: file:///home/runner/work/smart-parking-app/smart-parking-app/node_modules/react-native-screens/android/src/main/java/com/swmansion/rnscreens/bottomsheet/BottomSheetDialogRootView.kt:25:13 'object ReactFeatureFlags : Any' is deprecated. Use com.facebook.react.internal.featureflags.ReactNativeFeatureFlags instead.
Build APK and Create Release	Build Android Release APK	2026-09-30T20:52:42.6041180Z w: file:///home/runner/work/smart-parking-app/smart-parking-app/node_modules/react-native-screens/android/src/main/java/com/swmansion/rnscreens/bottomsheet/BottomSheetDialogRootView.kt:32:9 The corresponding parameter in the supertype 'ReactViewGroup' is named 'left'. This may cause problems when calling this function with named arguments.
Build APK and Create Release	Build Android Release APK	2026-09-30T20:52:42.6106082Z w: file:///home/runner/work/smart-parking-app/smart-parking-app/node_modules/react-native-screens/android/src/main/java/com/swmansion/rnscreens/bottomsheet/BottomSheetDialogRootView.kt:33:9 The corresponding parameter in the supertype 'ReactViewGroup' is named 'top'. This may cause problems when calling this function with named arguments.
Build APK and Create Release	Build Android Release APK	2026-09-30T20:52:42.6111081Z w: file:///home/runner/work/smart-parking-app/smart-parking-app/node_modules/react-native-screens/android/src/main/java/com/swmansion/rnscreens/bottomsheet/BottomSheetDialogRootView.kt:34:9 The corresponding parameter in the supertype 'ReactViewGroup' is named 'right'. This may cause problems when calling this function with named arguments.
Build APK and Create Release	Build Android Release APK	2026-09-30T20:52:42.6116387Z w: file:///home/runner/work/smart-parking-app/smart-parking-app/node_modules/react-native-screens/android/src/main/java/com/swmansion/rnscreens/bottomsheet/BottomSheetDialogRootView.kt:35:9 The corresponding parameter in the supertype 'ReactViewGroup' is named 'bottom'. This may cause problems when calling this function with named arguments.
Build APK and Create Release	Build Android Release APK	2026-09-30T20:52:42.6121266Z w: file:///home/runner/work/smart-parking-app/smart-parking-app/node_modules/react-native-screens/android/src/main/java/com/swmansion/rnscreens/bottomsheet/BottomSheetDialogRootView.kt:71:9 The corresponding parameter in the supertype 'RootView' is named 'childView'. This may cause problems when calling this function with named arguments.
Build APK and Create Release	Build Android Release APK	2026-09-30T20:52:42.6126433Z w: file:///home/runner/work/smart-parking-app/smart-parking-app/node_modules/react-native-screens/android/src/main/java/com/swmansion/rnscreens/bottomsheet/BottomSheetDialogRootView.kt:72:9 The corresponding parameter in the supertype 'RootView' is named 'ev'. This may cause problems when calling this function with named arguments.
Build APK and Create Release	Build Android Release APK	2026-09-30T20:52:42.6131108Z w: file:///home/runner/work/smart-parking-app/smart-parking-app/node_modules/react-native-screens/android/src/main/java/com/swmansion/rnscreens/bottomsheet/BottomSheetDialogRootView.kt:79:46 The corresponding parameter in the supertype 'RootView' is named 'ev'. This may cause problems when calling this function with named arguments.
Build APK and Create Release	Build Android Release APK	2026-09-30T20:52:42.6351965Z w: file:///home/runner/work/smart-parking-app/smart-parking-app/node_modules/react-native-screens/android/src/main/java/com/swmansion/rnscreens/bottomsheet/BottomSheetDialogRootView.kt:83:9 The corresponding parameter in the supertype 'RootView' is named 'childView'. This may cause problems when calling this function with named arguments.
Build APK and Create Release	Build Android Release APK	2026-09-30T20:52:42.6357571Z w: file:///home/runner/work/smart-parking-app/smart-parking-app/node_modules/react-native-screens/android/src/main/java/com/swmansion/rnscreens/bottomsheet/BottomSheetDialogRootView.kt:84:9 The corresponding parameter in the supertype 'RootView' is named 'ev'. This may cause problems when calling this function with named arguments.
Build APK and Create Release	Build Android Release APK	2026-09-30T20:52:42.6362800Z w: file:///home/runner/work/smart-parking-app/smart-parking-app/node_modules/react-native-screens/android/src/main/java/com/swmansion/rnscreens/bottomsheet/BottomSheetDialogRootView.kt:95:34 The corresponding parameter in the supertype 'RootView' is named 't'. This may cause problems when calling this function with named arguments.
Build APK and Create Release	Build Android Release APK	2026-09-30T20:52:42.6367825Z w: file:///home/runner/work/smart-parking-app/smart-parking-app/node_modules/react-native-screens/android/src/main/java/com/swmansion/rnscreens/bottomsheet/DimmingView.kt:64:9 The corresponding parameter in the supertype 'ReactCompoundView' is named 'touchX'. This may cause problems when calling this function with named arguments.
Build APK and Create Release	Build Android Release APK	2026-09-30T20:52:42.6493678Z w: file:///home/runner/work/smart-parking-app/smart-parking-app/node_modules/react-native-screens/android/src/main/java/com/swmansion/rnscreens/bottomsheet/DimmingView.kt:65:9 The corresponding parameter in the supertype 'ReactCompoundView' is named 'touchY'. This may cause problems when calling this function with named arguments.
Build APK and Create Release	Build Android Release APK	2026-09-30T20:52:42.6498896Z w: file:///home/runner/work/smart-parking-app/smart-parking-app/node_modules/react-native-screens/android/src/main/java/com/swmansion/rnscreens/bottomsheet/DimmingView.kt:69:9 The corresponding parameter in the supertype 'ReactCompoundViewGroup' is named 'touchX'. This may cause problems when calling this function with named arguments.
Build APK and Create Release	Build Android Release APK	2026-09-30T20:52:42.6504220Z w: file:///home/runner/work/smart-parking-app/smart-parking-app/node_modules/react-native-screens/android/src/main/java/com/swmansion/rnscreens/bottomsheet/DimmingView.kt:70:9 The corresponding parameter in the supertype 'ReactCompoundViewGroup' is named 'touchY'. This may cause problems when calling this function with named arguments.
Build APK and Create Release	Build Android Release APK	2026-09-30T20:52:42.6509648Z w: file:///home/runner/work/smart-parking-app/smart-parking-app/node_modules/react-native-screens/android/src/main/java/com/swmansion/rnscreens/gamma/common/event/BaseEventEmitter.kt:12:38 'fun getEventDispatcherForReactTag(context: ReactContext, reactTag: Int): EventDispatcher?' is deprecated. reactTag is no longer needed.
Build APK and Create Release	Build Android Release APK	2026-09-30T20:52:42.6514888Z w: file:///home/runner/work/smart-parking-app/smart-parking-app/node_modules/react-native-screens/android/src/main/java/com/swmansion/rnscreens/gamma/modals/dimmingview/DimmingView.kt:64:9 The corresponding parameter in the supertype 'ReactCompoundView' is named 'touchX'. This may cause problems when calling this function with named arguments.
Build APK and Create Release	Build Android Release APK	2026-09-30T20:52:42.6519974Z w: file:///home/runner/work/smart-parking-app/smart-parking-app/node_modules/react-native-screens/android/src/main/java/com/swmansion/rnscreens/gamma/modals/dimmingview/DimmingView.kt:65:9 The corresponding parameter in the supertype 'ReactCompoundView' is named 'touchY'. This may cause problems when calling this function with named arguments.
Build APK and Create Release	Build Android Release APK	2026-09-30T20:52:42.6625586Z w: file:///home/runner/work/smart-parking-app/smart-parking-app/node_modules/react-native-screens/android/src/main/java/com/swmansion/rnscreens/gamma/modals/dimmingview/DimmingView.kt:69:9 The corresponding parameter in the supertype 'ReactCompoundViewGroup' is named 'touchX'. This may cause problems when calling this function with named arguments.
Build APK and Create Release	Build Android Release APK	2026-09-30T20:52:42.6631045Z w: file:///home/runner/work/smart-parking-app/smart-parking-app/node_modules/react-native-screens/android/src/main/java/com/swmansion/rnscreens/gamma/modals/dimmingview/DimmingView.kt:70:9 The corresponding parameter in the supertype 'ReactCompoundViewGroup' is named 'touchY'. This may cause problems when calling this function with named arguments.
Build APK and Create Release	Build Android Release APK	2026-09-30T20:52:42.6636709Z w: file:///home/runner/work/smart-parking-app/smart-parking-app/node_modules/react-native-screens/android/src/main/java/com/swmansion/rnscreens/gamma/modals/formsheet/FormSheetContentView.kt:11:8 'object ReactFeatureFlags : Any' is deprecated. Use com.facebook.react.internal.featureflags.ReactNativeFeatureFlags instead.
Build APK and Create Release	Build Android Release APK	2026-09-30T20:52:42.6641821Z w: file:///home/runner/work/smart-parking-app/smart-parking-app/node_modules/react-native-screens/android/src/main/java/com/swmansion/rnscreens/gamma/modals/formsheet/FormSheetContentView.kt:39:33 'fun getEventDispatcher(context: ReactContext, uiManagerType: Int): EventDispatcher?' is deprecated. UIManagerType is no longer needed.
Build APK and Create Release	Build Android Release APK	2026-09-30T20:52:42.6647223Z w: file:///home/runner/work/smart-parking-app/smart-parking-app/node_modules/react-native-screens/android/src/main/java/com/swmansion/rnscreens/gamma/modals/formsheet/FormSheetContentView.kt:44:13 'object ReactFeatureFlags : Any' is deprecated. Use com.facebook.react.internal.featureflags.ReactNativeFeatureFlags instead.
Build APK and Create Release	Build Android Release APK	2026-09-30T20:52:42.6763509Z w: file:///home/runner/work/smart-parking-app/smart-parking-app/node_modules/react-native-screens/android/src/main/java/com/swmansion/rnscreens/gamma/modals/formsheet/FormSheetHostViewManager.kt:38:9 The corresponding parameter in the supertype 'FormSheetHostViewManager' is named 'view'. This may cause problems when calling this function with named arguments.
Build APK and Create Release	Build Android Release APK	2026-09-30T20:52:42.6768843Z w: file:///home/runner/work/smart-parking-app/smart-parking-app/node_modules/react-native-screens/android/src/main/java/com/swmansion/rnscreens/gamma/tabs/host/TabsHostViewManager.kt:44:9 The corresponding parameter in the supertype 'TabsHostViewManager' is named 'view'. This may cause problems when calling this function with named arguments.
Build APK and Create Release	Build Android Release APK	2026-09-30T20:52:42.6773602Z w: file:///home/runner/work/smart-parking-app/smart-parking-app/node_modules/react-native-screens/android/src/main/java/com/swmansion/rnscreens/safearea/SafeAreaView.kt:143:45 'fun consumeDisplayCutout(): @NonNull() WindowInsetsCompat' is deprecated. Deprecated in Java.
Build APK and Create Release	Build Android Release APK	2026-09-30T20:52:47.0053092Z 
Build APK and Create Release	Build Android Release APK	2026-09-30T20:52:47.0067290Z > Task :react-native-screens:compileReleaseJavaWithJavac
Build APK and Create Release	Build Android Release APK	2026-09-30T20:52:47.1053710Z > Task :react-native-ola-maps:extractReleaseAnnotations
Build APK and Create Release	Build Android Release APK	2026-09-30T20:52:47.1060360Z > Task :react-native-screens:bundleLibCompileToJarRelease
Build APK and Create Release	Build Android Release APK	2026-09-30T20:52:47.2103680Z > Task :react-native-screens:bundleLibRuntimeToJarRelease
Build APK and Create Release	Build Android Release APK	2026-09-30T20:52:47.8103956Z > Task :react-native-screens:bundleLibRuntimeToDirRelease
Build APK and Create Release	Build Android Release APK	2026-09-30T20:52:55.0054841Z > Task :react-native-screens:processReleaseJavaRes
Build APK and Create Release	Build Android Release APK	2026-09-30T20:52:55.1074776Z > Task :react-native-screens:createFullJarRelease
Build APK and Create Release	Build Android Release APK	2026-09-30T20:52:55.9046976Z > Task :react-native-ola-maps:mergeReleaseGeneratedProguardFiles
Build APK and Create Release	Build Android Release APK	2026-09-30T20:52:55.9073368Z > Task :react-native-ola-maps:mergeReleaseConsumerProguardFiles
Build APK and Create Release	Build Android Release APK	2026-09-30T20:52:57.2063767Z > Task :react-native-worklets:externalNativeBuildRelease
Build APK and Create Release	Build Android Release APK	2026-09-30T20:52:57.2103363Z > Task :react-native-worklets:generateJsonModelRelease
Build APK and Create Release	Build Android Release APK	2026-09-30T20:52:57.2133723Z > Task :react-native-worklets:prefabReleaseConfigurePackage
Build APK and Create Release	Build Android Release APK	2026-09-30T20:52:57.2164092Z > Task :react-native-ola-maps:mergeReleaseJavaResource
Build APK and Create Release	Build Android Release APK	2026-09-30T20:52:57.5046922Z > Task :react-native-worklets:prefabReleasePackage
Build APK and Create Release	Build Android Release APK	2026-09-30T20:52:57.6063704Z > Task :react-native-worklets:mergeReleaseJniLibFolders
Build APK and Create Release	Build Android Release APK	2026-09-30T20:52:57.9076664Z > Task :react-native-screens:generateReleaseLintModel
Build APK and Create Release	Build Android Release APK	2026-09-30T20:52:58.0073866Z > Task :react-native-worklets:mergeReleaseNativeLibs
Build APK and Create Release	Build Android Release APK	2026-09-30T20:52:59.2058569Z > Task :react-native-reanimated:configureCMakeRelWithDebInfo[arm64-v8a]
Build APK and Create Release	Build Android Release APK	2026-09-30T20:53:00.7063831Z > Task :react-native-reanimated:configureCMakeRelWithDebInfo[armeabi-v7a]
Build APK and Create Release	Build Android Release APK	2026-09-30T20:53:00.8058290Z > Task :react-native-worklets:copyReleaseJniLibsProjectOnly
Build APK and Create Release	Build Android Release APK	2026-09-30T20:53:00.8090101Z > Task :react-native-worklets:checkKotlinGradlePluginConfigurationErrors SKIPPED
Build APK and Create Release	Build Android Release APK	2026-09-30T20:53:00.8091921Z > Task :react-native-worklets:generateReleaseBuildConfig
Build APK and Create Release	Build Android Release APK	2026-09-30T20:53:00.8093263Z > Task :react-native-worklets:generateReleaseResValues
Build APK and Create Release	Build Android Release APK	2026-09-30T20:53:00.8094672Z > Task :react-native-worklets:generateReleaseResources
Build APK and Create Release	Build Android Release APK	2026-09-30T20:53:00.9063865Z > Task :react-native-worklets:packageReleaseResources
Build APK and Create Release	Build Android Release APK	2026-09-30T20:53:00.9133675Z > Task :react-native-worklets:parseReleaseLocalResources
Build APK and Create Release	Build Android Release APK	2026-09-30T20:53:00.9183498Z > Task :react-native-worklets:generateReleaseRFile
Build APK and Create Release	Build Android Release APK	2026-09-30T20:53:02.6083629Z > Task :expo-modules-core:configureCMakeRelWithDebInfo[arm64-v8a]
Build APK and Create Release	Build Android Release APK	2026-09-30T20:53:02.7076666Z 
Build APK and Create Release	Build Android Release APK	2026-09-30T20:53:02.7105775Z > Task :app:createBundleReleaseJsAndAssets
Build APK and Create Release	Build Android Release APK	2026-09-30T20:53:02.7207298Z Android Bundled 87589ms node_modules/expo-router/entry.js (2719 modules)
Build APK and Create Release	Build Android Release APK	2026-09-30T20:53:02.8074212Z Writing bundle output to: /home/runner/work/smart-parking-app/smart-parking-app/android/app/build/generated/assets/react/release/index.android.bundle
Build APK and Create Release	Build Android Release APK	2026-09-30T20:53:02.8113501Z 
Build APK and Create Release	Build Android Release APK	2026-09-30T20:53:02.8193675Z > Task :react-native-reanimated:configureCMakeRelWithDebInfo[x86]
Build APK and Create Release	Build Android Release APK	2026-09-30T20:53:03.0058515Z > Task :react-native-worklets:compileReleaseKotlin
Build APK and Create Release	Build Android Release APK	2026-09-30T20:53:03.0073568Z > Task :react-native-worklets:javaPreCompileRelease
Build APK and Create Release	Build Android Release APK	2026-09-30T20:53:03.7053929Z > Task :react-native-worklets:compileReleaseJavaWithJavac
Build APK and Create Release	Build Android Release APK	2026-09-30T20:53:03.7083675Z > Task :react-native-worklets:bundleLibCompileToJarRelease
Build APK and Create Release	Build Android Release APK	2026-09-30T20:53:03.7133562Z > Task :react-native-worklets:bundleLibRuntimeToDirRelease
Build APK and Create Release	Build Android Release APK	2026-09-30T20:53:03.9067994Z > Task :react-native-worklets:writeReleaseAarMetadata
Build APK and Create Release	Build Android Release APK	2026-09-30T20:53:03.9096033Z > Task :react-native-worklets:extractDeepLinksRelease
Build APK and Create Release	Build Android Release APK	2026-09-30T20:53:03.9165250Z > Task :react-native-worklets:processReleaseManifest
Build APK and Create Release	Build Android Release APK	2026-09-30T20:53:03.9203356Z > Task :react-native-worklets:compileReleaseLibraryResources
Build APK and Create Release	Build Android Release APK	2026-09-30T20:53:03.9230080Z > Task :react-native-worklets:prepareReleaseArtProfile
Build APK and Create Release	Build Android Release APK	2026-09-30T20:53:03.9273573Z > Task :react-native-worklets:bundleLibRuntimeToJarRelease
Build APK and Create Release	Build Android Release APK	2026-09-30T20:53:04.1103718Z > Task :react-native-worklets:mergeReleaseShaders
Build APK and Create Release	Build Android Release APK	2026-09-30T20:53:04.1105332Z > Task :react-native-worklets:compileReleaseShaders NO-SOURCE
Build APK and Create Release	Build Android Release APK	2026-09-30T20:53:04.1163305Z > Task :react-native-worklets:generateReleaseAssets UP-TO-DATE
Build APK and Create Release	Build Android Release APK	2026-09-30T20:53:04.1164244Z > Task :react-native-worklets:mergeReleaseAssets
Build APK and Create Release	Build Android Release APK	2026-09-30T20:53:04.1165053Z > Task :react-native-worklets:processReleaseJavaRes
Build APK and Create Release	Build Android Release APK	2026-09-30T20:53:04.1165884Z > Task :react-native-worklets:createFullJarRelease
Build APK and Create Release	Build Android Release APK	2026-09-30T20:53:04.1166696Z > Task :react-native-worklets:extractProguardFiles
Build APK and Create Release	Build Android Release APK	2026-09-30T20:53:04.7063896Z > Task :react-native-reanimated:configureCMakeRelWithDebInfo[x86_64]
Build APK and Create Release	Build Android Release APK	2026-09-30T20:53:04.7065338Z > Task :react-native-reanimated:generateJsonModelRelease
Build APK and Create Release	Build Android Release APK	2026-09-30T20:53:04.7093569Z > Task :react-native-reanimated:prefabReleaseConfigurePackage
Build APK and Create Release	Build Android Release APK	2026-09-30T20:53:04.8046366Z 
Build APK and Create Release	Build Android Release APK	2026-09-30T20:53:04.8063356Z > Task :app:createBundleReleaseJsAndAssets
Build APK and Create Release	Build Android Release APK	2026-09-30T20:53:04.8074550Z Writing sourcemap output to: /home/runner/work/smart-parking-app/smart-parking-app/android/app/build/intermediates/sourcemaps/react/release/index.android.bundle.packager.map
Build APK and Create Release	Build Android Release APK	2026-09-30T20:53:04.8103320Z Copying 51 asset files
Build APK and Create Release	Build Android Release APK	2026-09-30T20:53:04.8163210Z Done writing bundle output
Build APK and Create Release	Build Android Release APK	2026-09-30T20:53:04.8222972Z Done writing sourcemap output
Build APK and Create Release	Build Android Release APK	2026-09-30T20:53:06.9063271Z 
Build APK and Create Release	Build Android Release APK	2026-09-30T20:53:06.9073635Z > Task :react-native-worklets:generateReleaseLintModel
Build APK and Create Release	Build Android Release APK	2026-09-30T20:53:32.6083808Z > Task :expo-modules-core:buildCMakeRelWithDebInfo[arm64-v8a]
Build APK and Create Release	Build Android Release APK	2026-09-30T20:53:34.7063983Z > Task :react-native-reanimated:buildCMakeRelWithDebInfo[arm64-v8a][reanimated]
Build APK and Create Release	Build Android Release APK	2026-09-30T20:53:36.9053952Z > Task :react-native-gesture-handler:configureCMakeRelWithDebInfo[arm64-v8a]
Build APK and Create Release	Build Android Release APK	2026-09-30T20:53:51.9062947Z 
Build APK and Create Release	Build Android Release APK	2026-09-30T20:53:51.9133675Z > Task :expo-modules-core:buildCMakeRelWithDebInfo[arm64-v8a]
Build APK and Create Release	Build Android Release APK	2026-09-30T20:53:51.9144218Z C/C++: ninja: Entering directory `/home/runner/work/smart-parking-app/smart-parking-app/node_modules/expo-modules-core/android/.cxx/RelWithDebInfo/25f3k3h1/arm64-v8a'
Build APK and Create Release	Build Android Release APK	2026-09-30T20:53:51.9174772Z C/C++: /home/runner/work/smart-parking-app/smart-parking-app/node_modules/expo-modules-core/android/src/main/cpp/fabric/ExpoComponentDescriptorFactory.cpp:17:5: warning: 'RawPropsParser' is deprecated [-Wdeprecated-declarations]
Build APK and Create Release	Build Android Release APK	2026-09-30T20:53:51.9177044Z C/C++:    17 |     react::RawPropsParser(/*useRawPropsJsiValue=*/true)
Build APK and Create Release	Build Android Release APK	2026-09-30T20:53:51.9177728Z C/C++:       |     ^
Build APK and Create Release	Build Android Release APK	2026-09-30T20:53:51.9179701Z C/C++: /home/runner/work/smart-parking-app/smart-parking-app/node_modules/react-native/ReactCommon/react/renderer/core/RawPropsParser.h:31:5: note: 'RawPropsParser' has been explicitly marked deprecated here
Build APK and Create Release	Build Android Release APK	2026-09-30T20:53:51.9181961Z C/C++:    31 |   [[deprecated]] explicit RawPropsParser(bool /* ignored */) : RawPropsParser() {}
Build APK and Create Release	Build Android Release APK	2026-09-30T20:53:51.9183060Z C/C++:       |     ^
Build APK and Create Release	Build Android Release APK	2026-09-30T20:53:51.9183527Z C/C++: 1 warning generated.
Build APK and Create Release	Build Android Release APK	2026-09-30T20:53:53.8062938Z 
Build APK and Create Release	Build Android Release APK	2026-09-30T20:53:53.8123796Z > Task :expo-modules-core:configureCMakeRelWithDebInfo[armeabi-v7a]
Build APK and Create Release	Build Android Release APK	2026-09-30T20:54:23.8123802Z > Task :expo-modules-core:buildCMakeRelWithDebInfo[armeabi-v7a]
Build APK and Create Release	Build Android Release APK	2026-09-30T20:54:44.1046769Z > Task :app:configureCMakeRelWithDebInfo[arm64-v8a]
Build APK and Create Release	Build Android Release APK	2026-09-30T20:54:46.7048032Z 
Build APK and Create Release	Build Android Release APK	2026-09-30T20:54:46.7073631Z > Task :expo-modules-core:buildCMakeRelWithDebInfo[armeabi-v7a]
Build APK and Create Release	Build Android Release APK	2026-09-30T20:54:46.7075763Z C/C++: ninja: Entering directory `/home/runner/work/smart-parking-app/smart-parking-app/node_modules/expo-modules-core/android/.cxx/RelWithDebInfo/25f3k3h1/armeabi-v7a'
Build APK and Create Release	Build Android Release APK	2026-09-30T20:54:46.7101041Z C/C++: /home/runner/work/smart-parking-app/smart-parking-app/node_modules/expo-modules-core/android/src/main/cpp/fabric/ExpoComponentDescriptorFactory.cpp:17:5: warning: 'RawPropsParser' is deprecated [-Wdeprecated-declarations]
Build APK and Create Release	Build Android Release APK	2026-09-30T20:54:46.7133463Z C/C++:    17 |     react::RawPropsParser(/*useRawPropsJsiValue=*/true)
Build APK and Create Release	Build Android Release APK	2026-09-30T20:54:46.7153012Z C/C++:       |     ^
Build APK and Create Release	Build Android Release APK	2026-09-30T20:54:46.7165715Z C/C++: /home/runner/work/smart-parking-app/smart-parking-app/node_modules/react-native/ReactCommon/react/renderer/core/RawPropsParser.h:31:5: note: 'RawPropsParser' has been explicitly marked deprecated here
Build APK and Create Release	Build Android Release APK	2026-09-30T20:54:46.7193620Z C/C++:    31 |   [[deprecated]] explicit RawPropsParser(bool /* ignored */) : RawPropsParser() {}
Build APK and Create Release	Build Android Release APK	2026-09-30T20:54:46.7223553Z C/C++:       |     ^
Build APK and Create Release	Build Android Release APK	2026-09-30T20:54:46.7226074Z C/C++: 1 warning generated.
Build APK and Create Release	Build Android Release APK	2026-09-30T20:54:47.9074366Z 
Build APK and Create Release	Build Android Release APK	2026-09-30T20:54:47.9075656Z > Task :expo-modules-core:configureCMakeRelWithDebInfo[x86]
Build APK and Create Release	Build Android Release APK	2026-09-30T20:55:17.9063763Z > Task :expo-modules-core:buildCMakeRelWithDebInfo[x86]
Build APK and Create Release	Build Android Release APK	2026-09-30T20:55:18.8050446Z C/C++: ninja: Entering directory `/home/runner/work/smart-parking-app/smart-parking-app/node_modules/expo-modules-core/android/.cxx/RelWithDebInfo/25f3k3h1/x86'
Build APK and Create Release	Build Android Release APK	2026-09-30T20:55:18.8054316Z C/C++: /home/runner/work/smart-parking-app/smart-parking-app/node_modules/expo-modules-core/android/src/main/cpp/fabric/ExpoComponentDescriptorFactory.cpp:17:5: warning: 'RawPropsParser' is deprecated [-Wdeprecated-declarations]
Build APK and Create Release	Build Android Release APK	2026-09-30T20:55:18.8057072Z C/C++:    17 |     react::RawPropsParser(/*useRawPropsJsiValue=*/true)
Build APK and Create Release	Build Android Release APK	2026-09-30T20:55:18.8058014Z C/C++:       |     ^
Build APK and Create Release	Build Android Release APK	2026-09-30T20:55:18.8060207Z C/C++: /home/runner/work/smart-parking-app/smart-parking-app/node_modules/react-native/ReactCommon/react/renderer/core/RawPropsParser.h:31:5: note: 'RawPropsParser' has been explicitly marked deprecated here
Build APK and Create Release	Build Android Release APK	2026-09-30T20:55:18.8062885Z C/C++:    31 |   [[deprecated]] explicit RawPropsParser(bool /* ignored */) : RawPropsParser() {}
Build APK and Create Release	Build Android Release APK	2026-09-30T20:55:18.8063994Z C/C++:       |     ^
Build APK and Create Release	Build Android Release APK	2026-09-30T20:55:18.8064628Z C/C++: 1 warning generated.
Build APK and Create Release	Build Android Release APK	2026-09-30T20:55:20.0061765Z 
Build APK and Create Release	Build Android Release APK	2026-09-30T20:55:20.0074222Z > Task :expo-modules-core:configureCMakeRelWithDebInfo[x86_64]
Build APK and Create Release	Build Android Release APK	2026-09-30T20:55:50.0114473Z > Task :expo-modules-core:buildCMakeRelWithDebInfo[x86_64]
Build APK and Create Release	Build Android Release APK	2026-09-30T20:55:56.2084638Z C/C++: ninja: Entering directory `/home/runner/work/smart-parking-app/smart-parking-app/node_modules/expo-modules-core/android/.cxx/RelWithDebInfo/25f3k3h1/x86_64'
Build APK and Create Release	Build Android Release APK	2026-09-30T20:55:56.2110359Z C/C++: /home/runner/work/smart-parking-app/smart-parking-app/node_modules/expo-modules-core/android/src/main/cpp/fabric/ExpoComponentDescriptorFactory.cpp:17:5: warning: 'RawPropsParser' is deprecated [-Wdeprecated-declarations]
Build APK and Create Release	Build Android Release APK	2026-09-30T20:55:56.2133386Z C/C++:    17 |     react::RawPropsParser(/*useRawPropsJsiValue=*/true)
Build APK and Create Release	Build Android Release APK	2026-09-30T20:55:56.2173360Z C/C++:       |     ^
Build APK and Create Release	Build Android Release APK	2026-09-30T20:55:56.2234731Z C/C++: /home/runner/work/smart-parking-app/smart-parking-app/node_modules/react-native/ReactCommon/react/renderer/core/RawPropsParser.h:31:5: note: 'RawPropsParser' has been explicitly marked deprecated here
Build APK and Create Release	Build Android Release APK	2026-09-30T20:55:56.2293668Z C/C++:    31 |   [[deprecated]] explicit RawPropsParser(bool /* ignored */) : RawPropsParser() {}
Build APK and Create Release	Build Android Release APK	2026-09-30T20:55:56.2299770Z C/C++:       |     ^
Build APK and Create Release	Build Android Release APK	2026-09-30T20:55:56.2353284Z C/C++: 1 warning generated.
Build APK and Create Release	Build Android Release APK	2026-09-30T20:55:58.2046517Z 
Build APK and Create Release	Build Android Release APK	2026-09-30T20:55:58.2063816Z > Task :expo-modules-core:mergeReleaseNativeLibs
Build APK and Create Release	Build Android Release APK	2026-09-30T20:55:58.3048763Z > Task :react-native-reanimated:buildCMakeRelWithDebInfo[armeabi-v7a][reanimated]
Build APK and Create Release	Build Android Release APK	2026-09-30T20:55:58.9095155Z > Task :expo-modules-core:copyReleaseJniLibsProjectOnly
Build APK and Create Release	Build Android Release APK	2026-09-30T20:56:28.9053551Z > Task :expo-modules-core:compileReleaseKotlin
Build APK and Create Release	Build Android Release APK	2026-09-30T20:56:54.1048408Z w: file:///home/runner/work/smart-parking-app/smart-parking-app/node_modules/expo-modules-core/android/src/main/java/expo/modules/apploader/AppLoaderProvider.kt:34:52 Unchecked cast of 'Class<*>!' to 'Class<out HeadlessAppLoader>'.
Build APK and Create Release	Build Android Release APK	2026-09-30T20:56:54.1075299Z w: file:///home/runner/work/smart-parking-app/smart-parking-app/node_modules/expo-modules-core/android/src/main/java/expo/modules/kotlin/AppContext.kt:14:8 'class UIManagerModule : ReactContextBaseJavaModule, LifecycleEventListener, UIManager' is deprecated. Deprecated in Java.
Build APK and Create Release	Build Android Release APK	2026-09-30T20:56:54.1104849Z w: file:///home/runner/work/smart-parking-app/smart-parking-app/node_modules/expo-modules-core/android/src/main/java/expo/modules/kotlin/AppContext.kt:22:8 'typealias ErrorManagerModule = JSLoggerModule' is deprecated. Use JSLoggerModule instead.
Build APK and Create Release	Build Android Release APK	2026-09-30T20:56:54.1134949Z w: file:///home/runner/work/smart-parking-app/smart-parking-app/node_modules/expo-modules-core/android/src/main/java/expo/modules/kotlin/AppContext.kt:61:13 'val hostingRuntimeContext: MainRuntime' is deprecated. Use AppContext.runtimeContext instead.
Build APK and Create Release	Build Android Release APK	2026-09-30T20:56:54.1155074Z w: file:///home/runner/work/smart-parking-app/smart-parking-app/node_modules/expo-modules-core/android/src/main/java/expo/modules/kotlin/AppContext.kt:271:21 'typealias ErrorManagerModule = JSLoggerModule' is deprecated. Use JSLoggerModule instead.
Build APK and Create Release	Build Android Release APK	2026-09-30T20:56:54.1175371Z w: file:///home/runner/work/smart-parking-app/smart-parking-app/node_modules/expo-modules-core/android/src/main/java/expo/modules/kotlin/AppContext.kt:380:21 'val DEFAULT: Int' is deprecated. UIManagerType.DEFAULT will be deleted in the next release of React Native. Use [LEGACY] instead.
Build APK and Create Release	Build Android Release APK	2026-09-30T20:56:54.1205365Z w: file:///home/runner/work/smart-parking-app/smart-parking-app/node_modules/expo-modules-core/android/src/main/java/expo/modules/kotlin/AppContext.kt:381:10 'class UIManagerModule : ReactContextBaseJavaModule, LifecycleEventListener, UIManager' is deprecated. Deprecated in Java.
Build APK and Create Release	Build Android Release APK	2026-09-30T20:56:54.1235459Z w: file:///home/runner/work/smart-parking-app/smart-parking-app/node_modules/expo-modules-core/android/src/main/java/expo/modules/kotlin/defaultmodules/NativeModulesProxyModule.kt:16:5 'fun Constants(legacyConstantsProvider: () -> Map<String, Any?>): Unit' is deprecated. Use `Constant` or `Property` instead.
Build APK and Create Release	Build Android Release APK	2026-09-30T20:56:54.1265476Z w: file:///home/runner/work/smart-parking-app/smart-parking-app/node_modules/expo-modules-core/android/src/main/java/expo/modules/kotlin/events/KModuleEventEmitterWrapper.kt:99:21 'fun getEventDispatcherForReactTag(context: ReactContext, reactTag: Int): EventDispatcher?' is deprecated. reactTag is no longer needed.
Build APK and Create Release	Build Android Release APK	2026-09-30T20:56:54.1270711Z w: file:///home/runner/work/smart-parking-app/smart-parking-app/node_modules/expo-modules-core/android/src/main/java/expo/modules/kotlin/events/KModuleEventEmitterWrapper.kt:108:21 'fun getEventDispatcherForReactTag(context: ReactContext, reactTag: Int): EventDispatcher?' is deprecated. reactTag is no longer needed.
Build APK and Create Release	Build Android Release APK	2026-09-30T20:56:54.1305038Z w: file:///home/runner/work/smart-parking-app/smart-parking-app/node_modules/expo-modules-core/android/src/main/java/expo/modules/kotlin/views/ViewDefinitionBuilder.kt:470:16 'val errorManager: JSLoggerModule?' is deprecated. Use AppContext.jsLogger instead.
Build APK and Create Release	Build Android Release APK	2026-09-30T20:56:54.1309528Z w: file:///home/runner/work/smart-parking-app/smart-parking-app/node_modules/expo-modules-core/android/src/main/java/expo/modules/kotlin/views/ViewDefinitionBuilder.kt:470:30 'fun reportExceptionToLogBox(codedException: CodedException): Unit' is deprecated. Use appContext.jsLogger.error(...) instead.
Build APK and Create Release	Build Android Release APK	2026-09-30T20:56:54.1314081Z w: file:///home/runner/work/smart-parking-app/smart-parking-app/node_modules/expo-modules-core/android/src/main/java/expo/modules/kotlin/views/ViewManagerDefinition.kt:41:16 'val errorManager: JSLoggerModule?' is deprecated. Use AppContext.jsLogger instead.
Build APK and Create Release	Build Android Release APK	2026-09-30T20:56:54.1318905Z w: file:///home/runner/work/smart-parking-app/smart-parking-app/node_modules/expo-modules-core/android/src/main/java/expo/modules/kotlin/views/ViewManagerDefinition.kt:41:30 'fun reportExceptionToLogBox(codedException: CodedException): Unit' is deprecated. Use appContext.jsLogger.error(...) instead.
Build APK and Create Release	Build Android Release APK	2026-09-30T20:56:56.4047151Z Note: Some input files use or override a deprecated API.
Build APK and Create Release	Build Android Release APK	2026-09-30T20:56:56.4047669Z 
Build APK and Create Release	Build Android Release APK	2026-09-30T20:56:56.4048207Z > Task :expo-modules-core:compileReleaseJavaWithJavac
Build APK and Create Release	Build Android Release APK	2026-09-30T20:56:56.4050080Z Note: Recompile with -Xlint:deprecation for details.
Build APK and Create Release	Build Android Release APK	2026-09-30T20:56:57.6053389Z 
Build APK and Create Release	Build Android Release APK	2026-09-30T20:56:57.6093537Z > Task :expo-modules-core:bundleLibCompileToJarRelease
Build APK and Create Release	Build Android Release APK	2026-09-30T20:56:59.0046294Z 
Build APK and Create Release	Build Android Release APK	2026-09-30T20:56:59.0103757Z > Task :expo-constants:compileReleaseKotlin
Build APK and Create Release	Build Android Release APK	2026-09-30T20:56:59.0131330Z w: file:///home/runner/work/smart-parking-app/smart-parking-app/node_modules/expo-constants/android/src/main/java/expo/modules/constants/ConstantsModule.kt:13:5 'fun Constants(legacyConstantsProvider: () -> Map<String, Any?>): Unit' is deprecated. Use `Constant` or `Property` instead.
Build APK and Create Release	Build Android Release APK	2026-09-30T20:56:59.5052946Z 
Build APK and Create Release	Build Android Release APK	2026-09-30T20:56:59.5113589Z > Task :expo-constants:compileReleaseJavaWithJavac
Build APK and Create Release	Build Android Release APK	2026-09-30T20:56:59.5136760Z > Task :expo-constants:bundleLibCompileToJarRelease
Build APK and Create Release	Build Android Release APK	2026-09-30T20:57:01.1060358Z > Task :expo-log-box:compileReleaseKotlin
Build APK and Create Release	Build Android Release APK	2026-09-30T20:57:01.4063821Z > Task :expo-log-box:compileReleaseJavaWithJavac
Build APK and Create Release	Build Android Release APK	2026-09-30T20:57:01.4083366Z > Task :expo-log-box:bundleLibCompileToJarRelease
Build APK and Create Release	Build Android Release APK	2026-09-30T20:57:05.6063033Z 
Build APK and Create Release	Build Android Release APK	2026-09-30T20:57:05.6123639Z > Task :expo:compileReleaseKotlin
Build APK and Create Release	Build Android Release APK	2026-09-30T20:57:05.6126565Z w: file:///home/runner/work/smart-parking-app/smart-parking-app/node_modules/expo/android/src/main/java/expo/modules/ExpoModulesPackage.kt:34:16 This declaration overrides a deprecated member but is not marked as deprecated itself. Add the '@Deprecated' annotation or suppress the diagnostic.
Build APK and Create Release	Build Android Release APK	2026-09-30T20:57:05.6150435Z w: file:///home/runner/work/smart-parking-app/smart-parking-app/node_modules/expo/android/src/main/java/expo/modules/ReactActivityDelegateWrapper.kt:22:8 'class ReactInstanceManager : Any' is deprecated. Deprecated in Java.
Build APK and Create Release	Build Android Release APK	2026-09-30T20:57:05.6185223Z w: file:///home/runner/work/smart-parking-app/smart-parking-app/node_modules/expo/android/src/main/java/expo/modules/ReactActivityDelegateWrapper.kt:102:16 This declaration overrides a deprecated member but is not marked as deprecated itself. Add the '@Deprecated' annotation or suppress the diagnostic.
Build APK and Create Release	Build Android Release APK	2026-09-30T20:57:05.6194722Z w: file:///home/runner/work/smart-parking-app/smart-parking-app/node_modules/expo/android/src/main/java/expo/modules/ReactActivityDelegateWrapper.kt:102:43 'class ReactInstanceManager : Any' is deprecated. Deprecated in Java.
Build APK and Create Release	Build Android Release APK	2026-09-30T20:57:05.6224971Z w: file:///home/runner/work/smart-parking-app/smart-parking-app/node_modules/expo/android/src/main/java/expo/modules/ReactActivityDelegateWrapper.kt:103:21 'val reactInstanceManager: ReactInstanceManager' is deprecated. Deprecated in Java.
Build APK and Create Release	Build Android Release APK	2026-09-30T20:57:05.6305237Z w: file:///home/runner/work/smart-parking-app/smart-parking-app/node_modules/expo/android/src/main/java/expo/modules/fetch/ExpoFetchModule.kt:33:39 'constructor(reactContext: ReactContext): ForwardingCookieHandler' is deprecated. Use the default constructor.
Build APK and Create Release	Build Android Release APK	2026-09-30T20:57:05.6315288Z w: file:///home/runner/work/smart-parking-app/smart-parking-app/node_modules/expo/android/src/main/java/expo/modules/fetch/NativeResponse.kt:44:16 This declaration overrides a deprecated member but is not marked as deprecated itself. Add the '@Deprecated' annotation or suppress the diagnostic.
Build APK and Create Release	Build Android Release APK	2026-09-30T20:57:05.6324846Z w: file:///home/runner/work/smart-parking-app/smart-parking-app/node_modules/expo/android/src/main/java/expo/modules/fetch/NativeResponse.kt:46:11 'fun deallocate(): Unit' is deprecated. Use sharedObjectDidRelease() instead.
Build APK and Create Release	Build Android Release APK	2026-09-30T20:57:07.1045853Z 
Build APK and Create Release	Build Android Release APK	2026-09-30T20:57:07.1047435Z > Task :expo:compileReleaseJavaWithJavac
Build APK and Create Release	Build Android Release APK	2026-09-30T20:57:07.2046861Z > Task :expo:bundleLibRuntimeToDirRelease
Build APK and Create Release	Build Android Release APK	2026-09-30T20:57:09.0062068Z > Task :expo-modules-core:bundleLibRuntimeToDirRelease
Build APK and Create Release	Build Android Release APK	2026-09-30T20:57:17.2048014Z > Task :expo-log-box:bundleLibRuntimeToDirRelease
Build APK and Create Release	Build Android Release APK	2026-09-30T20:57:17.3063656Z > Task :expo-constants:bundleLibRuntimeToDirRelease
Build APK and Create Release	Build Android Release APK	2026-09-30T20:57:17.3097206Z > Task :expo:bundleLibCompileToJarRelease
Build APK and Create Release	Build Android Release APK	2026-09-30T20:57:17.4064811Z > Task :expo:bundleLibRuntimeToJarRelease
Build APK and Create Release	Build Android Release APK	2026-09-30T20:57:18.0063754Z > Task :expo-modules-core:bundleLibRuntimeToJarRelease
Build APK and Create Release	Build Android Release APK	2026-09-30T20:57:23.9047219Z > Task :react-native-gesture-handler:configureCMakeRelWithDebInfo[armeabi-v7a]
Build APK and Create Release	Build Android Release APK	2026-09-30T20:57:24.0085209Z > Task :expo-log-box:bundleLibRuntimeToJarRelease
Build APK and Create Release	Build Android Release APK	2026-09-30T20:57:24.1046623Z > Task :expo-constants:bundleLibRuntimeToJarRelease
Build APK and Create Release	Build Android Release APK	2026-09-30T20:57:24.2070208Z > Task :expo:processReleaseJavaRes
Build APK and Create Release	Build Android Release APK	2026-09-30T20:57:24.2107052Z > Task :expo:createFullJarRelease
Build APK and Create Release	Build Android Release APK	2026-09-30T20:57:24.2183428Z > Task :expo-constants:processReleaseJavaRes
Build APK and Create Release	Build Android Release APK	2026-09-30T20:57:24.3053605Z > Task :expo-constants:createFullJarRelease
Build APK and Create Release	Build Android Release APK	2026-09-30T20:57:24.3113243Z > Task :expo-modules-core:processReleaseJavaRes
Build APK and Create Release	Build Android Release APK	2026-09-30T20:57:24.4063678Z > Task :expo-modules-core:createFullJarRelease
Build APK and Create Release	Build Android Release APK	2026-09-30T20:57:24.4093267Z > Task :react-native-worklets:prepareLintJarForPublish
Build APK and Create Release	Build Android Release APK	2026-09-30T20:57:25.1049308Z > Task :react-native-gesture-handler:configureCMakeRelWithDebInfo[x86]
Build APK and Create Release	Build Android Release APK	2026-09-30T20:57:25.4063731Z > Task :app:configureCMakeRelWithDebInfo[armeabi-v7a]
Build APK and Create Release	Build Android Release APK	2026-09-30T20:57:26.0046960Z > Task :react-native-gesture-handler:configureCMakeRelWithDebInfo[x86_64]
Build APK and Create Release	Build Android Release APK	2026-09-30T20:57:26.1047400Z > Task :expo-log-box:processReleaseJavaRes
Build APK and Create Release	Build Android Release APK	2026-09-30T20:57:26.1063809Z > Task :expo-log-box:createFullJarRelease
Build APK and Create Release	Build Android Release APK	2026-09-30T20:57:26.1074795Z > Task :react-native-ola-maps:syncReleaseLibJars
Build APK and Create Release	Build Android Release APK	2026-09-30T20:57:26.1076793Z > Task :react-native-ola-maps:bundleReleaseLocalLintAar
Build APK and Create Release	Build Android Release APK	2026-09-30T20:57:26.1078683Z > Task :react-native-safe-area-context:stripReleaseDebugSymbols NO-SOURCE
Build APK and Create Release	Build Android Release APK	2026-09-30T20:57:26.1080716Z > Task :expo-modules-core:generateReleaseLintModel
Build APK and Create Release	Build Android Release APK	2026-09-30T20:57:26.1098395Z > Task :react-native-safe-area-context:copyReleaseJniLibsProjectAndLocalJars
Build APK and Create Release	Build Android Release APK	2026-09-30T20:57:26.2063669Z > Task :expo-constants:generateReleaseLintModel
Build APK and Create Release	Build Android Release APK	2026-09-30T20:57:26.2093376Z > Task :react-native-safe-area-context:extractDeepLinksForAarRelease
Build APK and Create Release	Build Android Release APK	2026-09-30T20:57:26.2094835Z > Task :react-native-safe-area-context:extractReleaseAnnotations
Build APK and Create Release	Build Android Release APK	2026-09-30T20:57:26.2123708Z > Task :react-native-safe-area-context:mergeReleaseGeneratedProguardFiles
Build APK and Create Release	Build Android Release APK	2026-09-30T20:57:26.2153407Z > Task :react-native-safe-area-context:mergeReleaseConsumerProguardFiles
Build APK and Create Release	Build Android Release APK	2026-09-30T20:57:26.2162821Z > Task :react-native-safe-area-context:mergeReleaseJavaResource
Build APK and Create Release	Build Android Release APK	2026-09-30T20:57:26.2164133Z > Task :react-native-safe-area-context:syncReleaseLibJars
Build APK and Create Release	Build Android Release APK	2026-09-30T20:57:26.2165291Z > Task :react-native-safe-area-context:bundleReleaseLocalLintAar
Build APK and Create Release	Build Android Release APK	2026-09-30T20:57:26.2166340Z > Task :expo-log-box:generateReleaseLintModel
Build APK and Create Release	Build Android Release APK	2026-09-30T20:57:26.3046878Z > Task :react-native-screens:stripReleaseDebugSymbols
Build APK and Create Release	Build Android Release APK	2026-09-30T20:57:26.3073380Z > Task :react-native-screens:copyReleaseJniLibsProjectAndLocalJars
Build APK and Create Release	Build Android Release APK	2026-09-30T20:57:26.4073908Z > Task :react-native-screens:extractDeepLinksForAarRelease
Build APK and Create Release	Build Android Release APK	2026-09-30T20:57:26.4113291Z > Task :react-native-screens:extractReleaseAnnotations
Build APK and Create Release	Build Android Release APK	2026-09-30T20:57:26.4163577Z > Task :react-native-screens:mergeReleaseGeneratedProguardFiles
Build APK and Create Release	Build Android Release APK	2026-09-30T20:57:26.4173562Z > Task :react-native-screens:mergeReleaseConsumerProguardFiles
Build APK and Create Release	Build Android Release APK	2026-09-30T20:57:26.4174512Z > Task :react-native-screens:mergeReleaseJavaResource
Build APK and Create Release	Build Android Release APK	2026-09-30T20:57:26.4189174Z > Task :app:configureCMakeRelWithDebInfo[x86]
Build APK and Create Release	Build Android Release APK	2026-09-30T20:57:26.6073826Z > Task :react-native-screens:syncReleaseLibJars
Build APK and Create Release	Build Android Release APK	2026-09-30T20:57:26.7074912Z > Task :react-native-screens:bundleReleaseLocalLintAar
Build APK and Create Release	Build Android Release APK	2026-09-30T20:57:26.8047254Z > Task :react-native-webview:stripReleaseDebugSymbols NO-SOURCE
Build APK and Create Release	Build Android Release APK	2026-09-30T20:57:26.8073445Z > Task :react-native-webview:copyReleaseJniLibsProjectAndLocalJars
Build APK and Create Release	Build Android Release APK	2026-09-30T20:57:26.8083384Z > Task :react-native-webview:extractDeepLinksForAarRelease
Build APK and Create Release	Build Android Release APK	2026-09-30T20:57:26.8103406Z > Task :react-native-webview:extractReleaseAnnotations
Build APK and Create Release	Build Android Release APK	2026-09-30T20:57:26.8133298Z > Task :react-native-webview:mergeReleaseGeneratedProguardFiles
Build APK and Create Release	Build Android Release APK	2026-09-30T20:57:26.8163386Z > Task :react-native-webview:mergeReleaseConsumerProguardFiles
Build APK and Create Release	Build Android Release APK	2026-09-30T20:57:26.8179867Z > Task :react-native-webview:mergeReleaseJavaResource
Build APK and Create Release	Build Android Release APK	2026-09-30T20:57:26.8193263Z > Task :react-native-webview:syncReleaseLibJars
Build APK and Create Release	Build Android Release APK	2026-09-30T20:57:26.9047113Z > Task :react-native-webview:bundleReleaseLocalLintAar
Build APK and Create Release	Build Android Release APK	2026-09-30T20:57:27.1075069Z > Task :expo-modules-core:stripReleaseDebugSymbols
Build APK and Create Release	Build Android Release APK	2026-09-30T20:57:27.1076191Z > Task :expo-modules-core:copyReleaseJniLibsProjectAndLocalJars
Build APK and Create Release	Build Android Release APK	2026-09-30T20:57:27.1103406Z > Task :expo-modules-core:extractDeepLinksForAarRelease
Build APK and Create Release	Build Android Release APK	2026-09-30T20:57:27.1133138Z > Task :expo-modules-core:extractReleaseAnnotations
Build APK and Create Release	Build Android Release APK	2026-09-30T20:57:27.2047025Z > Task :expo-modules-core:mergeReleaseGeneratedProguardFiles
Build APK and Create Release	Build Android Release APK	2026-09-30T20:57:27.2073293Z > Task :expo-modules-core:mergeReleaseConsumerProguardFiles
Build APK and Create Release	Build Android Release APK	2026-09-30T20:57:27.2078748Z > Task :expo-modules-core:mergeReleaseJavaResource
Build APK and Create Release	Build Android Release APK	2026-09-30T20:57:27.6053892Z > Task :app:configureCMakeRelWithDebInfo[x86_64]
Build APK and Create Release	Build Android Release APK	2026-09-30T20:57:27.7053490Z > Task :expo-modules-core:syncReleaseLibJars
Build APK and Create Release	Build Android Release APK	2026-09-30T20:57:27.8053740Z > Task :expo-modules-core:bundleReleaseLocalLintAar
Build APK and Create Release	Build Android Release APK	2026-09-30T20:57:29.5090515Z > Task :app:checkReleaseAarMetadata
Build APK and Create Release	Build Android Release APK	2026-09-30T20:57:29.5150709Z > Task :react-native-worklets:stripReleaseDebugSymbols
Build APK and Create Release	Build Android Release APK	2026-09-30T20:57:29.5203529Z > Task :app:generateReleaseResValues
Build APK and Create Release	Build Android Release APK	2026-09-30T20:57:29.6113964Z > Task :react-native-worklets:copyReleaseJniLibsProjectAndLocalJars
Build APK and Create Release	Build Android Release APK	2026-09-30T20:57:29.6115326Z > Task :react-native-worklets:extractDeepLinksForAarRelease
Build APK and Create Release	Build Android Release APK	2026-09-30T20:57:29.6173580Z > Task :react-native-worklets:extractReleaseAnnotations
Build APK and Create Release	Build Android Release APK	2026-09-30T20:57:29.6203357Z > Task :react-native-worklets:mergeReleaseGeneratedProguardFiles
Build APK and Create Release	Build Android Release APK	2026-09-30T20:57:29.6233455Z > Task :react-native-worklets:mergeReleaseConsumerProguardFiles
Build APK and Create Release	Build Android Release APK	2026-09-30T20:57:29.8053600Z > Task :expo:generateReleaseLintModel
Build APK and Create Release	Build Android Release APK	2026-09-30T20:57:29.8083511Z > Task :expo:stripReleaseDebugSymbols NO-SOURCE
Build APK and Create Release	Build Android Release APK	2026-09-30T20:57:30.0056776Z > Task :expo:copyReleaseJniLibsProjectAndLocalJars
Build APK and Create Release	Build Android Release APK	2026-09-30T20:57:30.0133598Z > Task :expo:extractDeepLinksForAarRelease
Build APK and Create Release	Build Android Release APK	2026-09-30T20:57:30.0193593Z > Task :react-native-worklets:mergeReleaseJavaResource
Build APK and Create Release	Build Android Release APK	2026-09-30T20:57:30.0235020Z > Task :expo:extractReleaseAnnotations
Build APK and Create Release	Build Android Release APK	2026-09-30T20:57:30.0273307Z > Task :expo:mergeReleaseGeneratedProguardFiles
Build APK and Create Release	Build Android Release APK	2026-09-30T20:57:30.0303429Z > Task :app:mapReleaseSourceSetPaths
Build APK and Create Release	Build Android Release APK	2026-09-30T20:57:30.0364418Z > Task :react-native-worklets:syncReleaseLibJars
Build APK and Create Release	Build Android Release APK	2026-09-30T20:57:30.1083556Z > Task :app:generateReleaseResources
Build APK and Create Release	Build Android Release APK	2026-09-30T20:57:30.1126435Z > Task :expo:mergeReleaseConsumerProguardFiles
Build APK and Create Release	Build Android Release APK	2026-09-30T20:57:30.1170286Z > Task :expo:mergeReleaseJavaResource
Build APK and Create Release	Build Android Release APK	2026-09-30T20:57:30.2075187Z > Task :expo:syncReleaseLibJars
Build APK and Create Release	Build Android Release APK	2026-09-30T20:57:30.2143654Z > Task :expo:bundleReleaseLocalLintAar
Build APK and Create Release	Build Android Release APK	2026-09-30T20:57:30.2173848Z > Task :react-native-async-storage_async-storage:stripReleaseDebugSymbols NO-SOURCE
Build APK and Create Release	Build Android Release APK	2026-09-30T20:57:30.2205367Z > Task :react-native-async-storage_async-storage:copyReleaseJniLibsProjectAndLocalJars
Build APK and Create Release	Build Android Release APK	2026-09-30T20:57:30.2259236Z > Task :react-native-async-storage_async-storage:extractDeepLinksForAarRelease
Build APK and Create Release	Build Android Release APK	2026-09-30T20:57:30.3046780Z > Task :react-native-async-storage_async-storage:extractReleaseAnnotations
Build APK and Create Release	Build Android Release APK	2026-09-30T20:57:30.3084447Z > Task :react-native-async-storage_async-storage:mergeReleaseGeneratedProguardFiles
Build APK and Create Release	Build Android Release APK	2026-09-30T20:57:30.3127706Z > Task :react-native-async-storage_async-storage:mergeReleaseConsumerProguardFiles
Build APK and Create Release	Build Android Release APK	2026-09-30T20:57:30.3173474Z > Task :react-native-async-storage_async-storage:mergeReleaseJavaResource
Build APK and Create Release	Build Android Release APK	2026-09-30T20:57:30.3223645Z > Task :react-native-async-storage_async-storage:syncReleaseLibJars
Build APK and Create Release	Build Android Release APK	2026-09-30T20:57:30.4046691Z > Task :react-native-async-storage_async-storage:bundleReleaseLocalLintAar
Build APK and Create Release	Build Android Release APK	2026-09-30T20:57:30.4104045Z > Task :react-native-masked-view_masked-view:stripReleaseDebugSymbols NO-SOURCE
Build APK and Create Release	Build Android Release APK	2026-09-30T20:57:30.4133755Z > Task :react-native-masked-view_masked-view:copyReleaseJniLibsProjectAndLocalJars
Build APK and Create Release	Build Android Release APK	2026-09-30T20:57:30.4185250Z > Task :react-native-masked-view_masked-view:extractDeepLinksForAarRelease
Build APK and Create Release	Build Android Release APK	2026-09-30T20:57:30.4223523Z > Task :react-native-masked-view_masked-view:extractReleaseAnnotations
Build APK and Create Release	Build Android Release APK	2026-09-30T20:57:30.4259715Z > Task :react-native-masked-view_masked-view:mergeReleaseGeneratedProguardFiles
Build APK and Create Release	Build Android Release APK	2026-09-30T20:57:30.4313616Z > Task :react-native-masked-view_masked-view:mergeReleaseConsumerProguardFiles
Build APK and Create Release	Build Android Release APK	2026-09-30T20:57:30.5046819Z > Task :react-native-masked-view_masked-view:mergeReleaseJavaResource
Build APK and Create Release	Build Android Release APK	2026-09-30T20:57:30.5103526Z > Task :react-native-masked-view_masked-view:syncReleaseLibJars
Build APK and Create Release	Build Android Release APK	2026-09-30T20:57:30.8050288Z > Task :react-native-worklets:bundleReleaseLocalLintAar
Build APK and Create Release	Build Android Release APK	2026-09-30T20:57:30.8123545Z > Task :react-native-masked-view_masked-view:bundleReleaseLocalLintAar
Build APK and Create Release	Build Android Release APK	2026-09-30T20:57:30.9083831Z > Task :mappls-map-react-native:stripReleaseDebugSymbols NO-SOURCE
Build APK and Create Release	Build Android Release APK	2026-09-30T20:57:30.9203581Z > Task :mappls-map-react-native:copyReleaseJniLibsProjectAndLocalJars
Build APK and Create Release	Build Android Release APK	2026-09-30T20:57:30.9293422Z > Task :mappls-map-react-native:extractDeepLinksForAarRelease
Build APK and Create Release	Build Android Release APK	2026-09-30T20:57:32.0081346Z > Task :mappls-map-react-native:mergeReleaseGeneratedProguardFiles
Build APK and Create Release	Build Android Release APK	2026-09-30T20:57:32.0203951Z > Task :mappls-map-react-native:mergeReleaseConsumerProguardFiles
Build APK and Create Release	Build Android Release APK	2026-09-30T20:57:32.0274665Z > Task :mappls-map-react-native:mergeReleaseJavaResource
Build APK and Create Release	Build Android Release APK	2026-09-30T20:57:32.0287152Z > Task :react-native-svg:stripReleaseDebugSymbols NO-SOURCE
Build APK and Create Release	Build Android Release APK	2026-09-30T20:57:32.0353662Z > Task :react-native-svg:copyReleaseJniLibsProjectAndLocalJars
Build APK and Create Release	Build Android Release APK	2026-09-30T20:57:32.0420702Z > Task :react-native-svg:extractDeepLinksForAarRelease
Build APK and Create Release	Build Android Release APK	2026-09-30T20:57:32.1073694Z > Task :react-native-svg:extractReleaseAnnotations
Build APK and Create Release	Build Android Release APK	2026-09-30T20:57:32.1143678Z > Task :react-native-svg:mergeReleaseGeneratedProguardFiles
Build APK and Create Release	Build Android Release APK	2026-09-30T20:57:32.1173500Z > Task :react-native-svg:mergeReleaseConsumerProguardFiles
Build APK and Create Release	Build Android Release APK	2026-09-30T20:57:32.1343625Z > Task :react-native-svg:mergeReleaseJavaResource
Build APK and Create Release	Build Android Release APK	2026-09-30T20:57:32.3053859Z > Task :react-native-svg:syncReleaseLibJars
Build APK and Create Release	Build Android Release APK	2026-09-30T20:57:32.3123517Z > Task :react-native-svg:bundleReleaseLocalLintAar
Build APK and Create Release	Build Android Release APK	2026-09-30T20:57:32.4087660Z > Task :expo-log-box:stripReleaseDebugSymbols NO-SOURCE
Build APK and Create Release	Build Android Release APK	2026-09-30T20:57:32.4137779Z > Task :expo-log-box:copyReleaseJniLibsProjectAndLocalJars
Build APK and Create Release	Build Android Release APK	2026-09-30T20:57:32.4163500Z > Task :expo-log-box:extractDeepLinksForAarRelease
Build APK and Create Release	Build Android Release APK	2026-09-30T20:57:32.4253402Z > Task :expo-log-box:extractReleaseAnnotations
Build APK and Create Release	Build Android Release APK	2026-09-30T20:57:32.4293334Z > Task :expo-log-box:mergeReleaseGeneratedProguardFiles
Build APK and Create Release	Build Android Release APK	2026-09-30T20:57:32.4368206Z > Task :expo-log-box:mergeReleaseConsumerProguardFiles
Build APK and Create Release	Build Android Release APK	2026-09-30T20:57:32.5080600Z > Task :expo-log-box:mergeReleaseJavaResource
Build APK and Create Release	Build Android Release APK	2026-09-30T20:57:32.5123388Z > Task :expo-log-box:syncReleaseLibJars
Build APK and Create Release	Build Android Release APK	2026-09-30T20:57:32.5223410Z > Task :expo-log-box:bundleReleaseLocalLintAar
Build APK and Create Release	Build Android Release APK	2026-09-30T20:57:32.5273756Z > Task :expo-constants:stripReleaseDebugSymbols NO-SOURCE
Build APK and Create Release	Build Android Release APK	2026-09-30T20:57:32.5342350Z > Task :expo-constants:copyReleaseJniLibsProjectAndLocalJars
Build APK and Create Release	Build Android Release APK	2026-09-30T20:57:32.6073810Z > Task :expo-constants:extractDeepLinksForAarRelease
Build APK and Create Release	Build Android Release APK	2026-09-30T20:57:32.6133301Z > Task :expo-constants:extractReleaseAnnotations
Build APK and Create Release	Build Android Release APK	2026-09-30T20:57:32.6163316Z > Task :expo-constants:mergeReleaseGeneratedProguardFiles
Build APK and Create Release	Build Android Release APK	2026-09-30T20:57:32.6255792Z > Task :expo-constants:mergeReleaseConsumerProguardFiles
Build APK and Create Release	Build Android Release APK	2026-09-30T20:57:32.6343446Z > Task :expo-constants:mergeReleaseJavaResource
Build APK and Create Release	Build Android Release APK	2026-09-30T20:57:32.6393358Z > Task :expo-constants:syncReleaseLibJars
Build APK and Create Release	Build Android Release APK	2026-09-30T20:57:32.6433652Z > Task :expo-constants:bundleReleaseLocalLintAar
Build APK and Create Release	Build Android Release APK	2026-09-30T20:57:32.7095241Z > Task :expo-constants:writeReleaseLintModelMetadata
Build APK and Create Release	Build Android Release APK	2026-09-30T20:57:32.7133525Z > Task :expo-log-box:writeReleaseLintModelMetadata
Build APK and Create Release	Build Android Release APK	2026-09-30T20:57:32.7213406Z > Task :expo-modules-core:writeReleaseLintModelMetadata
Build APK and Create Release	Build Android Release APK	2026-09-30T20:57:32.7269298Z > Task :react-native-worklets:writeReleaseLintModelMetadata
Build APK and Create Release	Build Android Release APK	2026-09-30T20:57:46.0063835Z > Task :mappls-map-react-native:extractReleaseAnnotations
Build APK and Create Release	Build Android Release APK	2026-09-30T20:57:46.2046727Z > Task :app:packageReleaseResources
Build APK and Create Release	Build Android Release APK	2026-09-30T20:57:46.3083575Z > Task :app:mergeReleaseResources
Build APK and Create Release	Build Android Release APK	2026-09-30T20:57:46.3113547Z > Task :app:createReleaseCompatibleScreenManifests
Build APK and Create Release	Build Android Release APK	2026-09-30T20:57:46.3193498Z > Task :app:extractDeepLinksRelease
Build APK and Create Release	Build Android Release APK	2026-09-30T20:57:46.3278246Z > Task :app:parseReleaseLocalResources
Build APK and Create Release	Build Android Release APK	2026-09-30T20:57:46.6046772Z > Task :mappls-map-react-native:syncReleaseLibJars
Build APK and Create Release	Build Android Release APK	2026-09-30T20:57:46.6083500Z > Task :mappls-map-react-native:bundleReleaseLocalLintAar
Build APK and Create Release	Build Android Release APK	2026-09-30T20:57:46.7063742Z > Task :expo:writeReleaseLintModelMetadata
Build APK and Create Release	Build Android Release APK	2026-09-30T20:57:48.6103012Z 
Build APK and Create Release	Build Android Release APK	2026-09-30T20:57:48.6104010Z > Task :app:processReleaseMainManifest
Build APK and Create Release	Build Android Release APK	2026-09-30T20:57:48.6163988Z /home/runner/work/smart-parking-app/smart-parking-app/android/app/src/main/AndroidManifest.xml Warning:
Build APK and Create Release	Build Android Release APK	2026-09-30T20:57:48.6194189Z 	provider#expo.modules.filesystem.FileSystemFileProvider@android:authorities was tagged at AndroidManifest.xml:0 to replace other declarations but no other declaration present
Build APK and Create Release	Build Android Release APK	2026-09-30T20:57:48.9046350Z 
Build APK and Create Release	Build Android Release APK	2026-09-30T20:57:48.9047341Z > Task :app:expoReleaseOverrideMaxSdkConflicts
Build APK and Create Release	Build Android Release APK	2026-09-30T20:57:48.9133890Z ^[[33m---------- Expo Max Sdk Override Plugin ----------^[[0m
Build APK and Create Release	Build Android Release APK	2026-09-30T20:57:48.9157572Z ^[[32m>>> No 'android:maxSdkVersion' conflicts found^[[0m
Build APK and Create Release	Build Android Release APK	2026-09-30T20:57:48.9193615Z ^[[33m--------------------------------------------------^[[0m
Build APK and Create Release	Build Android Release APK	2026-09-30T20:57:49.6122778Z 
Build APK and Create Release	Build Android Release APK	2026-09-30T20:57:49.6163882Z > Task :app:processReleaseManifest
Build APK and Create Release	Build Android Release APK	2026-09-30T20:57:49.6253517Z > Task :app:processReleaseManifestForPackage
Build APK and Create Release	Build Android Release APK	2026-09-30T20:57:50.9046864Z > Task :react-native-reanimated:buildCMakeRelWithDebInfo[x86][reanimated]
Build APK and Create Release	Build Android Release APK	2026-09-30T20:57:57.3063714Z > Task :expo-constants:lintVitalAnalyzeRelease
Build APK and Create Release	Build Android Release APK	2026-09-30T20:57:57.3173496Z > Task :app:javaPreCompileRelease
Build APK and Create Release	Build Android Release APK	2026-09-30T20:57:57.3263353Z > Task :app:desugarReleaseFileDependencies
Build APK and Create Release	Build Android Release APK	2026-09-30T20:57:57.3293407Z > Task :app:mergeReleaseStartupProfile
Build APK and Create Release	Build Android Release APK	2026-09-30T20:58:02.5073797Z > Task :app:processReleaseResources
Build APK and Create Release	Build Android Release APK	2026-09-30T20:58:02.7046670Z > Task :expo:lintVitalAnalyzeRelease
Build APK and Create Release	Build Android Release APK	2026-09-30T20:58:06.0055420Z 
Build APK and Create Release	Build Android Release APK	2026-09-30T20:58:06.0100421Z The Daemon will expire after the build after running out of JVM Metaspace.
Build APK and Create Release	Build Android Release APK	2026-09-30T20:58:06.0143658Z The project memory settings are likely not configured or are configured to an insufficient value.
Build APK and Create Release	Build Android Release APK	2026-09-30T20:58:06.0196904Z The daemon will restart for the next build, which may increase subsequent build times.
Build APK and Create Release	Build Android Release APK	2026-09-30T20:58:06.0253394Z These settings can be adjusted by setting 'org.gradle.jvmargs' in 'gradle.properties'.
Build APK and Create Release	Build Android Release APK	2026-09-30T20:58:06.0283657Z The currently configured max heap space is '2 GiB' and the configured max metaspace is '512 MiB'.
Build APK and Create Release	Build Android Release APK	2026-09-30T20:58:06.0364310Z For more information on how to set these values, please refer to https://docs.gradle.org/9.3.1/userguide/build_environment.html#sec:configuring_jvm_memory in the Gradle documentation.
Build APK and Create Release	Build Android Release APK	2026-09-30T20:58:06.0383119Z To disable this warning, set 'org.gradle.daemon.performance.disable-logging=true'.
Build APK and Create Release	Build Android Release APK	2026-09-30T20:58:06.1046773Z Daemon will be stopped at the end of the build after running out of JVM Metaspace
Build APK and Create Release	Build Android Release APK	2026-09-30T20:58:27.3063079Z 
Build APK and Create Release	Build Android Release APK	2026-09-30T20:58:27.3123478Z > Task :app:mergeExtDexRelease
Build APK and Create Release	Build Android Release APK	2026-09-30T20:58:32.5090022Z > Task :expo-log-box:lintVitalAnalyzeRelease
Build APK and Create Release	Build Android Release APK	2026-09-30T20:59:09.6103732Z > Task :mappls-map-react-native:lintVitalAnalyzeRelease
Build APK and Create Release	Build Android Release APK	2026-09-30T20:59:09.6127969Z > Task :mappls-map-react-native:writeReleaseLintModelMetadata
Build APK and Create Release	Build Android Release APK	2026-09-30T20:59:20.1063851Z > Task :expo-modules-core:lintVitalAnalyzeRelease
Build APK and Create Release	Build Android Release APK	2026-09-30T20:59:39.6083922Z > Task :react-native-async-storage_async-storage:lintVitalAnalyzeRelease
Build APK and Create Release	Build Android Release APK	2026-09-30T21:00:02.3073935Z > Task :react-native-reanimated:buildCMakeRelWithDebInfo[x86_64][reanimated]
Build APK and Create Release	Build Android Release APK	2026-09-30T21:00:14.4123901Z > Task :react-native-async-storage_async-storage:writeReleaseLintModelMetadata
Build APK and Create Release	Build Android Release APK	2026-09-30T21:00:14.4243690Z > Task :react-native-svg:writeReleaseLintModelMetadata
Build APK and Create Release	Build Android Release APK	2026-09-30T21:00:14.4273431Z > Task :react-native-gesture-handler:writeReleaseLintModelMetadata
Build APK and Create Release	Build Android Release APK	2026-09-30T21:00:18.0046677Z > Task :react-native-masked-view_masked-view:lintVitalAnalyzeRelease
Build APK and Create Release	Build Android Release APK	2026-09-30T21:00:18.7046484Z > Task :app:mergeReleaseArtProfile
Build APK and Create Release	Build Android Release APK	2026-09-30T21:00:18.8073574Z > Task :app:mergeReleaseShaders
Build APK and Create Release	Build Android Release APK	2026-09-30T21:00:18.8113550Z > Task :app:compileReleaseShaders NO-SOURCE
Build APK and Create Release	Build Android Release APK	2026-09-30T21:00:18.8153294Z > Task :app:generateReleaseAssets UP-TO-DATE
Build APK and Create Release	Build Android Release APK	2026-09-30T21:00:19.6063490Z > Task :app:mergeReleaseAssets
Build APK and Create Release	Build Android Release APK	2026-09-30T21:00:19.7094140Z > Task :app:compressReleaseAssets
Build APK and Create Release	Build Android Release APK	2026-09-30T21:00:19.9046540Z > Task :app:extractReleaseVersionControlInfo
Build APK and Create Release	Build Android Release APK	2026-09-30T21:00:20.0103769Z > Task :app:extractProguardFiles
Build APK and Create Release	Build Android Release APK	2026-09-30T21:00:20.0113484Z > Task :react-native-masked-view_masked-view:writeReleaseLintModelMetadata
Build APK and Create Release	Build Android Release APK	2026-09-30T21:00:29.5093614Z > Task :react-native-ola-maps:lintVitalAnalyzeRelease
Build APK and Create Release	Build Android Release APK	2026-09-30T21:00:29.5143511Z > Task :react-native-ola-maps:writeReleaseLintModelMetadata
Build APK and Create Release	Build Android Release APK	2026-09-30T21:00:45.3046985Z > Task :react-native-safe-area-context:writeReleaseLintModelMetadata
Build APK and Create Release	Build Android Release APK	2026-09-30T21:00:45.5073813Z > Task :react-native-safe-area-context:lintVitalAnalyzeRelease
Build APK and Create Release	Build Android Release APK	2026-09-30T21:00:45.5133540Z > Task :react-native-screens:writeReleaseLintModelMetadata
Build APK and Create Release	Build Android Release APK	2026-09-30T21:01:03.9053671Z > Task :react-native-svg:lintVitalAnalyzeRelease
Build APK and Create Release	Build Android Release APK	2026-09-30T21:01:13.6073137Z > Task :react-native-webview:lintVitalAnalyzeRelease
Build APK and Create Release	Build Android Release APK	2026-09-30T21:01:13.6104124Z > Task :react-native-webview:writeReleaseLintModelMetadata
Build APK and Create Release	Build Android Release APK	2026-09-30T21:01:13.6123585Z > Task :react-native-worklets:lintVitalAnalyzeRelease SKIPPED
Build APK and Create Release	Build Android Release APK	2026-09-30T21:01:13.7073776Z > Task :expo:generateReleaseLintVitalModel
Build APK and Create Release	Build Android Release APK	2026-09-30T21:01:13.7125737Z > Task :expo-constants:generateReleaseLintVitalModel
Build APK and Create Release	Build Android Release APK	2026-09-30T21:01:13.8047063Z > Task :expo-log-box:generateReleaseLintVitalModel
Build APK and Create Release	Build Android Release APK	2026-09-30T21:01:13.8093788Z > Task :expo-modules-core:generateReleaseLintVitalModel
Build APK and Create Release	Build Android Release APK	2026-09-30T21:01:13.9046776Z > Task :mappls-map-react-native:generateReleaseLintVitalModel
Build APK and Create Release	Build Android Release APK	2026-09-30T21:01:13.9048165Z > Task :react-native-async-storage_async-storage:generateReleaseLintVitalModel
Build APK and Create Release	Build Android Release APK	2026-09-30T21:01:14.0047173Z > Task :react-native-masked-view_masked-view:generateReleaseLintVitalModel
Build APK and Create Release	Build Android Release APK	2026-09-30T21:01:14.0093563Z > Task :react-native-ola-maps:generateReleaseLintVitalModel
Build APK and Create Release	Build Android Release APK	2026-09-30T21:01:14.0095006Z > Task :react-native-safe-area-context:generateReleaseLintVitalModel
Build APK and Create Release	Build Android Release APK	2026-09-30T21:01:14.1073996Z > Task :react-native-screens:generateReleaseLintVitalModel
Build APK and Create Release	Build Android Release APK	2026-09-30T21:01:14.1090379Z > Task :react-native-svg:generateReleaseLintVitalModel
Build APK and Create Release	Build Android Release APK	2026-09-30T21:01:14.1103342Z > Task :react-native-webview:generateReleaseLintVitalModel
Build APK and Create Release	Build Android Release APK	2026-09-30T21:01:14.2063803Z > Task :react-native-worklets:generateReleaseLintVitalModel
Build APK and Create Release	Build Android Release APK	2026-09-30T21:01:15.3054291Z > Task :react-native-screens:lintVitalAnalyzeRelease
Build APK and Create Release	Build Android Release APK	2026-09-30T21:01:15.4046750Z > Task :app:optimizeReleaseResources
Build APK and Create Release	Build Android Release APK	2026-09-30T21:01:16.0083716Z > Task :app:collectReleaseDependencies
Build APK and Create Release	Build Android Release APK	2026-09-30T21:01:16.3053515Z > Task :app:sdkReleaseDependencyData
Build APK and Create Release	Build Android Release APK	2026-09-30T21:01:16.3079900Z > Task :app:validateSigningRelease
Build APK and Create Release	Build Android Release APK	2026-09-30T21:01:16.3133516Z > Task :app:writeReleaseAppMetadata
Build APK and Create Release	Build Android Release APK	2026-09-30T21:01:16.4046890Z > Task :app:writeReleaseSigningConfigVersions
Build APK and Create Release	Build Android Release APK	2026-09-30T21:01:16.4068287Z > Task :expo:bundleReleaseAar
Build APK and Create Release	Build Android Release APK	2026-09-30T21:01:16.4093214Z > Task :expo:mapReleaseSourceSetPaths
Build APK and Create Release	Build Android Release APK	2026-09-30T21:01:19.8063636Z > Task :expo:mergeReleaseResources
Build APK and Create Release	Build Android Release APK	2026-09-30T21:01:25.8073588Z > Task :expo:verifyReleaseResources
Build APK and Create Release	Build Android Release APK	2026-09-30T21:01:25.8103487Z > Task :expo:assembleRelease
Build APK and Create Release	Build Android Release APK	2026-09-30T21:01:25.8141904Z > Task :expo-constants:bundleReleaseAar
Build APK and Create Release	Build Android Release APK	2026-09-30T21:01:25.8153387Z > Task :expo-constants:mapReleaseSourceSetPaths
Build APK and Create Release	Build Android Release APK	2026-09-30T21:01:25.8193235Z > Task :expo-constants:mergeReleaseResources
Build APK and Create Release	Build Android Release APK	2026-09-30T21:01:26.1065660Z > Task :expo-constants:verifyReleaseResources
Build APK and Create Release	Build Android Release APK	2026-09-30T21:01:26.1103522Z > Task :expo-constants:assembleRelease
Build APK and Create Release	Build Android Release APK	2026-09-30T21:01:26.1133049Z > Task :expo-log-box:bundleReleaseAar
Build APK and Create Release	Build Android Release APK	2026-09-30T21:01:26.2113637Z > Task :expo-log-box:mapReleaseSourceSetPaths
Build APK and Create Release	Build Android Release APK	2026-09-30T21:01:28.6046725Z > Task :expo-log-box:mergeReleaseResources
Build APK and Create Release	Build Android Release APK	2026-09-30T21:01:34.5068827Z > Task :expo-log-box:verifyReleaseResources
Build APK and Create Release	Build Android Release APK	2026-09-30T21:01:34.5094266Z > Task :expo-log-box:assembleRelease
Build APK and Create Release	Build Android Release APK	2026-09-30T21:01:35.7059110Z > Task :expo-modules-core:bundleReleaseAar
Build APK and Create Release	Build Android Release APK	2026-09-30T21:01:35.9092901Z > Task :expo-modules-core:mapReleaseSourceSetPaths
Build APK and Create Release	Build Android Release APK	2026-09-30T21:01:37.7063605Z > Task :expo-modules-core:mergeReleaseResources
Build APK and Create Release	Build Android Release APK	2026-09-30T21:01:40.4047081Z > Task :expo-modules-core:verifyReleaseResources
Build APK and Create Release	Build Android Release APK	2026-09-30T21:01:40.4103587Z > Task :expo-modules-core:assembleRelease
Build APK and Create Release	Build Android Release APK	2026-09-30T21:01:40.4143342Z > Task :mappls-map-react-native:bundleReleaseAar
Build APK and Create Release	Build Android Release APK	2026-09-30T21:01:40.5053744Z > Task :mappls-map-react-native:mapReleaseSourceSetPaths
Build APK and Create Release	Build Android Release APK	2026-09-30T21:01:41.9073578Z > Task :mappls-map-react-native:mergeReleaseResources
Build APK and Create Release	Build Android Release APK	2026-09-30T21:01:44.4075016Z > Task :mappls-map-react-native:verifyReleaseResources
Build APK and Create Release	Build Android Release APK	2026-09-30T21:01:44.4076392Z > Task :mappls-map-react-native:assembleRelease
Build APK and Create Release	Build Android Release APK	2026-09-30T21:01:44.4103517Z > Task :react-native-async-storage_async-storage:bundleReleaseAar
Build APK and Create Release	Build Android Release APK	2026-09-30T21:01:44.4133575Z > Task :react-native-async-storage_async-storage:mapReleaseSourceSetPaths
Build APK and Create Release	Build Android Release APK	2026-09-30T21:01:45.4074774Z > Task :react-native-async-storage_async-storage:mergeReleaseResources
Build APK and Create Release	Build Android Release APK	2026-09-30T21:01:47.6073902Z > Task :react-native-async-storage_async-storage:verifyReleaseResources
Build APK and Create Release	Build Android Release APK	2026-09-30T21:01:47.6103439Z > Task :react-native-async-storage_async-storage:assembleRelease
Build APK and Create Release	Build Android Release APK	2026-09-30T21:01:47.6104533Z > Task :react-native-gesture-handler:mapReleaseSourceSetPaths
Build APK and Create Release	Build Android Release APK	2026-09-30T21:01:48.7053690Z > Task :react-native-gesture-handler:mergeReleaseResources
Build APK and Create Release	Build Android Release APK	2026-09-30T21:01:50.5113945Z > Task :react-native-gesture-handler:verifyReleaseResources
Build APK and Create Release	Build Android Release APK	2026-09-30T21:01:50.5173561Z > Task :react-native-masked-view_masked-view:bundleReleaseAar
Build APK and Create Release	Build Android Release APK	2026-09-30T21:01:50.5223763Z > Task :react-native-masked-view_masked-view:mapReleaseSourceSetPaths
Build APK and Create Release	Build Android Release APK	2026-09-30T21:01:51.5053823Z > Task :react-native-masked-view_masked-view:mergeReleaseResources
Build APK and Create Release	Build Android Release APK	2026-09-30T21:01:53.3053875Z > Task :react-native-masked-view_masked-view:verifyReleaseResources
Build APK and Create Release	Build Android Release APK	2026-09-30T21:01:53.3063452Z > Task :react-native-masked-view_masked-view:assembleRelease
Build APK and Create Release	Build Android Release APK	2026-09-30T21:01:53.3092998Z > Task :react-native-ola-maps:bundleReleaseAar
Build APK and Create Release	Build Android Release APK	2026-09-30T21:01:53.8047033Z > Task :react-native-reanimated:externalNativeBuildRelease
Build APK and Create Release	Build Android Release APK	2026-09-30T21:01:53.8053384Z > Task :react-native-ola-maps:mapReleaseSourceSetPaths
Build APK and Create Release	Build Android Release APK	2026-09-30T21:01:54.3052701Z > Task :react-native-reanimated:prefabReleasePackage
Build APK and Create Release	Build Android Release APK	2026-09-30T21:01:56.8113686Z > Task :react-native-ola-maps:mergeReleaseResources
Build APK and Create Release	Build Android Release APK	2026-09-30T21:01:58.5103727Z > Task :react-native-reanimated:mergeReleaseNativeLibs
Build APK and Create Release	Build Android Release APK	2026-09-30T21:01:59.9064166Z > Task :react-native-reanimated:copyReleaseJniLibsProjectOnly
Build APK and Create Release	Build Android Release APK	2026-09-30T21:02:04.4064061Z > Task :react-native-gesture-handler:buildCMakeRelWithDebInfo[arm64-v8a]
Build APK and Create Release	Build Android Release APK	2026-09-30T21:02:07.0073680Z > Task :react-native-ola-maps:verifyReleaseResources
Build APK and Create Release	Build Android Release APK	2026-09-30T21:02:07.3083889Z > Task :react-native-reanimated:stripReleaseDebugSymbols
Build APK and Create Release	Build Android Release APK	2026-09-30T21:02:07.3143607Z > Task :react-native-reanimated:copyReleaseJniLibsProjectAndLocalJars
Build APK and Create Release	Build Android Release APK	2026-09-30T21:02:07.3183453Z > Task :react-native-reanimated:extractDeepLinksForAarRelease
Build APK and Create Release	Build Android Release APK	2026-09-30T21:02:07.3230749Z > Task :react-native-reanimated:writeReleaseLintModelMetadata
Build APK and Create Release	Build Android Release APK	2026-09-30T21:02:07.3273239Z > Task :react-native-ola-maps:assembleRelease
Build APK and Create Release	Build Android Release APK	2026-09-30T21:02:07.3312959Z 
Build APK and Create Release	Build Android Release APK	2026-09-30T21:02:07.3363345Z > Task :react-native-reanimated:compileReleaseKotlin
Build APK and Create Release	Build Android Release APK	2026-09-30T21:02:07.3415351Z w: file:///home/runner/work/smart-parking-app/smart-parking-app/node_modules/react-native-reanimated/android/src/main/java/com/swmansion/reanimated/NodesManager.kt:13:8 'class UIManagerModule : ReactContextBaseJavaModule, LifecycleEventListener, UIManager' is deprecated. Deprecated in Java.
Build APK and Create Release	Build Android Release APK	2026-09-30T21:02:07.3445026Z w: file:///home/runner/work/smart-parking-app/smart-parking-app/node_modules/react-native-reanimated/android/src/main/java/com/swmansion/reanimated/NodesManager.kt:58:95 'fun resolveCustomDirectEventName(eventName: String): String?' is deprecated.
Build APK and Create Release	Build Android Release APK	2026-09-30T21:02:07.3506118Z w: file:///home/runner/work/smart-parking-app/smart-parking-app/node_modules/react-native-reanimated/android/src/main/java/com/swmansion/reanimated/NodesManager.kt:234:29 'fun receiveEvent(surfaceId: Int, targetTag: Int, eventName: String, canCoalesceEvent: Boolean, customCoalesceKey: Int, params: WritableMap?, category: Int): Unit' is deprecated. Use the overload with eventTimestamp parameter instead.
Build APK and Create Release	Build Android Release APK	2026-09-30T21:02:07.3535120Z w: file:///home/runner/work/smart-parking-app/smart-parking-app/node_modules/react-native-reanimated/android/src/main/java/com/swmansion/reanimated/ReanimatedPackage.kt:5:8 'class ReactInstanceManager : Any' is deprecated. Deprecated in Java.
Build APK and Create Release	Build Android Release APK	2026-09-30T21:02:07.3564995Z w: file:///home/runner/work/smart-parking-app/smart-parking-app/node_modules/react-native-reanimated/android/src/main/java/com/swmansion/reanimated/ReanimatedPackage.kt:60:73 'class ReactInstanceManager : Any' is deprecated. Deprecated in Java.
Build APK and Create Release	Build Android Release APK	2026-09-30T21:02:07.3621244Z w: file:///home/runner/work/smart-parking-app/smart-parking-app/node_modules/react-native-reanimated/android/src/main/java/com/swmansion/reanimated/ReanimatedPackage.kt:61:63 'val reactNativeHost: ReactNativeHost' is deprecated. You should not use ReactNativeHost directly in the New Architecture. Use ReactHost instead.
Build APK and Create Release	Build Android Release APK	2026-09-30T21:02:07.3657718Z w: file:///home/runner/work/smart-parking-app/smart-parking-app/node_modules/react-native-reanimated/android/src/main/java/com/swmansion/reanimated/nativeProxy/EventHandler.kt:7:8 'class UIManagerModule : ReactContextBaseJavaModule, LifecycleEventListener, UIManager' is deprecated. Deprecated in Java.
Build APK and Create Release	Build Android Release APK	2026-09-30T21:02:07.3731490Z w: file:///home/runner/work/smart-parking-app/smart-parking-app/node_modules/react-native-reanimated/android/src/main/java/com/swmansion/reanimated/nativeProxy/EventHandler.kt:25:18 This declaration overrides a deprecated member but is not marked as deprecated itself. Add the '@Deprecated' annotation or suppress the diagnostic.
Build APK and Create Release	Build Android Release APK	2026-09-30T21:02:07.3775615Z w: file:///home/runner/work/smart-parking-app/smart-parking-app/node_modules/react-native-reanimated/android/src/main/java/com/swmansion/reanimated/nativeProxy/EventHandler.kt:38:18 This declaration overrides a deprecated member but is not marked as deprecated itself. Add the '@Deprecated' annotation or suppress the diagnostic.
Build APK and Create Release	Build Android Release APK	2026-09-30T21:02:07.3835635Z w: file:///home/runner/work/smart-parking-app/smart-parking-app/node_modules/react-native-reanimated/android/src/main/java/com/swmansion/reanimated/nativeProxy/EventHandler.kt:48:18 This declaration overrides a deprecated member but is not marked as deprecated itself. Add the '@Deprecated' annotation or suppress the diagnostic.
Build APK and Create Release	Build Android Release APK	2026-09-30T21:02:07.3875647Z w: file:///home/runner/work/smart-parking-app/smart-parking-app/node_modules/react-native-reanimated/android/src/main/java/com/swmansion/reanimated/nativeProxy/EventHandler.kt:57:18 This declaration overrides a deprecated member but is not marked as deprecated itself. Add the '@Deprecated' annotation or suppress the diagnostic.
Build APK and Create Release	Build Android Release APK	2026-09-30T21:02:07.3925592Z w: file:///home/runner/work/smart-parking-app/smart-parking-app/node_modules/react-native-reanimated/android/src/main/java/com/swmansion/reanimated/nativeProxy/NoopEventHandler.kt:8:18 This declaration overrides a deprecated member but is not marked as deprecated itself. Add the '@Deprecated' annotation or suppress the diagnostic.
Build APK and Create Release	Build Android Release APK	2026-09-30T21:02:07.3955592Z w: file:///home/runner/work/smart-parking-app/smart-parking-app/node_modules/react-native-reanimated/android/src/main/java/com/swmansion/reanimated/nativeProxy/NoopEventHandler.kt:20:18 This declaration overrides a deprecated member but is not marked as deprecated itself. Add the '@Deprecated' annotation or suppress the diagnostic.
Build APK and Create Release	Build Android Release APK	2026-09-30T21:02:07.4016707Z w: file:///home/runner/work/smart-parking-app/smart-parking-app/node_modules/react-native-reanimated/android/src/main/java/com/swmansion/reanimated/nativeProxy/NoopEventHandler.kt:29:18 This declaration overrides a deprecated member but is not marked as deprecated itself. Add the '@Deprecated' annotation or suppress the diagnostic.
Build APK and Create Release	Build Android Release APK	2026-09-30T21:02:07.4045461Z w: file:///home/runner/work/smart-parking-app/smart-parking-app/node_modules/react-native-reanimated/android/src/main/java/com/swmansion/reanimated/nativeProxy/NoopEventHandler.kt:37:18 This declaration overrides a deprecated member but is not marked as deprecated itself. Add the '@Deprecated' annotation or suppress the diagnostic.
Build APK and Create Release	Build Android Release APK	2026-09-30T21:02:07.4104821Z w: file:///home/runner/work/smart-parking-app/smart-parking-app/node_modules/react-native-reanimated/android/src/main/java/com/swmansion/reanimated/sensor/ReanimatedSensor.kt:28:26 'val defaultDisplay: Display!' is deprecated. Deprecated in Java.
Build APK and Create Release	Build Android Release APK	2026-09-30T21:02:07.4152805Z 
Build APK and Create Release	Build Android Release APK	2026-09-30T21:02:07.4183302Z > Task :react-native-reanimated:mapReleaseSourceSetPaths
Build APK and Create Release	Build Android Release APK	2026-09-30T21:02:07.4223491Z > Task :react-native-safe-area-context:bundleReleaseAar
Build APK and Create Release	Build Android Release APK	2026-09-30T21:02:07.5053856Z > Task :react-native-safe-area-context:mapReleaseSourceSetPaths
Build APK and Create Release	Build Android Release APK	2026-09-30T21:02:08.9121998Z > Task :react-native-reanimated:mergeReleaseResources
Build APK and Create Release	Build Android Release APK	2026-09-30T21:02:09.2046614Z > Task :react-native-safe-area-context:mergeReleaseResources
Build APK and Create Release	Build Android Release APK	2026-09-30T21:02:10.9053613Z > Task :react-native-reanimated:compileReleaseJavaWithJavac
Build APK and Create Release	Build Android Release APK	2026-09-30T21:02:10.9133529Z > Task :react-native-reanimated:bundleLibCompileToJarRelease
Build APK and Create Release	Build Android Release APK	2026-09-30T21:02:10.9233408Z > Task :react-native-reanimated:bundleLibRuntimeToDirRelease
Build APK and Create Release	Build Android Release APK	2026-09-30T21:02:11.5063673Z > Task :react-native-reanimated:bundleLibRuntimeToJarRelease
Build APK and Create Release	Build Android Release APK	2026-09-30T21:02:11.9046484Z > Task :react-native-reanimated:processReleaseJavaRes
Build APK and Create Release	Build Android Release APK	2026-09-30T21:02:12.0084940Z > Task :react-native-reanimated:createFullJarRelease
Build APK and Create Release	Build Android Release APK	2026-09-30T21:02:12.0093419Z > Task :react-native-reanimated:generateReleaseLintModel
Build APK and Create Release	Build Android Release APK	2026-09-30T21:02:12.1073748Z > Task :react-native-reanimated:extractReleaseAnnotations
Build APK and Create Release	Build Android Release APK	2026-09-30T21:02:12.1104268Z > Task :react-native-reanimated:mergeReleaseGeneratedProguardFiles
Build APK and Create Release	Build Android Release APK	2026-09-30T21:02:12.1153405Z > Task :react-native-reanimated:mergeReleaseConsumerProguardFiles
Build APK and Create Release	Build Android Release APK	2026-09-30T21:02:12.1213364Z > Task :react-native-reanimated:mergeReleaseJavaResource
Build APK and Create Release	Build Android Release APK	2026-09-30T21:02:12.1214515Z > Task :react-native-safe-area-context:verifyReleaseResources
Build APK and Create Release	Build Android Release APK	2026-09-30T21:02:12.1275179Z > Task :react-native-safe-area-context:assembleRelease
Build APK and Create Release	Build Android Release APK	2026-09-30T21:02:12.2103488Z > Task :react-native-reanimated:syncReleaseLibJars
Build APK and Create Release	Build Android Release APK	2026-09-30T21:02:12.3074644Z > Task :react-native-screens:bundleReleaseAar
Build APK and Create Release	Build Android Release APK	2026-09-30T21:02:12.3133765Z > Task :react-native-screens:mapReleaseSourceSetPaths
Build APK and Create Release	Build Android Release APK	2026-09-30T21:02:14.0063717Z > Task :react-native-reanimated:bundleReleaseLocalLintAar
Build APK and Create Release	Build Android Release APK	2026-09-30T21:02:15.0093986Z > Task :react-native-gesture-handler:buildCMakeRelWithDebInfo[armeabi-v7a]
Build APK and Create Release	Build Android Release APK	2026-09-30T21:02:15.8074719Z > Task :react-native-screens:mergeReleaseResources
Build APK and Create Release	Build Android Release APK	2026-09-30T21:02:17.2097368Z > Task :react-native-reanimated:lintVitalAnalyzeRelease SKIPPED
Build APK and Create Release	Build Android Release APK	2026-09-30T21:02:17.3053950Z > Task :react-native-reanimated:generateReleaseLintVitalModel
Build APK and Create Release	Build Android Release APK	2026-09-30T21:02:22.9047323Z > Task :react-native-gesture-handler:buildCMakeRelWithDebInfo[x86]
Build APK and Create Release	Build Android Release APK	2026-09-30T21:02:24.3073675Z > Task :app:buildCMakeRelWithDebInfo[arm64-v8a]
Build APK and Create Release	Build Android Release APK	2026-09-30T21:02:25.3063678Z > Task :react-native-screens:verifyReleaseResources
Build APK and Create Release	Build Android Release APK	2026-09-30T21:02:25.4063684Z > Task :react-native-screens:assembleRelease
Build APK and Create Release	Build Android Release APK	2026-09-30T21:02:25.4123344Z > Task :react-native-svg:bundleReleaseAar
Build APK and Create Release	Build Android Release APK	2026-09-30T21:02:25.5073688Z > Task :react-native-svg:mapReleaseSourceSetPaths
Build APK and Create Release	Build Android Release APK	2026-09-30T21:02:27.2053649Z > Task :react-native-svg:mergeReleaseResources
Build APK and Create Release	Build Android Release APK	2026-09-30T21:02:30.2093605Z > Task :react-native-svg:verifyReleaseResources
Build APK and Create Release	Build Android Release APK	2026-09-30T21:02:30.2133370Z > Task :react-native-svg:assembleRelease
Build APK and Create Release	Build Android Release APK	2026-09-30T21:02:30.2203333Z > Task :react-native-webview:bundleReleaseAar
Build APK and Create Release	Build Android Release APK	2026-09-30T21:02:30.2293297Z > Task :react-native-webview:mapReleaseSourceSetPaths
Build APK and Create Release	Build Android Release APK	2026-09-30T21:02:31.4053679Z > Task :react-native-webview:mergeReleaseResources
Build APK and Create Release	Build Android Release APK	2026-09-30T21:02:32.8080828Z > Task :react-native-gesture-handler:buildCMakeRelWithDebInfo[x86_64]
Build APK and Create Release	Build Android Release APK	2026-09-30T21:02:32.8133535Z > Task :react-native-gesture-handler:mergeReleaseNativeLibs
Build APK and Create Release	Build Android Release APK	2026-09-30T21:02:32.9103801Z > Task :react-native-gesture-handler:copyReleaseJniLibsProjectOnly
Build APK and Create Release	Build Android Release APK	2026-09-30T21:02:34.2053209Z > Task :react-native-webview:verifyReleaseResources
Build APK and Create Release	Build Android Release APK	2026-09-30T21:02:34.4083764Z > Task :react-native-gesture-handler:stripReleaseDebugSymbols
Build APK and Create Release	Build Android Release APK	2026-09-30T21:02:34.4113639Z > Task :react-native-gesture-handler:copyReleaseJniLibsProjectAndLocalJars
Build APK and Create Release	Build Android Release APK	2026-09-30T21:02:34.4203293Z > Task :react-native-webview:assembleRelease
Build APK and Create Release	Build Android Release APK	2026-09-30T21:02:35.5063618Z > Task :react-native-reanimated:bundleReleaseAar
Build APK and Create Release	Build Android Release APK	2026-09-30T21:02:39.8053812Z > Task :react-native-reanimated:verifyReleaseResources
Build APK and Create Release	Build Android Release APK	2026-09-30T21:02:39.8123402Z > Task :react-native-reanimated:assembleRelease
Build APK and Create Release	Build Android Release APK	2026-09-30T21:02:40.7073840Z > Task :react-native-worklets:bundleReleaseAar
Build APK and Create Release	Build Android Release APK	2026-09-30T21:02:40.7163582Z > Task :react-native-worklets:mapReleaseSourceSetPaths
Build APK and Create Release	Build Android Release APK	2026-09-30T21:02:41.5093677Z > Task :react-native-worklets:mergeReleaseResources
Build APK and Create Release	Build Android Release APK	2026-09-30T21:02:43.6093641Z > Task :react-native-worklets:verifyReleaseResources
Build APK and Create Release	Build Android Release APK	2026-09-30T21:02:43.6103593Z > Task :react-native-worklets:assembleRelease
Build APK and Create Release	Build Android Release APK	2026-09-30T21:02:45.7057918Z 
Build APK and Create Release	Build Android Release APK	2026-09-30T21:02:45.7135008Z > Task :react-native-gesture-handler:compileReleaseKotlin
Build APK and Create Release	Build Android Release APK	2026-09-30T21:02:45.7195736Z w: file:///home/runner/work/smart-parking-app/smart-parking-app/node_modules/react-native-gesture-handler/android/src/main/java/com/swmansion/gesturehandler/react/Extensions.kt:8:8 'class UIManagerModule : ReactContextBaseJavaModule, LifecycleEventListener, UIManager' is deprecated. Deprecated in Java.
Build APK and Create Release	Build Android Release APK	2026-09-30T21:02:45.7237837Z w: file:///home/runner/work/smart-parking-app/smart-parking-app/node_modules/react-native-gesture-handler/android/src/main/java/com/swmansion/gesturehandler/react/Extensions.kt:13:29 'class UIManagerModule : ReactContextBaseJavaModule, LifecycleEventListener, UIManager' is deprecated. Deprecated in Java.
Build APK and Create Release	Build Android Release APK	2026-09-30T21:02:45.7315598Z w: file:///home/runner/work/smart-parking-app/smart-parking-app/node_modules/react-native-gesture-handler/android/src/main/java/com/swmansion/gesturehandler/react/Extensions.kt:14:32 'class UIManagerModule : ReactContextBaseJavaModule, LifecycleEventListener, UIManager' is deprecated. Deprecated in Java.
Build APK and Create Release	Build Android Release APK	2026-09-30T21:02:46.5061475Z 
Build APK and Create Release	Build Android Release APK	2026-09-30T21:02:46.5103896Z > Task :react-native-gesture-handler:compileReleaseJavaWithJavac
Build APK and Create Release	Build Android Release APK	2026-09-30T21:02:46.5163640Z > Task :react-native-gesture-handler:bundleLibCompileToJarRelease
Build APK and Create Release	Build Android Release APK	2026-09-30T21:02:46.5203609Z > Task :react-native-gesture-handler:bundleLibRuntimeToJarRelease
Build APK and Create Release	Build Android Release APK	2026-09-30T21:02:46.6063350Z > Task :react-native-gesture-handler:processReleaseJavaRes
Build APK and Create Release	Build Android Release APK	2026-09-30T21:02:46.7094013Z > Task :react-native-gesture-handler:bundleLibRuntimeToDirRelease
Build APK and Create Release	Build Android Release APK	2026-09-30T21:02:46.7213765Z > Task :react-native-gesture-handler:createFullJarRelease
Build APK and Create Release	Build Android Release APK	2026-09-30T21:02:46.8063825Z > Task :react-native-gesture-handler:generateReleaseLintModel
Build APK and Create Release	Build Android Release APK	2026-09-30T21:02:46.8123622Z > Task :react-native-gesture-handler:extractReleaseAnnotations
Build APK and Create Release	Build Android Release APK	2026-09-30T21:02:46.9073890Z > Task :react-native-gesture-handler:mergeReleaseGeneratedProguardFiles
Build APK and Create Release	Build Android Release APK	2026-09-30T21:02:46.9153852Z > Task :react-native-gesture-handler:mergeReleaseConsumerProguardFiles
Build APK and Create Release	Build Android Release APK	2026-09-30T21:02:47.0073788Z > Task :react-native-gesture-handler:mergeReleaseJavaResource
Build APK and Create Release	Build Android Release APK	2026-09-30T21:02:47.1093786Z > Task :react-native-gesture-handler:syncReleaseLibJars
Build APK and Create Release	Build Android Release APK	2026-09-30T21:02:47.1175193Z > Task :react-native-gesture-handler:bundleReleaseLocalLintAar
Build APK and Create Release	Build Android Release APK	2026-09-30T21:02:48.0046840Z > Task :react-native-gesture-handler:generateReleaseLintVitalModel
Build APK and Create Release	Build Android Release APK	2026-09-30T21:02:48.1074775Z > Task :react-native-gesture-handler:bundleReleaseAar
Build APK and Create Release	Build Android Release APK	2026-09-30T21:02:48.1133633Z > Task :react-native-gesture-handler:assembleRelease
Build APK and Create Release	Build Android Release APK	2026-09-30T21:03:11.8103985Z > Task :react-native-gesture-handler:lintVitalAnalyzeRelease
Build APK and Create Release	Build Android Release APK	2026-09-30T21:05:03.1063738Z > Task :app:buildCMakeRelWithDebInfo[armeabi-v7a]
Build APK and Create Release	Build Android Release APK	2026-09-30T21:07:03.0046862Z > Task :app:buildCMakeRelWithDebInfo[x86]
Build APK and Create Release	Build Android Release APK	2026-09-30T21:09:03.6073953Z > Task :app:buildCMakeRelWithDebInfo[x86_64]
Build APK and Create Release	Build Android Release APK	2026-09-30T21:10:36.8053744Z > Task :app:compileReleaseKotlin
Build APK and Create Release	Build Android Release APK	2026-09-30T21:10:37.4046812Z > Task :app:compileReleaseJavaWithJavac
Build APK and Create Release	Build Android Release APK	2026-09-30T21:10:38.2073719Z > Task :app:dexBuilderRelease
Build APK and Create Release	Build Android Release APK	2026-09-30T21:10:41.8073578Z > Task :app:mergeReleaseNativeLibs
Build APK and Create Release	Build Android Release APK	2026-09-30T21:10:42.1073658Z > Task :app:mergeReleaseGlobalSynthetics
Build APK and Create Release	Build Android Release APK	2026-09-30T21:10:42.3053761Z > Task :app:generateReleaseLintVitalReportModel
Build APK and Create Release	Build Android Release APK	2026-09-30T21:10:43.1083806Z > Task :app:processReleaseJavaRes
Build APK and Create Release	Build Android Release APK	2026-09-30T21:10:44.2092803Z > Task :app:stripReleaseDebugSymbols
Build APK and Create Release	Build Android Release APK	2026-09-30T21:10:46.3071128Z > Task :app:lintVitalAnalyzeRelease
Build APK and Create Release	Build Android Release APK	2026-09-30T21:10:49.0046708Z > Task :app:extractReleaseNativeSymbolTables
Build APK and Create Release	Build Android Release APK	2026-09-30T21:10:49.0052930Z > Task :app:mergeDexRelease
Build APK and Create Release	Build Android Release APK	2026-09-30T21:10:49.0082932Z > Task :app:lintVitalReportRelease
Build APK and Create Release	Build Android Release APK	2026-09-30T21:10:49.1053459Z > Task :app:lintVitalRelease
Build APK and Create Release	Build Android Release APK	2026-09-30T21:10:51.0046641Z > Task :app:mergeReleaseJavaResource
Build APK and Create Release	Build Android Release APK	2026-09-30T21:10:51.4073638Z > Task :app:compileReleaseArtProfile
Build APK and Create Release	Build Android Release APK	2026-09-30T21:10:52.8093405Z > Task :app:packageRelease FAILED
Build APK and Create Release	Build Android Release APK	2026-09-30T21:10:54.2046929Z > Task :app:mergeReleaseNativeDebugMetadata
Build APK and Create Release	Build Android Release APK	2026-09-30T21:10:54.3054496Z 
Build APK and Create Release	Build Android Release APK	2026-09-30T21:10:54.3072899Z 
Build APK and Create Release	Build Android Release APK	2026-09-30T21:10:54.3073741Z FAILURE: Build failed with an exception.
Build APK and Create Release	Build Android Release APK	2026-09-30T21:10:54.3104069Z [Incubating] Problems report is available at: file:///home/runner/work/smart-parking-app/smart-parking-app/android/build/reports/problems/problems-report.html
Build APK and Create Release	Build Android Release APK	2026-09-30T21:10:54.3105452Z 
Build APK and Create Release	Build Android Release APK	2026-09-30T21:10:54.3112799Z 
Build APK and Create Release	Build Android Release APK	2026-09-30T21:10:54.3132967Z * What went wrong:
Build APK and Create Release	Build Android Release APK	2026-09-30T21:10:54.3143141Z Execution failed for task ':app:packageRelease'.
Build APK and Create Release	Build Android Release APK	2026-09-30T21:10:54.3144166Z Deprecated Gradle features were used in this build, making it incompatible with Gradle 10.
Build APK and Create Release	Build Android Release APK	2026-09-30T21:10:54.3162671Z 
Build APK and Create Release	Build Android Release APK	2026-09-30T21:10:54.3174839Z > A failure occurred while executing com.android.build.gradle.tasks.PackageAndroidArtifact$IncrementalSplitterRunnable
Build APK and Create Release	Build Android Release APK	2026-09-30T21:10:54.3176894Z You can use '--warning-mode all' to show the individual deprecation warnings and determine if they come from your own scripts or plugins.
Build APK and Create Release	Build Android Release APK	2026-09-30T21:10:54.3192798Z 
Build APK and Create Release	Build Android Release APK	2026-09-30T21:10:54.3202749Z 
Build APK and Create Release	Build Android Release APK	2026-09-30T21:10:54.3212957Z * Try:
Build APK and Create Release	Build Android Release APK	2026-09-30T21:10:54.3213531Z > Run with --stacktrace option to get the stack trace.
Build APK and Create Release	Build Android Release APK	2026-09-30T21:10:54.3214260Z > Run with --info or --debug option to get more log output.
Build APK and Create Release	Build Android Release APK	2026-09-30T21:10:54.3215134Z > Run with --scan to get full insights from a Build Scan (powered by Develocity).
Build APK and Create Release	Build Android Release APK	2026-09-30T21:10:54.3215901Z > Get more help at https://help.gradle.org.
Build APK and Create Release	Build Android Release APK	2026-09-30T21:10:54.3216233Z 
Build APK and Create Release	Build Android Release APK	2026-09-30T21:10:54.3216413Z BUILD FAILED in 25m 52s
Build APK and Create Release	Build Android Release APK	2026-09-30T21:10:54.3217691Z For more on this, please refer to https://docs.gradle.org/9.3.1/userguide/command_line_interface.html#sec:command_line_warnings in the Gradle documentation.
Build APK and Create Release	Build Android Release APK	2026-09-30T21:10:54.3233685Z 780 actionable tasks: 780 executed
Build APK and Create Release	Build Android Release APK	2026-09-30T21:10:55.0095824Z ##[error]Process completed with exit code 1.
Build APK and Create Release	Post Setup Java	﻿2026-09-30T21:10:55.0286499Z Post job cleanup.
Build APK and Create Release	Post Setup Java	2026-09-30T21:10:55.2785909Z (node:8358) [DEP0040] DeprecationWarning: The `punycode` module is deprecated. Please use a userland alternative instead.
Build APK and Create Release	Post Setup Java	2026-09-30T21:10:55.2786819Z (Use `node --trace-deprecation ...` to show where the warning was created)
Build APK and Create Release	Post Checkout repository	﻿2026-09-30T21:10:55.3003376Z Post job cleanup.
Build APK and Create Release	Post Checkout repository	2026-09-30T21:10:55.4403246Z [command]/usr/bin/git version
Build APK and Create Release	Post Checkout repository	2026-09-30T21:10:55.4710615Z git version 2.55.0
Build APK and Create Release	Post Checkout repository	2026-09-30T21:10:55.4718909Z Temporarily overriding HOME='/home/runner/work/_temp/b2f9019e-1b54-430f-b159-370b7b9670db' before making global git config changes
Build APK and Create Release	Post Checkout repository	2026-09-30T21:10:55.4720481Z Adding repository directory to the temporary git global config as a safe directory
Build APK and Create Release	Post Checkout repository	2026-09-30T21:10:55.4722023Z [command]/usr/bin/git config --global --add safe.directory /home/runner/work/smart-parking-app/smart-parking-app
Build APK and Create Release	Post Checkout repository	2026-09-30T21:10:55.4724626Z [command]/usr/bin/git config --local --name-only --get-regexp core\.sshCommand
Build APK and Create Release	Post Checkout repository	2026-09-30T21:10:55.4730117Z [command]/usr/bin/git submodule foreach --recursive sh -c "git config --local --name-only --get-regexp 'core\.sshCommand' && git config --local --unset-all 'core.sshCommand' || :"
Build APK and Create Release	Post Checkout repository	2026-09-30T21:10:55.4988775Z [command]/usr/bin/git config --local --name-only --get-regexp http\.https\:\/\/github\.com\/\.extraheader
Build APK and Create Release	Post Checkout repository	2026-09-30T21:10:55.4999516Z http.https://github.com/.extraheader
Build APK and Create Release	Post Checkout repository	2026-09-30T21:10:55.5013418Z [command]/usr/bin/git config --local --unset-all http.https://github.com/.extraheader
Build APK and Create Release	Post Checkout repository	2026-09-30T21:10:55.5053476Z [command]/usr/bin/git submodule foreach --recursive sh -c "git config --local --name-only --get-regexp 'http\.https\:\/\/github\.com\/\.extraheader' && git config --local --unset-all 'http.https://github.com/.extraheader' || :"
Build APK and Create Release	Post Checkout repository	2026-09-30T21:10:55.5309900Z [command]/usr/bin/git config --local --name-only --get-regexp ^includeIf\.gitdir:
Build APK and Create Release	Post Checkout repository	2026-09-30T21:10:55.5356398Z [command]/usr/bin/git submodule foreach --recursive git config --local --show-origin --name-only --get-regexp remote.origin.url
Build APK and Create Release	Complete job	﻿2026-09-30T21:10:55.5834442Z Cleaning up orphan processes
Build APK and Create Release	Complete job	2026-09-30T21:10:55.6312167Z Terminate orphan process: pid (2698) (java)
Build APK and Create Release	Complete job	2026-09-30T21:10:55.6369126Z ##[warning]Node.js 20 is deprecated. The following actions target Node.js 20 but are being forced to run on Node.js 24: actions/checkout@v4, actions/setup-java@v3, actions/setup-node@v3. For more information see: https://github.blog/changelog/2025-09-19-deprecation-of-node-20-on-github-actions-runners/
